Archive member included to satisfy reference by file (symbol)

c:/program files/st/stm32cubeide/stm32cubeide/plugins/com.st.stm32cube.ide.mcu.externaltools.gnu-tools-for-stm32.10.3-2021.10.win32_1.0.0.202111181127/tools/bin/../lib/gcc/arm-none-eabi/10.3.1/../../../../arm-none-eabi/lib/thumb/v7e-m+fp/hard\libc_nano.a(lib_a-errno.o)
                              ./Core/Src/syscalls.o (__errno)
c:/program files/st/stm32cubeide/stm32cubeide/plugins/com.st.stm32cube.ide.mcu.externaltools.gnu-tools-for-stm32.10.3-2021.10.win32_1.0.0.202111181127/tools/bin/../lib/gcc/arm-none-eabi/10.3.1/../../../../arm-none-eabi/lib/thumb/v7e-m+fp/hard\libc_nano.a(lib_a-exit.o)
                              c:/program files/st/stm32cubeide/stm32cubeide/plugins/com.st.stm32cube.ide.mcu.externaltools.gnu-tools-for-stm32.10.3-2021.10.win32_1.0.0.202111181127/tools/bin/../lib/gcc/arm-none-eabi/10.3.1/../../../../arm-none-eabi/lib/thumb/v7e-m+fp/hard/crt0.o (exit)
c:/program files/st/stm32cubeide/stm32cubeide/plugins/com.st.stm32cube.ide.mcu.externaltools.gnu-tools-for-stm32.10.3-2021.10.win32_1.0.0.202111181127/tools/bin/../lib/gcc/arm-none-eabi/10.3.1/../../../../arm-none-eabi/lib/thumb/v7e-m+fp/hard\libc_nano.a(lib_a-findfp.o)
                              ./Middlewares/Third_Party/FreeRTOS/Source/tasks.o (__sf_fake_stderr)
c:/program files/st/stm32cubeide/stm32cubeide/plugins/com.st.stm32cube.ide.mcu.externaltools.gnu-tools-for-stm32.10.3-2021.10.win32_1.0.0.202111181127/tools/bin/../lib/gcc/arm-none-eabi/10.3.1/../../../../arm-none-eabi/lib/thumb/v7e-m+fp/hard\libc_nano.a(lib_a-fwalk.o)
                              c:/program files/st/stm32cubeide/stm32cubeide/plugins/com.st.stm32cube.ide.mcu.externaltools.gnu-tools-for-stm32.10.3-2021.10.win32_1.0.0.202111181127/tools/bin/../lib/gcc/arm-none-eabi/10.3.1/../../../../arm-none-eabi/lib/thumb/v7e-m+fp/hard\libc_nano.a(lib_a-findfp.o) (_fwalk)
c:/program files/st/stm32cubeide/stm32cubeide/plugins/com.st.stm32cube.ide.mcu.externaltools.gnu-tools-for-stm32.10.3-2021.10.win32_1.0.0.202111181127/tools/bin/../lib/gcc/arm-none-eabi/10.3.1/../../../../arm-none-eabi/lib/thumb/v7e-m+fp/hard\libc_nano.a(lib_a-impure.o)
                              c:/program files/st/stm32cubeide/stm32cubeide/plugins/com.st.stm32cube.ide.mcu.externaltools.gnu-tools-for-stm32.10.3-2021.10.win32_1.0.0.202111181127/tools/bin/../lib/gcc/arm-none-eabi/10.3.1/../../../../arm-none-eabi/lib/thumb/v7e-m+fp/hard\libc_nano.a(lib_a-exit.o) (_global_impure_ptr)
c:/program files/st/stm32cubeide/stm32cubeide/plugins/com.st.stm32cube.ide.mcu.externaltools.gnu-tools-for-stm32.10.3-2021.10.win32_1.0.0.202111181127/tools/bin/../lib/gcc/arm-none-eabi/10.3.1/../../../../arm-none-eabi/lib/thumb/v7e-m+fp/hard\libc_nano.a(lib_a-init.o)
                              c:/program files/st/stm32cubeide/stm32cubeide/plugins/com.st.stm32cube.ide.mcu.externaltools.gnu-tools-for-stm32.10.3-2021.10.win32_1.0.0.202111181127/tools/bin/../lib/gcc/arm-none-eabi/10.3.1/../../../../arm-none-eabi/lib/thumb/v7e-m+fp/hard/crt0.o (__libc_init_array)
c:/program files/st/stm32cubeide/stm32cubeide/plugins/com.st.stm32cube.ide.mcu.externaltools.gnu-tools-for-stm32.10.3-2021.10.win32_1.0.0.202111181127/tools/bin/../lib/gcc/arm-none-eabi/10.3.1/../../../../arm-none-eabi/lib/thumb/v7e-m+fp/hard\libc_nano.a(lib_a-lock.o)
                              c:/program files/st/stm32cubeide/stm32cubeide/plugins/com.st.stm32cube.ide.mcu.externaltools.gnu-tools-for-stm32.10.3-2021.10.win32_1.0.0.202111181127/tools/bin/../lib/gcc/arm-none-eabi/10.3.1/../../../../arm-none-eabi/lib/thumb/v7e-m+fp/hard\libc_nano.a(lib_a-findfp.o) (__retarget_lock_init_recursive)
c:/program files/st/stm32cubeide/stm32cubeide/plugins/com.st.stm32cube.ide.mcu.externaltools.gnu-tools-for-stm32.10.3-2021.10.win32_1.0.0.202111181127/tools/bin/../lib/gcc/arm-none-eabi/10.3.1/../../../../arm-none-eabi/lib/thumb/v7e-m+fp/hard\libc_nano.a(lib_a-malloc.o)
                              ./Core/Src/pdm_driver_pwm.o (malloc)
c:/program files/st/stm32cubeide/stm32cubeide/plugins/com.st.stm32cube.ide.mcu.externaltools.gnu-tools-for-stm32.10.3-2021.10.win32_1.0.0.202111181127/tools/bin/../lib/gcc/arm-none-eabi/10.3.1/../../../../arm-none-eabi/lib/thumb/v7e-m+fp/hard\libc_nano.a(lib_a-memcpy-stub.o)
                              ./Middlewares/Third_Party/FreeRTOS/Source/CMSIS_RTOS_V2/cmsis_os2.o (memcpy)
c:/program files/st/stm32cubeide/stm32cubeide/plugins/com.st.stm32cube.ide.mcu.externaltools.gnu-tools-for-stm32.10.3-2021.10.win32_1.0.0.202111181127/tools/bin/../lib/gcc/arm-none-eabi/10.3.1/../../../../arm-none-eabi/lib/thumb/v7e-m+fp/hard\libc_nano.a(lib_a-memset.o)
                              c:/program files/st/stm32cubeide/stm32cubeide/plugins/com.st.stm32cube.ide.mcu.externaltools.gnu-tools-for-stm32.10.3-2021.10.win32_1.0.0.202111181127/tools/bin/../lib/gcc/arm-none-eabi/10.3.1/../../../../arm-none-eabi/lib/thumb/v7e-m+fp/hard/crt0.o (memset)
[...]
Memory Configuration

Name             Origin             Length             Attributes
RAM              0x0000000020000000 0x0000000000020000 xrw
FLASH            0x0000000008000000 0x0000000000080000 xr
*default*        0x0000000000000000 0xffffffffffffffff

Linker script and memory map

LOAD c:/program files/st/stm32cubeide/stm32cubeide/plugins/com.st.stm32cube.ide.mcu.externaltools.gnu-tools-for-stm32.10.3-2021.10.win32_1.0.0.202111181127/tools/bin/../lib/gcc/arm-none-eabi/10.3.1/thumb/v7e-m+fp/hard/crti.o
LOAD c:/program files/st/stm32cubeide/stm32cubeide/plugins/com.st.stm32cube.ide.mcu.externaltools.gnu-tools-for-stm32.10.3-2021.10.win32_1.0.0.202111181127/tools/bin/../lib/gcc/arm-none-eabi/10.3.1/thumb/v7e-m+fp/hard/crtbegin.o
LOAD c:/program files/st/stm32cubeide/stm32cubeide/plugins/com.st.stm32cube.ide.mcu.externaltools.gnu-tools-for-stm32.10.3-2021.10.win32_1.0.0.202111181127/tools/bin/../lib/gcc/arm-none-eabi/10.3.1/../../../../arm-none-eabi/lib/thumb/v7e-m+fp/hard/crt0.o
LOAD ./Core/Src/freertos.o
LOAD ./Core/Src/main.o
LOAD ./Core/Src/pdm_can.o
LOAD ./Core/Src/pdm_config.o
LOAD ./Core/Src/pdm_driver_control.o
LOAD ./Core/Src/pdm_driver_pwm.o
LOAD ./Core/Src/pdm_interrupts.o
LOAD ./Core/Src/pdm_readings.o
LOAD ./Core/Src/pdm_threads.o
LOAD ./Core/Src/pdm_variables.o
LOAD ./Core/Src/stm32f4xx_hal_msp.o
LOAD ./Core/Src/stm32f4xx_hal_timebase_tim.o
LOAD ./Core/Src/stm32f4xx_it.o
LOAD ./Core/Src/syscalls.o
LOAD ./Core/Src/sysmem.o
LOAD ./Core/Src/system_stm32f4xx.o
LOAD ./Core/Startup/startup_stm32f446zetx.o
LOAD ./Drivers/STM32F4xx_HAL_Driver/Src/stm32f4xx_hal.o
LOAD ./Drivers/STM32F4xx_HAL_Driver/Src/stm32f4xx_hal_adc.o
LOAD ./Drivers/STM32F4xx_HAL_Driver/Src/stm32f4xx_hal_adc_ex.o
LOAD ./Drivers/STM32F4xx_HAL_Driver/Src/stm32f4xx_hal_can.o
LOAD ./Drivers/STM32F4xx_HAL_Driver/Src/stm32f4xx_hal_cortex.o
LOAD ./Drivers/STM32F4xx_HAL_Driver/Src/stm32f4xx_hal_crc.o
LOAD ./Drivers/STM32F4xx_HAL_Driver/Src/stm32f4xx_hal_dma.o
LOAD ./Drivers/STM32F4xx_HAL_Driver/Src/stm32f4xx_hal_dma_ex.o
LOAD ./Drivers/STM32F4xx_HAL_Driver/Src/stm32f4xx_hal_exti.o
LOAD ./Drivers/STM32F4xx_HAL_Driver/Src/stm32f4xx_hal_flash.o
LOAD ./Drivers/STM32F4xx_HAL_Driver/Src/stm32f4xx_hal_flash_ex.o
LOAD ./Drivers/STM32F4xx_HAL_Driver/Src/stm32f4xx_hal_flash_ramfunc.o
LOAD ./Drivers/STM32F4xx_HAL_Driver/Src/stm32f4xx_hal_gpio.o
LOAD ./Drivers/STM32F4xx_HAL_Driver/Src/stm32f4xx_hal_i2c.o
LOAD ./Drivers/STM32F4xx_HAL_Driver/Src/stm32f4xx_hal_i2c_ex.o
LOAD ./Drivers/STM32F4xx_HAL_Driver/Src/stm32f4xx_hal_pcd.o
LOAD ./Drivers/STM32F4xx_HAL_Driver/Src/stm32f4xx_hal_pcd_ex.o
LOAD ./Drivers/STM32F4xx_HAL_Driver/Src/stm32f4xx_hal_pwr.o
LOAD ./Drivers/STM32F4xx_HAL_Driver/Src/stm32f4xx_hal_pwr_ex.o
LOAD ./Drivers/STM32F4xx_HAL_Driver/Src/stm32f4xx_hal_rcc.o
LOAD ./Drivers/STM32F4xx_HAL_Driver/Src/stm32f4xx_hal_rcc_ex.o
LOAD ./Drivers/STM32F4xx_HAL_Driver/Src/stm32f4xx_hal_tim.o
LOAD ./Drivers/STM32F4xx_HAL_Driver/Src/stm32f4xx_hal_tim_ex.o
LOAD ./Drivers/STM32F4xx_HAL_Driver/Src/stm32f4xx_ll_adc.o
LOAD ./Drivers/STM32F4xx_HAL_Driver/Src/stm32f4xx_ll_usb.o
LOAD ./Middlewares/ST/STM32_USB_Device_Library/Class/CDC/Src/usbd_cdc.o
LOAD ./Middlewares/ST/STM32_USB_Device_Library/Core/Src/usbd_core.o
LOAD ./Middlewares/ST/STM32_USB_Device_Library/Core/Src/usbd_ctlreq.o
LOAD ./Middlewares/ST/STM32_USB_Device_Library/Core/Src/usbd_ioreq.o
LOAD ./Middlewares/Third_Party/FreeRTOS/Source/CMSIS_RTOS_V2/cmsis_os2.o
LOAD ./Middlewares/Third_Party/FreeRTOS/Source/croutine.o
LOAD ./Middlewares/Third_Party/FreeRTOS/Source/event_groups.o
LOAD ./Middlewares/Third_Party/FreeRTOS/Source/list.o
LOAD ./Middlewares/Third_Party/FreeRTOS/Source/queue.o
LOAD ./Middlewares/Third_Party/FreeRTOS/Source/stream_buffer.o
LOAD ./Middlewares/Third_Party/FreeRTOS/Source/tasks.o
LOAD ./Middlewares/Third_Party/FreeRTOS/Source/timers.o
LOAD ./Middlewares/Third_Party/FreeRTOS/Source/portable/GCC/ARM_CM4F/port.o
LOAD ./Middlewares/Third_Party/FreeRTOS/Source/portable/MemMang/heap_4.o
LOAD ./USB_DEVICE/App/usb_device.o
LOAD ./USB_DEVICE/App/usbd_cdc_if.o
LOAD ./USB_DEVICE/App/usbd_desc.o
LOAD ./USB_DEVICE/Target/usbd_conf.o
START GROUP
LOAD c:/program files/st/stm32cubeide/stm32cubeide/plugins/com.st.stm32cube.ide.mcu.externaltools.gnu-tools-for-stm32.10.3-2021.10.win32_1.0.0.202111181127/tools/bin/../lib/gcc/arm-none-eabi/10.3.1/../../../../arm-none-eabi/lib/thumb/v7e-m+fp/hard\libc_nano.a
LOAD c:/program files/st/stm32cubeide/stm32cubeide/plugins/com.st.stm32cube.ide.mcu.externaltools.gnu-tools-for-stm32.10.3-2021.10.win32_1.0.0.202111181127/tools/bin/../lib/gcc/arm-none-eabi/10.3.1/../../../../arm-none-eabi/lib/thumb/v7e-m+fp/hard\libm.a
END GROUP
START GROUP
LOAD c:/program files/st/stm32cubeide/stm32cubeide/plugins/com.st.stm32cube.ide.mcu.externaltools.gnu-tools-for-stm32.10.3-2021.10.win32_1.0.0.202111181127/tools/bin/../lib/gcc/arm-none-eabi/10.3.1/thumb/v7e-m+fp/hard\libgcc.a
LOAD c:/program files/st/stm32cubeide/stm32cubeide/plugins/com.st.stm32cube.ide.mcu.externaltools.gnu-tools-for-stm32.10.3-2021.10.win32_1.0.0.202111181127/tools/bin/../lib/gcc/arm-none-eabi/10.3.1/../../../../arm-none-eabi/lib/thumb/v7e-m+fp/hard\libc_nano.a
END GROUP
START GROUP
LOAD c:/program files/st/stm32cubeide/stm32cubeide/plugins/com.st.stm32cube.ide.mcu.externaltools.gnu-tools-for-stm32.10.3-2021.10.win32_1.0.0.202111181127/tools/bin/../lib/gcc/arm-none-eabi/10.3.1/thumb/v7e-m+fp/hard\libgcc.a
LOAD c:/program files/st/stm32cubeide/stm32cubeide/plugins/com.st.stm32cube.ide.mcu.externaltools.gnu-tools-for-stm32.10.3-2021.10.win32_1.0.0.202111181127/tools/bin/../lib/gcc/arm-none-eabi/10.3.1/../../../../arm-none-eabi/lib/thumb/v7e-m+fp/hard\libc_nano.a
LOAD c:/program files/st/stm32cubeide/stm32cubeide/plugins/com.st.stm32cube.ide.mcu.externaltools.gnu-tools-for-stm32.10.3-2021.10.win32_1.0.0.202111181127/tools/bin/../lib/gcc/arm-none-eabi/10.3.1/../../../../arm-none-eabi/lib/thumb/v7e-m+fp/hard\libnosys.a
END GROUP
START GROUP
LOAD c:/program files/st/stm32cubeide/stm32cubeide/plugins/com.st.stm32cube.ide.mcu.externaltools.gnu-tools-for-stm32.10.3-2021.10.win32_1.0.0.202111181127/tools/bin/../lib/gcc/arm-none-eabi/10.3.1/thumb/v7e-m+fp/hard\libgcc.a
LOAD c:/program files/st/stm32cubeide/stm32cubeide/plugins/com.st.stm32cube.ide.mcu.externaltools.gnu-tools-for-stm32.10.3-2021.10.win32_1.0.0.202111181127/tools/bin/../lib/gcc/arm-none-eabi/10.3.1/../../../../arm-none-eabi/lib/thumb/v7e-m+fp/hard\libc_nano.a
LOAD c:/program files/st/stm32cubeide/stm32cubeide/plugins/com.st.stm32cube.ide.mcu.externaltools.gnu-tools-for-stm32.10.3-2021.10.win32_1.0.0.202111181127/tools/bin/../lib/gcc/arm-none-eabi/10.3.1/../../../../arm-none-eabi/lib/thumb/v7e-m+fp/hard\libnosys.a
END GROUP
LOAD c:/program files/st/stm32cubeide/stm32cubeide/plugins/com.st.stm32cube.ide.mcu.externaltools.gnu-tools-for-stm32.10.3-2021.10.win32_1.0.0.202111181127/tools/bin/../lib/gcc/arm-none-eabi/10.3.1/thumb/v7e-m+fp/hard/crtend.o
LOAD c:/program files/st/stm32cubeide/stm32cubeide/plugins/com.st.stm32cube.ide.mcu.externaltools.gnu-tools-for-stm32.10.3-2021.10.win32_1.0.0.202111181127/tools/bin/../lib/gcc/arm-none-eabi/10.3.1/thumb/v7e-m+fp/hard/crtn.o
                0x0000000020020000                _estack = (ORIGIN (RAM) + LENGTH (RAM))
                0x0000000000007fff                _Min_Heap_Size = 0x7fff
                0x0000000000004000                _Min_Stack_Size = 0x4000

.isr_vector     0x0000000008000000      0x1c4
                0x0000000008000000                . = ALIGN (0x4)
 *(.isr_vector)
 .isr_vector    0x0000000008000000      0x1c4 ./Core/Startup/startup_stm32f446zetx.o
                0x0000000008000000                g_pfnVectors
                0x00000000080001c4                . = ALIGN (0x4)

.text           0x00000000080001d0    0x10a5c
                0x00000000080001d0                . = ALIGN (0x4)
 *(.text)
 .text          0x00000000080001d0       0x40 c:/program files/st/stm32cubeide/stm32cubeide/plugins/com.st.stm32cube.ide.mcu.externaltools.gnu-tools-for-stm32.10.3-2021.10.win32_1.0.0.202111181127/tools/bin/../lib/gcc/arm-none-eabi/10.3.1/thumb/v7e-m+fp/hard/crtbegin.o
 .text          0x0000000008000210       0x30 c:/program files/st/stm32cubeide/stm32cubeide/plugins/com.st.stm32cube.ide.mcu.externaltools.gnu-tools-for-stm32.10.3-2021.10.win32_1.0.0.202111181127/tools/bin/../lib/gcc/arm-none-eabi/10.3.1/thumb/v7e-m+fp/hard\libgcc.a(_aeabi_uldivmod.o)
                0x0000000008000210                __aeabi_uldivmod
 .text          0x0000000008000240      0x2d0 c:/program files/st/stm32cubeide/stm32cubeide/plugins/com.st.stm32cube.ide.mcu.externaltools.gnu-tools-for-stm32.10.3-2021.10.win32_1.0.0.202111181127/tools/bin/../lib/gcc/arm-none-eabi/10.3.1/thumb/v7e-m+fp/hard\libgcc.a(_udivmoddi4.o)
                0x0000000008000240                __udivmoddi4
 .text          0x0000000008000510        0x4 c:/program files/st/stm32cubeide/stm32cubeide/plugins/com.st.stm32cube.ide.mcu.externaltools.gnu-tools-for-stm32.10.3-2021.10.win32_1.0.0.202111181127/tools/bin/../lib/gcc/arm-none-eabi/10.3.1/thumb/v7e-m+fp/hard\libgcc.a(_dvmd_tls.o)
                0x0000000008000510                __aeabi_idiv0
                0x0000000008000510                __aeabi_ldiv0
 *(.text*)
 .text.main     0x0000000008000514       0x68 ./Core/Src/main.o
                0x0000000008000514                main
 .text.SystemClock_Config
                0x000000000800057c       0xe4 ./Core/Src/main.o
                0x000000000800057c                SystemClock_Config
 .text.MX_ADC1_Init
                0x0000000008000660      0x118 ./Core/Src/main.o
 .text.MX_ADC2_Init
                0x0000000008000778      0x114 ./Core/Src/main.o
 .text.MX_CAN1_Init
                0x000000000800088c       0x6c ./Core/Src/main.o
 .text.MX_CRC_Init
                0x00000000080008f8       0x28 ./Core/Src/main.o
 .text.MX_I2C1_Init
                0x0000000008000920       0x5c ./Core/Src/main.o
 .text.MX_TIM1_Init
                0x000000000800097c      0x140 ./Core/Src/main.o
 .text.MX_TIM2_Init
                0x0000000008000abc       0xec ./Core/Src/main.o
 .text.MX_TIM3_Init
                0x0000000008000ba8       0xf0 ./Core/Src/main.o
 .text.MX_TIM6_Init
                0x0000000008000c98       0x6c ./Core/Src/main.o
 .text.MX_TIM7_Init
                0x0000000008000d04       0x6c ./Core/Src/main.o
 .text.MX_TIM8_Init
                0x0000000008000d70      0x144 ./Core/Src/main.o
 .text.MX_DMA_Init
                0x0000000008000eb4       0xac ./Core/Src/main.o
 .text.MX_GPIO_Init
                0x0000000008000f60      0x238 ./Core/Src/main.o
 .text.StartSetupTask
                0x0000000008001198       0x2c ./Core/Src/main.o
                0x0000000008001198                StartSetupTask
 .text.HAL_TIM_PeriodElapsedCallback
                0x00000000080011c4       0xf0 ./Core/Src/main.o
                0x00000000080011c4                HAL_TIM_PeriodElapsedCallback
 .text.Error_Handler
                0x00000000080012b4        0xa ./Core/Src/main.o
                0x00000000080012b4                Error_Handler
 *fill*         0x00000000080012be        0x2 
 .text.PDM_Init
                0x00000000080012c0       0xac ./Core/Src/pdm_config.o
                0x00000000080012c0                PDM_Init
 .text.PDM_USB_Process
                0x000000000800136c       0x18 ./Core/Src/pdm_config.o
                0x000000000800136c                PDM_USB_Process
 .text.PDM_Hard_Code_Config
                0x0000000008001384      0x21c ./Core/Src/pdm_config.o
                0x0000000008001384                PDM_Hard_Code_Config
 .text.Output_Reset_State
                0x00000000080015a0      0x12c ./Core/Src/pdm_config.o
 .text.PDM_Input_Process
                0x00000000080016cc      0x200 ./Core/Src/pdm_driver_control.o
                0x00000000080016cc                PDM_Input_Process
 .text.PDM_Output_Process
                0x00000000080018cc      0x1d8 ./Core/Src/pdm_driver_control.o
                0x00000000080018cc                PDM_Output_Process
 .text.PDM_PWM_Init
                0x0000000008001aa4      0x14c ./Core/Src/pdm_driver_pwm.o
                0x0000000008001aa4                PDM_PWM_Init
 .text.PDM_PWM_Output_Process
                0x0000000008001bf0      0x240 ./Core/Src/pdm_driver_pwm.o
                0x0000000008001bf0                PDM_PWM_Output_Process
 .text.PWM_DeAlloc
                0x0000000008001e30      0x12a ./Core/Src/pdm_driver_pwm.o
 *fill*         0x0000000008001f5a        0x2 
 .text.PWM_SoftStart
                0x0000000008001f5c       0xa0 ./Core/Src/pdm_driver_pwm.o
 .text.PWM_Map_Duty_Cycle_Set
                0x0000000008001ffc      0x746 ./Core/Src/pdm_driver_pwm.o
 .text.HAL_CAN_RxFifo0MsgPendingCallback
                0x0000000008002742       0x14 ./Core/Src/pdm_interrupts.o
                0x0000000008002742                HAL_CAN_RxFifo0MsgPendingCallback
 .text.HAL_GPIO_EXTI_Callback
                0x0000000008002756       0x16 ./Core/Src/pdm_interrupts.o
                0x0000000008002756                HAL_GPIO_EXTI_Callback
 .text.HAL_MspInit
                0x000000000800276c       0x58 ./Core/Src/stm32f4xx_hal_msp.o
                0x000000000800276c                HAL_MspInit
 .text.HAL_ADC_MspInit
                0x00000000080027c4      0x1f0 ./Core/Src/stm32f4xx_hal_msp.o
                0x00000000080027c4                HAL_ADC_MspInit
 .text.HAL_CAN_MspInit
                0x00000000080029b4       0xa0 ./Core/Src/stm32f4xx_hal_msp.o
                0x00000000080029b4                HAL_CAN_MspInit
 .text.HAL_CRC_MspInit
                0x0000000008002a54       0x44 ./Core/Src/stm32f4xx_hal_msp.o
                0x0000000008002a54                HAL_CRC_MspInit
 .text.HAL_I2C_MspInit
                0x0000000008002a98       0x90 ./Core/Src/stm32f4xx_hal_msp.o
                0x0000000008002a98                HAL_I2C_MspInit
 .text.HAL_TIM_Base_MspInit
                0x0000000008002b28      0x35c ./Core/Src/stm32f4xx_hal_msp.o
                0x0000000008002b28                HAL_TIM_Base_MspInit
 .text.HAL_TIM_MspPostInit
                0x0000000008002e84      0x15c ./Core/Src/stm32f4xx_hal_msp.o
                0x0000000008002e84                HAL_TIM_MspPostInit
 .text.HAL_InitTick
                0x0000000008002fe0       0xb4 ./Core/Src/stm32f4xx_hal_timebase_tim.o
                0x0000000008002fe0                HAL_InitTick
 .text.NMI_Handler
                0x0000000008003094        0x6 ./Core/Src/stm32f4xx_it.o
                0x0000000008003094                NMI_Handler
 .text.HardFault_Handler
                0x000000000800309a        0x6 ./Core/Src/stm32f4xx_it.o
                0x000000000800309a                HardFault_Handler
 .text.MemManage_Handler
                0x00000000080030a0        0x6 ./Core/Src/stm32f4xx_it.o
                0x00000000080030a0                MemManage_Handler
 .text.BusFault_Handler
                0x00000000080030a6        0x6 ./Core/Src/stm32f4xx_it.o
                0x00000000080030a6                BusFault_Handler
 .text.UsageFault_Handler
                0x00000000080030ac        0x6 ./Core/Src/stm32f4xx_it.o
                0x00000000080030ac                UsageFault_Handler
 .text.DebugMon_Handler
                0x00000000080030b2        0xe ./Core/Src/stm32f4xx_it.o
                0x00000000080030b2                DebugMon_Handler
 .text.EXTI0_IRQHandler
                0x00000000080030c0        0xe ./Core/Src/stm32f4xx_it.o
                0x00000000080030c0                EXTI0_IRQHandler
 .text.EXTI1_IRQHandler
                0x00000000080030ce        0xe ./Core/Src/stm32f4xx_it.o
                0x00000000080030ce                EXTI1_IRQHandler
 .text.EXTI2_IRQHandler
                0x00000000080030dc        0xe ./Core/Src/stm32f4xx_it.o
                0x00000000080030dc                EXTI2_IRQHandler
 .text.EXTI3_IRQHandler
                0x00000000080030ea        0xe ./Core/Src/stm32f4xx_it.o
                0x00000000080030ea                EXTI3_IRQHandler
 .text.EXTI4_IRQHandler
                0x00000000080030f8        0xe ./Core/Src/stm32f4xx_it.o
                0x00000000080030f8                EXTI4_IRQHandler
 *fill*         0x0000000008003106        0x2 
 .text.DMA1_Stream1_IRQHandler
                0x0000000008003108       0x14 ./Core/Src/stm32f4xx_it.o
                0x0000000008003108                DMA1_Stream1_IRQHandler
 .text.DMA1_Stream2_IRQHandler
                0x000000000800311c       0x14 ./Core/Src/stm32f4xx_it.o
                0x000000000800311c                DMA1_Stream2_IRQHandler
 .text.CAN1_RX0_IRQHandler
                0x0000000008003130       0x14 ./Core/Src/stm32f4xx_it.o
                0x0000000008003130                CAN1_RX0_IRQHandler
 .text.TIM1_BRK_TIM9_IRQHandler
                0x0000000008003144       0x1c ./Core/Src/stm32f4xx_it.o
                0x0000000008003144                TIM1_BRK_TIM9_IRQHandler
 .text.TIM1_UP_TIM10_IRQHandler
                0x0000000008003160       0x14 ./Core/Src/stm32f4xx_it.o
                0x0000000008003160                TIM1_UP_TIM10_IRQHandler
 .text.TIM2_IRQHandler
                0x0000000008003174       0x14 ./Core/Src/stm32f4xx_it.o
                0x0000000008003174                TIM2_IRQHandler
 .text.TIM3_IRQHandler
                0x0000000008003188       0x14 ./Core/Src/stm32f4xx_it.o
                0x0000000008003188                TIM3_IRQHandler
 .text.TIM8_UP_TIM13_IRQHandler
                0x000000000800319c       0x14 ./Core/Src/stm32f4xx_it.o
                0x000000000800319c                TIM8_UP_TIM13_IRQHandler
 .text.TIM6_DAC_IRQHandler
                0x00000000080031b0       0x14 ./Core/Src/stm32f4xx_it.o
                0x00000000080031b0                TIM6_DAC_IRQHandler
 .text.TIM7_IRQHandler
                0x00000000080031c4       0x14 ./Core/Src/stm32f4xx_it.o
                0x00000000080031c4                TIM7_IRQHandler
 .text.DMA2_Stream0_IRQHandler
                0x00000000080031d8       0x14 ./Core/Src/stm32f4xx_it.o
                0x00000000080031d8                DMA2_Stream0_IRQHandler
 .text.DMA2_Stream2_IRQHandler
                0x00000000080031ec       0x14 ./Core/Src/stm32f4xx_it.o
                0x00000000080031ec                DMA2_Stream2_IRQHandler
 .text.DMA2_Stream3_IRQHandler
                0x0000000008003200       0x14 ./Core/Src/stm32f4xx_it.o
                0x0000000008003200                DMA2_Stream3_IRQHandler
 .text.DMA2_Stream4_IRQHandler
                0x0000000008003214       0x14 ./Core/Src/stm32f4xx_it.o
                0x0000000008003214                DMA2_Stream4_IRQHandler
 .text.OTG_FS_IRQHandler
                0x0000000008003228       0x14 ./Core/Src/stm32f4xx_it.o
                0x0000000008003228                OTG_FS_IRQHandler
 .text._sbrk    0x000000000800323c       0x6c ./Core/Src/sysmem.o
                0x000000000800323c                _sbrk
 .text.SystemInit
                0x00000000080032a8       0x24 ./Core/Src/system_stm32f4xx.o
                0x00000000080032a8                SystemInit
 .text.Reset_Handler
                0x00000000080032cc       0x50 ./Core/Startup/startup_stm32f446zetx.o
                0x00000000080032cc                Reset_Handler
 .text.Default_Handler
                0x000000000800331c        0x2 ./Core/Startup/startup_stm32f446zetx.o
                0x000000000800331c                RTC_Alarm_IRQHandler
                0x000000000800331c                TIM8_CC_IRQHandler
                0x000000000800331c                FMPI2C1_EV_IRQHandler
                0x000000000800331c                SPI4_IRQHandler
                0x000000000800331c                TIM1_CC_IRQHandler
                0x000000000800331c                DMA2_Stream5_IRQHandler
                0x000000000800331c                DMA1_Stream5_IRQHandler
                0x000000000800331c                PVD_IRQHandler
                0x000000000800331c                SDIO_IRQHandler
                0x000000000800331c                TAMP_STAMP_IRQHandler
                0x000000000800331c                CAN2_RX1_IRQHandler
                0x000000000800331c                TIM8_TRG_COM_TIM14_IRQHandler
                0x000000000800331c                I2C3_ER_IRQHandler
                0x000000000800331c                I2C2_EV_IRQHandler
                0x000000000800331c                FPU_IRQHandler
                0x000000000800331c                OTG_HS_WKUP_IRQHandler
                0x000000000800331c                CAN2_SCE_IRQHandler
                0x000000000800331c                SPI1_IRQHandler
                0x000000000800331c                DCMI_IRQHandler
                0x000000000800331c                CAN2_RX0_IRQHandler
                0x000000000800331c                SAI2_IRQHandler
                0x000000000800331c                USART6_IRQHandler
                0x000000000800331c                USART3_IRQHandler
                0x000000000800331c                CAN1_RX1_IRQHandler
                0x000000000800331c                UART5_IRQHandler
                0x000000000800331c                TIM4_IRQHandler
                0x000000000800331c                QUADSPI_IRQHandler
                0x000000000800331c                I2C1_EV_IRQHandler
                0x000000000800331c                DMA1_Stream6_IRQHandler
                0x000000000800331c                UART4_IRQHandler
                0x000000000800331c                RCC_IRQHandler
                0x000000000800331c                TIM8_BRK_TIM12_IRQHandler
                0x000000000800331c                Default_Handler
                0x000000000800331c                CEC_IRQHandler
                0x000000000800331c                EXTI15_10_IRQHandler
                0x000000000800331c                ADC_IRQHandler
                0x000000000800331c                DMA1_Stream7_IRQHandler
                0x000000000800331c                CAN2_TX_IRQHandler
                0x000000000800331c                TIM5_IRQHandler
                0x000000000800331c                DMA2_Stream7_IRQHandler
                0x000000000800331c                I2C3_EV_IRQHandler
                0x000000000800331c                EXTI9_5_IRQHandler
                0x000000000800331c                RTC_WKUP_IRQHandler
                0x000000000800331c                SPDIF_RX_IRQHandler
                0x000000000800331c                SPI2_IRQHandler
                0x000000000800331c                OTG_HS_EP1_IN_IRQHandler
                0x000000000800331c                DMA1_Stream0_IRQHandler
                0x000000000800331c                CAN1_TX_IRQHandler
                0x000000000800331c                FMPI2C1_ER_IRQHandler
                0x000000000800331c                OTG_HS_EP1_OUT_IRQHandler
                0x000000000800331c                WWDG_IRQHandler
                0x000000000800331c                OTG_FS_WKUP_IRQHandler
                0x000000000800331c                TIM1_TRG_COM_TIM11_IRQHandler
                0x000000000800331c                OTG_HS_IRQHandler
                0x000000000800331c                USART2_IRQHandler
                0x000000000800331c                I2C2_ER_IRQHandler
                0x000000000800331c                DMA2_Stream1_IRQHandler
                0x000000000800331c                CAN1_SCE_IRQHandler
                0x000000000800331c                FLASH_IRQHandler
                0x000000000800331c                USART1_IRQHandler
                0x000000000800331c                SPI3_IRQHandler
                0x000000000800331c                DMA1_Stream4_IRQHandler
                0x000000000800331c                I2C1_ER_IRQHandler
                0x000000000800331c                FMC_IRQHandler
                0x000000000800331c                DMA2_Stream6_IRQHandler
                0x000000000800331c                SAI1_IRQHandler
                0x000000000800331c                DMA1_Stream3_IRQHandler
 *fill*         0x000000000800331e        0x2 
 .text.HAL_Init
                0x0000000008003320       0x44 ./Drivers/STM32F4xx_HAL_Driver/Src/stm32f4xx_hal.o
                0x0000000008003320                HAL_Init
 .text.HAL_IncTick
                0x0000000008003364       0x28 ./Drivers/STM32F4xx_HAL_Driver/Src/stm32f4xx_hal.o
                0x0000000008003364                HAL_IncTick
 .text.HAL_GetTick
                0x000000000800338c       0x18 ./Drivers/STM32F4xx_HAL_Driver/Src/stm32f4xx_hal.o
                0x000000000800338c                HAL_GetTick
 .text.HAL_Delay
                0x00000000080033a4       0x48 ./Drivers/STM32F4xx_HAL_Driver/Src/stm32f4xx_hal.o
                0x00000000080033a4                HAL_Delay
 .text.HAL_ADC_Init
                0x00000000080033ec       0x86 ./Drivers/STM32F4xx_HAL_Driver/Src/stm32f4xx_hal_adc.o
                0x00000000080033ec                HAL_ADC_Init
 *fill*         0x0000000008003472        0x2 
 .text.HAL_ADC_Start_DMA
                0x0000000008003474      0x220 ./Drivers/STM32F4xx_HAL_Driver/Src/stm32f4xx_hal_adc.o
                0x0000000008003474                HAL_ADC_Start_DMA
 .text.HAL_ADC_ConvCpltCallback
                0x0000000008003694       0x14 ./Drivers/STM32F4xx_HAL_Driver/Src/stm32f4xx_hal_adc.o
                0x0000000008003694                HAL_ADC_ConvCpltCallback
 .text.HAL_ADC_ConvHalfCpltCallback
                0x00000000080036a8       0x14 ./Drivers/STM32F4xx_HAL_Driver/Src/stm32f4xx_hal_adc.o
                0x00000000080036a8                HAL_ADC_ConvHalfCpltCallback
 .text.HAL_ADC_ErrorCallback
                0x00000000080036bc       0x14 ./Drivers/STM32F4xx_HAL_Driver/Src/stm32f4xx_hal_adc.o
                0x00000000080036bc                HAL_ADC_ErrorCallback
 .text.HAL_ADC_ConfigChannel
                0x00000000080036d0      0x264 ./Drivers/STM32F4xx_HAL_Driver/Src/stm32f4xx_hal_adc.o
                0x00000000080036d0                HAL_ADC_ConfigChannel
 .text.ADC_Init
                0x0000000008003934      0x1f8 ./Drivers/STM32F4xx_HAL_Driver/Src/stm32f4xx_hal_adc.o
 .text.ADC_DMAConvCplt
                0x0000000008003b2c       0xba ./Drivers/STM32F4xx_HAL_Driver/Src/stm32f4xx_hal_adc.o
 .text.ADC_DMAHalfConvCplt
                0x0000000008003be6       0x1c ./Drivers/STM32F4xx_HAL_Driver/Src/stm32f4xx_hal_adc.o
 .text.ADC_DMAError
                0x0000000008003c02       0x2e ./Drivers/STM32F4xx_HAL_Driver/Src/stm32f4xx_hal_adc.o
 .text.HAL_CAN_Init
                0x0000000008003c30      0x1f6 ./Drivers/STM32F4xx_HAL_Driver/Src/stm32f4xx_hal_can.o
                0x0000000008003c30                HAL_CAN_Init
 .text.HAL_CAN_IRQHandler
                0x0000000008003e26      0x36e ./Drivers/STM32F4xx_HAL_Driver/Src/stm32f4xx_hal_can.o
                0x0000000008003e26                HAL_CAN_IRQHandler
 .text.HAL_CAN_TxMailbox0CompleteCallback
                0x0000000008004194       0x14 ./Drivers/STM32F4xx_HAL_Driver/Src/stm32f4xx_hal_can.o
                0x0000000008004194                HAL_CAN_TxMailbox0CompleteCallback
 .text.HAL_CAN_TxMailbox1CompleteCallback
                0x00000000080041a8       0x14 ./Drivers/STM32F4xx_HAL_Driver/Src/stm32f4xx_hal_can.o
                0x00000000080041a8                HAL_CAN_TxMailbox1CompleteCallback
 .text.HAL_CAN_TxMailbox2CompleteCallback
                0x00000000080041bc       0x14 ./Drivers/STM32F4xx_HAL_Driver/Src/stm32f4xx_hal_can.o
                0x00000000080041bc                HAL_CAN_TxMailbox2CompleteCallback
 .text.HAL_CAN_TxMailbox0AbortCallback
                0x00000000080041d0       0x14 ./Drivers/STM32F4xx_HAL_Driver/Src/stm32f4xx_hal_can.o
                0x00000000080041d0                HAL_CAN_TxMailbox0AbortCallback
 .text.HAL_CAN_TxMailbox1AbortCallback
                0x00000000080041e4       0x14 ./Drivers/STM32F4xx_HAL_Driver/Src/stm32f4xx_hal_can.o
                0x00000000080041e4                HAL_CAN_TxMailbox1AbortCallback
 .text.HAL_CAN_TxMailbox2AbortCallback
                0x00000000080041f8       0x14 ./Drivers/STM32F4xx_HAL_Driver/Src/stm32f4xx_hal_can.o
                0x00000000080041f8                HAL_CAN_TxMailbox2AbortCallback
 .text.HAL_CAN_RxFifo0FullCallback
                0x000000000800420c       0x14 ./Drivers/STM32F4xx_HAL_Driver/Src/stm32f4xx_hal_can.o
                0x000000000800420c                HAL_CAN_RxFifo0FullCallback
 .text.HAL_CAN_RxFifo1MsgPendingCallback
                0x0000000008004220       0x14 ./Drivers/STM32F4xx_HAL_Driver/Src/stm32f4xx_hal_can.o
                0x0000000008004220                HAL_CAN_RxFifo1MsgPendingCallback
 .text.HAL_CAN_RxFifo1FullCallback
                0x0000000008004234       0x14 ./Drivers/STM32F4xx_HAL_Driver/Src/stm32f4xx_hal_can.o
                0x0000000008004234                HAL_CAN_RxFifo1FullCallback
 .text.HAL_CAN_SleepCallback
                0x0000000008004248       0x14 ./Drivers/STM32F4xx_HAL_Driver/Src/stm32f4xx_hal_can.o
                0x0000000008004248                HAL_CAN_SleepCallback
 .text.HAL_CAN_WakeUpFromRxMsgCallback
                0x000000000800425c       0x14 ./Drivers/STM32F4xx_HAL_Driver/Src/stm32f4xx_hal_can.o
                0x000000000800425c                HAL_CAN_WakeUpFromRxMsgCallback
 .text.HAL_CAN_ErrorCallback
                0x0000000008004270       0x14 ./Drivers/STM32F4xx_HAL_Driver/Src/stm32f4xx_hal_can.o
                0x0000000008004270                HAL_CAN_ErrorCallback
 .text.__NVIC_SetPriorityGrouping
                0x0000000008004284       0x48 ./Drivers/STM32F4xx_HAL_Driver/Src/stm32f4xx_hal_cortex.o
 .text.__NVIC_GetPriorityGrouping
                0x00000000080042cc       0x1c ./Drivers/STM32F4xx_HAL_Driver/Src/stm32f4xx_hal_cortex.o
 .text.__NVIC_EnableIRQ
                0x00000000080042e8       0x3c ./Drivers/STM32F4xx_HAL_Driver/Src/stm32f4xx_hal_cortex.o
 .text.__NVIC_SetPriority
                0x0000000008004324       0x54 ./Drivers/STM32F4xx_HAL_Driver/Src/stm32f4xx_hal_cortex.o
 .text.NVIC_EncodePriority
                0x0000000008004378       0x66 ./Drivers/STM32F4xx_HAL_Driver/Src/stm32f4xx_hal_cortex.o
 .text.HAL_NVIC_SetPriorityGrouping
                0x00000000080043de       0x16 ./Drivers/STM32F4xx_HAL_Driver/Src/stm32f4xx_hal_cortex.o
                0x00000000080043de                HAL_NVIC_SetPriorityGrouping
 .text.HAL_NVIC_SetPriority
                0x00000000080043f4       0x38 ./Drivers/STM32F4xx_HAL_Driver/Src/stm32f4xx_hal_cortex.o
                0x00000000080043f4                HAL_NVIC_SetPriority
 .text.HAL_NVIC_EnableIRQ
                0x000000000800442c       0x1c ./Drivers/STM32F4xx_HAL_Driver/Src/stm32f4xx_hal_cortex.o
                0x000000000800442c                HAL_NVIC_EnableIRQ
 .text.HAL_CRC_Init
                0x0000000008004448       0x38 ./Drivers/STM32F4xx_HAL_Driver/Src/stm32f4xx_hal_crc.o
                0x0000000008004448                HAL_CRC_Init
 .text.HAL_DMA_Init
                0x0000000008004480      0x15c ./Drivers/STM32F4xx_HAL_Driver/Src/stm32f4xx_hal_dma.o
                0x0000000008004480                HAL_DMA_Init
 .text.HAL_DMA_Start_IT
                0x00000000080045dc       0xb0 ./Drivers/STM32F4xx_HAL_Driver/Src/stm32f4xx_hal_dma.o
                0x00000000080045dc                HAL_DMA_Start_IT
 .text.HAL_DMA_IRQHandler
                0x000000000800468c      0x314 ./Drivers/STM32F4xx_HAL_Driver/Src/stm32f4xx_hal_dma.o
                0x000000000800468c                HAL_DMA_IRQHandler
 .text.DMA_SetConfig
                0x00000000080049a0       0x5c ./Drivers/STM32F4xx_HAL_Driver/Src/stm32f4xx_hal_dma.o
 .text.DMA_CalcBaseAndBitshift
                0x00000000080049fc       0x6c ./Drivers/STM32F4xx_HAL_Driver/Src/stm32f4xx_hal_dma.o
 .text.DMA_CheckFifoParam
                0x0000000008004a68       0xf8 ./Drivers/STM32F4xx_HAL_Driver/Src/stm32f4xx_hal_dma.o
 .text.HAL_GPIO_Init
                0x0000000008004b60      0x328 ./Drivers/STM32F4xx_HAL_Driver/Src/stm32f4xx_hal_gpio.o
                0x0000000008004b60                HAL_GPIO_Init
 .text.HAL_GPIO_ReadPin
                0x0000000008004e88       0x30 ./Drivers/STM32F4xx_HAL_Driver/Src/stm32f4xx_hal_gpio.o
                0x0000000008004e88                HAL_GPIO_ReadPin
 .text.HAL_GPIO_WritePin
                0x0000000008004eb8       0x32 ./Drivers/STM32F4xx_HAL_Driver/Src/stm32f4xx_hal_gpio.o
                0x0000000008004eb8                HAL_GPIO_WritePin
 *fill*         0x0000000008004eea        0x2 
 .text.HAL_GPIO_EXTI_IRQHandler
                0x0000000008004eec       0x30 ./Drivers/STM32F4xx_HAL_Driver/Src/stm32f4xx_hal_gpio.o
                0x0000000008004eec                HAL_GPIO_EXTI_IRQHandler
 .text.HAL_I2C_Init
                0x0000000008004f1c      0x288 ./Drivers/STM32F4xx_HAL_Driver/Src/stm32f4xx_hal_i2c.o
                0x0000000008004f1c                HAL_I2C_Init
 .text.HAL_PCD_Init
                0x00000000080051a4      0x248 ./Drivers/STM32F4xx_HAL_Driver/Src/stm32f4xx_hal_pcd.o
                0x00000000080051a4                HAL_PCD_Init
 .text.HAL_PCD_Start
                0x00000000080053ec       0x66 ./Drivers/STM32F4xx_HAL_Driver/Src/stm32f4xx_hal_pcd.o
                0x00000000080053ec                HAL_PCD_Start
 .text.HAL_PCD_IRQHandler
                0x0000000008005452      0x998 ./Drivers/STM32F4xx_HAL_Driver/Src/stm32f4xx_hal_pcd.o
                0x0000000008005452                HAL_PCD_IRQHandler
 .text.HAL_PCD_SetAddress
                0x0000000008005dea       0x4a ./Drivers/STM32F4xx_HAL_Driver/Src/stm32f4xx_hal_pcd.o
                0x0000000008005dea                HAL_PCD_SetAddress
 .text.HAL_PCD_EP_Open
                0x0000000008005e34       0xd0 ./Drivers/STM32F4xx_HAL_Driver/Src/stm32f4xx_hal_pcd.o
                0x0000000008005e34                HAL_PCD_EP_Open
 .text.HAL_PCD_EP_Close
                0x0000000008005f04       0x94 ./Drivers/STM32F4xx_HAL_Driver/Src/stm32f4xx_hal_pcd.o
                0x0000000008005f04                HAL_PCD_EP_Close
 .text.HAL_PCD_EP_Receive
                0x0000000008005f98       0x96 ./Drivers/STM32F4xx_HAL_Driver/Src/stm32f4xx_hal_pcd.o
                0x0000000008005f98                HAL_PCD_EP_Receive
 .text.HAL_PCD_EP_GetRxCount
                0x000000000800602e       0x30 ./Drivers/STM32F4xx_HAL_Driver/Src/stm32f4xx_hal_pcd.o
                0x000000000800602e                HAL_PCD_EP_GetRxCount
 .text.HAL_PCD_EP_Transmit
                0x000000000800605e       0x94 ./Drivers/STM32F4xx_HAL_Driver/Src/stm32f4xx_hal_pcd.o
                0x000000000800605e                HAL_PCD_EP_Transmit
 .text.HAL_PCD_EP_SetStall
                0x00000000080060f2       0xc8 ./Drivers/STM32F4xx_HAL_Driver/Src/stm32f4xx_hal_pcd.o
                0x00000000080060f2                HAL_PCD_EP_SetStall
 .text.HAL_PCD_EP_ClrStall
                0x00000000080061ba       0xac ./Drivers/STM32F4xx_HAL_Driver/Src/stm32f4xx_hal_pcd.o
                0x00000000080061ba                HAL_PCD_EP_ClrStall
 .text.HAL_PCD_EP_Abort
                0x0000000008006266       0x62 ./Drivers/STM32F4xx_HAL_Driver/Src/stm32f4xx_hal_pcd.o
                0x0000000008006266                HAL_PCD_EP_Abort
 .text.PCD_WriteEmptyTxFifo
                0x00000000080062c8      0x11a ./Drivers/STM32F4xx_HAL_Driver/Src/stm32f4xx_hal_pcd.o
 *fill*         0x00000000080063e2        0x2 
 .text.PCD_EP_OutXfrComplete_int
                0x00000000080063e4      0x1d0 ./Drivers/STM32F4xx_HAL_Driver/Src/stm32f4xx_hal_pcd.o
 .text.PCD_EP_OutSetupPacket_int
                0x00000000080065b4       0x8c ./Drivers/STM32F4xx_HAL_Driver/Src/stm32f4xx_hal_pcd.o
 .text.HAL_PCDEx_SetTxFiFo
                0x0000000008006640       0x8e ./Drivers/STM32F4xx_HAL_Driver/Src/stm32f4xx_hal_pcd_ex.o
                0x0000000008006640                HAL_PCDEx_SetTxFiFo
 .text.HAL_PCDEx_SetRxFiFo
                0x00000000080066ce       0x22 ./Drivers/STM32F4xx_HAL_Driver/Src/stm32f4xx_hal_pcd_ex.o
                0x00000000080066ce                HAL_PCDEx_SetRxFiFo
 .text.HAL_PCDEx_ActivateLPM
                0x00000000080066f0       0x48 ./Drivers/STM32F4xx_HAL_Driver/Src/stm32f4xx_hal_pcd_ex.o
                0x00000000080066f0                HAL_PCDEx_ActivateLPM
 .text.HAL_PCDEx_LPM_Callback
                0x0000000008006738       0x18 ./Drivers/STM32F4xx_HAL_Driver/Src/stm32f4xx_hal_pcd_ex.o
                0x0000000008006738                HAL_PCDEx_LPM_Callback
 .text.HAL_PWREx_EnableOverDrive
                0x0000000008006750       0xa0 ./Drivers/STM32F4xx_HAL_Driver/Src/stm32f4xx_hal_pwr_ex.o
                0x0000000008006750                HAL_PWREx_EnableOverDrive
 .text.HAL_RCC_ClockConfig
                0x00000000080067f0      0x1cc ./Drivers/STM32F4xx_HAL_Driver/Src/stm32f4xx_hal_rcc.o
                0x00000000080067f0                HAL_RCC_ClockConfig
 .text.HAL_RCC_GetHCLKFreq
                0x00000000080069bc       0x18 ./Drivers/STM32F4xx_HAL_Driver/Src/stm32f4xx_hal_rcc.o
                0x00000000080069bc                HAL_RCC_GetHCLKFreq
 .text.HAL_RCC_GetPCLK1Freq
                0x00000000080069d4       0x28 ./Drivers/STM32F4xx_HAL_Driver/Src/stm32f4xx_hal_rcc.o
                0x00000000080069d4                HAL_RCC_GetPCLK1Freq
 .text.HAL_RCC_GetPCLK2Freq
                0x00000000080069fc       0x28 ./Drivers/STM32F4xx_HAL_Driver/Src/stm32f4xx_hal_rcc.o
                0x00000000080069fc                HAL_RCC_GetPCLK2Freq
 .text.HAL_RCC_GetClockConfig
                0x0000000008006a24       0x64 ./Drivers/STM32F4xx_HAL_Driver/Src/stm32f4xx_hal_rcc.o
                0x0000000008006a24                HAL_RCC_GetClockConfig
 .text.HAL_RCCEx_PeriphCLKConfig
                0x0000000008006a88      0x654 ./Drivers/STM32F4xx_HAL_Driver/Src/stm32f4xx_hal_rcc_ex.o
                0x0000000008006a88                HAL_RCCEx_PeriphCLKConfig
 .text.HAL_RCC_GetSysClockFreq
                0x00000000080070dc      0x460 ./Drivers/STM32F4xx_HAL_Driver/Src/stm32f4xx_hal_rcc_ex.o
                0x00000000080070dc                HAL_RCC_GetSysClockFreq
 .text.HAL_RCC_OscConfig
                0x000000000800753c      0x53c ./Drivers/STM32F4xx_HAL_Driver/Src/stm32f4xx_hal_rcc_ex.o
                0x000000000800753c                HAL_RCC_OscConfig
 .text.HAL_TIM_Base_Init
                0x0000000008007a78       0x9e ./Drivers/STM32F4xx_HAL_Driver/Src/stm32f4xx_hal_tim.o
                0x0000000008007a78                HAL_TIM_Base_Init
 *fill*         0x0000000008007b16        0x2 
 .text.HAL_TIM_Base_Start_IT
                0x0000000008007b18       0xe0 ./Drivers/STM32F4xx_HAL_Driver/Src/stm32f4xx_hal_tim.o
                0x0000000008007b18                HAL_TIM_Base_Start_IT
 .text.HAL_TIM_PWM_Init
                0x0000000008007bf8       0x9e ./Drivers/STM32F4xx_HAL_Driver/Src/stm32f4xx_hal_tim.o
                0x0000000008007bf8                HAL_TIM_PWM_Init
 .text.HAL_TIM_PWM_MspInit
                0x0000000008007c96       0x14 ./Drivers/STM32F4xx_HAL_Driver/Src/stm32f4xx_hal_tim.o
                0x0000000008007c96                HAL_TIM_PWM_MspInit
 *fill*         0x0000000008007caa        0x2 
 .text.HAL_TIM_PWM_Start
                0x0000000008007cac      0x190 ./Drivers/STM32F4xx_HAL_Driver/Src/stm32f4xx_hal_tim.o
                0x0000000008007cac                HAL_TIM_PWM_Start
 .text.HAL_TIM_PWM_Stop
                0x0000000008007e3c       0xe0 ./Drivers/STM32F4xx_HAL_Driver/Src/stm32f4xx_hal_tim.o
                0x0000000008007e3c                HAL_TIM_PWM_Stop
 .text.HAL_TIM_PWM_Start_DMA
                0x0000000008007f1c      0x390 ./Drivers/STM32F4xx_HAL_Driver/Src/stm32f4xx_hal_tim.o
                0x0000000008007f1c                HAL_TIM_PWM_Start_DMA
 .text.HAL_TIM_IRQHandler
                0x00000000080082ac      0x210 ./Drivers/STM32F4xx_HAL_Driver/Src/stm32f4xx_hal_tim.o
                0x00000000080082ac                HAL_TIM_IRQHandler
 .text.HAL_TIM_PWM_ConfigChannel
                0x00000000080084bc      0x184 ./Drivers/STM32F4xx_HAL_Driver/Src/stm32f4xx_hal_tim.o
                0x00000000080084bc                HAL_TIM_PWM_ConfigChannel
 .text.HAL_TIM_ConfigClockSource
                0x0000000008008640      0x18e ./Drivers/STM32F4xx_HAL_Driver/Src/stm32f4xx_hal_tim.o
                0x0000000008008640                HAL_TIM_ConfigClockSource
 .text.HAL_TIM_OC_DelayElapsedCallback
                0x00000000080087ce       0x14 ./Drivers/STM32F4xx_HAL_Driver/Src/stm32f4xx_hal_tim.o
                0x00000000080087ce                HAL_TIM_OC_DelayElapsedCallback
 .text.HAL_TIM_IC_CaptureCallback
                0x00000000080087e2       0x14 ./Drivers/STM32F4xx_HAL_Driver/Src/stm32f4xx_hal_tim.o
                0x00000000080087e2                HAL_TIM_IC_CaptureCallback
 .text.HAL_TIM_PWM_PulseFinishedCallback
                0x00000000080087f6       0x14 ./Drivers/STM32F4xx_HAL_Driver/Src/stm32f4xx_hal_tim.o
                0x00000000080087f6                HAL_TIM_PWM_PulseFinishedCallback
 .text.HAL_TIM_PWM_PulseFinishedHalfCpltCallback
                0x000000000800880a       0x14 ./Drivers/STM32F4xx_HAL_Driver/Src/stm32f4xx_hal_tim.o
                0x000000000800880a                HAL_TIM_PWM_PulseFinishedHalfCpltCallback
 .text.HAL_TIM_TriggerCallback
                0x000000000800881e       0x14 ./Drivers/STM32F4xx_HAL_Driver/Src/stm32f4xx_hal_tim.o
                0x000000000800881e                HAL_TIM_TriggerCallback
 .text.HAL_TIM_ErrorCallback
                0x0000000008008832       0x14 ./Drivers/STM32F4xx_HAL_Driver/Src/stm32f4xx_hal_tim.o
                0x0000000008008832                HAL_TIM_ErrorCallback
 .text.TIM_DMAError
                0x0000000008008846       0x92 ./Drivers/STM32F4xx_HAL_Driver/Src/stm32f4xx_hal_tim.o
                0x0000000008008846                TIM_DMAError
 .text.TIM_DMADelayPulseCplt
                0x00000000080088d8       0xa8 ./Drivers/STM32F4xx_HAL_Driver/Src/stm32f4xx_hal_tim.o
 .text.TIM_DMADelayPulseHalfCplt
                0x0000000008008980       0x68 ./Drivers/STM32F4xx_HAL_Driver/Src/stm32f4xx_hal_tim.o
                0x0000000008008980                TIM_DMADelayPulseHalfCplt
 .text.TIM_Base_SetConfig
                0x00000000080089e8      0x140 ./Drivers/STM32F4xx_HAL_Driver/Src/stm32f4xx_hal_tim.o
                0x00000000080089e8                TIM_Base_SetConfig
 .text.TIM_OC1_SetConfig
                0x0000000008008b28       0xe0 ./Drivers/STM32F4xx_HAL_Driver/Src/stm32f4xx_hal_tim.o
 .text.TIM_OC2_SetConfig
                0x0000000008008c08       0xec ./Drivers/STM32F4xx_HAL_Driver/Src/stm32f4xx_hal_tim.o
                0x0000000008008c08                TIM_OC2_SetConfig
 .text.TIM_OC3_SetConfig
                0x0000000008008cf4       0xe8 ./Drivers/STM32F4xx_HAL_Driver/Src/stm32f4xx_hal_tim.o
 .text.TIM_OC4_SetConfig
                0x0000000008008ddc       0xac ./Drivers/STM32F4xx_HAL_Driver/Src/stm32f4xx_hal_tim.o
 .text.TIM_TI1_ConfigInputStage
                0x0000000008008e88       0x5e ./Drivers/STM32F4xx_HAL_Driver/Src/stm32f4xx_hal_tim.o
 .text.TIM_TI2_ConfigInputStage
                0x0000000008008ee6       0x60 ./Drivers/STM32F4xx_HAL_Driver/Src/stm32f4xx_hal_tim.o
 .text.TIM_ITRx_SetConfig
                0x0000000008008f46       0x36 ./Drivers/STM32F4xx_HAL_Driver/Src/stm32f4xx_hal_tim.o
 .text.TIM_ETR_SetConfig
                0x0000000008008f7c       0x40 ./Drivers/STM32F4xx_HAL_Driver/Src/stm32f4xx_hal_tim.o
                0x0000000008008f7c                TIM_ETR_SetConfig
 .text.TIM_CCxChannelCmd
                0x0000000008008fbc       0x4a ./Drivers/STM32F4xx_HAL_Driver/Src/stm32f4xx_hal_tim.o
                0x0000000008008fbc                TIM_CCxChannelCmd
 *fill*         0x0000000008009006        0x2 
 .text.HAL_TIMEx_PWMN_Start
                0x0000000008009008      0x174 ./Drivers/STM32F4xx_HAL_Driver/Src/stm32f4xx_hal_tim_ex.o
                0x0000000008009008                HAL_TIMEx_PWMN_Start
 .text.HAL_TIMEx_PWMN_Stop
                0x000000000800917c       0xba ./Drivers/STM32F4xx_HAL_Driver/Src/stm32f4xx_hal_tim_ex.o
                0x000000000800917c                HAL_TIMEx_PWMN_Stop
 *fill*         0x0000000008009236        0x2 
 .text.HAL_TIMEx_PWMN_Start_DMA
                0x0000000008009238      0x300 ./Drivers/STM32F4xx_HAL_Driver/Src/stm32f4xx_hal_tim_ex.o
                0x0000000008009238                HAL_TIMEx_PWMN_Start_DMA
 .text.HAL_TIMEx_MasterConfigSynchronization
                0x0000000008009538       0xf8 ./Drivers/STM32F4xx_HAL_Driver/Src/stm32f4xx_hal_tim_ex.o
                0x0000000008009538                HAL_TIMEx_MasterConfigSynchronization
 .text.HAL_TIMEx_ConfigBreakDeadTime
                0x0000000008009630       0xa4 ./Drivers/STM32F4xx_HAL_Driver/Src/stm32f4xx_hal_tim_ex.o
                0x0000000008009630                HAL_TIMEx_ConfigBreakDeadTime
 .text.HAL_TIMEx_CommutCallback
                0x00000000080096d4       0x14 ./Drivers/STM32F4xx_HAL_Driver/Src/stm32f4xx_hal_tim_ex.o
                0x00000000080096d4                HAL_TIMEx_CommutCallback
 .text.HAL_TIMEx_BreakCallback
                0x00000000080096e8       0x14 ./Drivers/STM32F4xx_HAL_Driver/Src/stm32f4xx_hal_tim_ex.o
                0x00000000080096e8                HAL_TIMEx_BreakCallback
 .text.TIM_DMADelayPulseNCplt
                0x00000000080096fc       0xa8 ./Drivers/STM32F4xx_HAL_Driver/Src/stm32f4xx_hal_tim_ex.o
 .text.TIM_DMAErrorCCxN
                0x00000000080097a4       0x6e ./Drivers/STM32F4xx_HAL_Driver/Src/stm32f4xx_hal_tim_ex.o
 .text.TIM_CCxNChannelCmd
                0x0000000008009812       0x4a ./Drivers/STM32F4xx_HAL_Driver/Src/stm32f4xx_hal_tim_ex.o
 .text.USB_CoreInit
                0x000000000800985c       0xc2 ./Drivers/STM32F4xx_HAL_Driver/Src/stm32f4xx_ll_usb.o
                0x000000000800985c                USB_CoreInit
 *fill*         0x000000000800991e        0x2 
 .text.USB_SetTurnaroundTime
                0x0000000008009920      0x144 ./Drivers/STM32F4xx_HAL_Driver/Src/stm32f4xx_ll_usb.o
                0x0000000008009920                USB_SetTurnaroundTime
 .text.USB_EnableGlobalInt
                0x0000000008009a64       0x22 ./Drivers/STM32F4xx_HAL_Driver/Src/stm32f4xx_ll_usb.o
                0x0000000008009a64                USB_EnableGlobalInt
 .text.USB_DisableGlobalInt
                0x0000000008009a86       0x22 ./Drivers/STM32F4xx_HAL_Driver/Src/stm32f4xx_ll_usb.o
                0x0000000008009a86                USB_DisableGlobalInt
 .text.USB_SetCurrentMode
                0x0000000008009aa8       0x98 ./Drivers/STM32F4xx_HAL_Driver/Src/stm32f4xx_ll_usb.o
                0x0000000008009aa8                USB_SetCurrentMode
 .text.USB_DevInit
                0x0000000008009b40      0x2bc ./Drivers/STM32F4xx_HAL_Driver/Src/stm32f4xx_ll_usb.o
                0x0000000008009b40                USB_DevInit
 .text.USB_FlushTxFifo
                0x0000000008009dfc       0x68 ./Drivers/STM32F4xx_HAL_Driver/Src/stm32f4xx_ll_usb.o
                0x0000000008009dfc                USB_FlushTxFifo
 .text.USB_FlushRxFifo
                0x0000000008009e64       0x60 ./Drivers/STM32F4xx_HAL_Driver/Src/stm32f4xx_ll_usb.o
                0x0000000008009e64                USB_FlushRxFifo
 .text.USB_SetDevSpeed
                0x0000000008009ec4       0x32 ./Drivers/STM32F4xx_HAL_Driver/Src/stm32f4xx_ll_usb.o
                0x0000000008009ec4                USB_SetDevSpeed
 .text.USB_GetDevSpeed
                0x0000000008009ef6       0x4a ./Drivers/STM32F4xx_HAL_Driver/Src/stm32f4xx_ll_usb.o
                0x0000000008009ef6                USB_GetDevSpeed
 .text.USB_ActivateEndpoint
                0x0000000008009f40      0x10e ./Drivers/STM32F4xx_HAL_Driver/Src/stm32f4xx_ll_usb.o
                0x0000000008009f40                USB_ActivateEndpoint
 *fill*         0x000000000800a04e        0x2 
 .text.USB_DeactivateEndpoint
                0x000000000800a050      0x1b8 ./Drivers/STM32F4xx_HAL_Driver/Src/stm32f4xx_ll_usb.o
                0x000000000800a050                USB_DeactivateEndpoint
 .text.USB_EPStartXfer
                0x000000000800a208      0x490 ./Drivers/STM32F4xx_HAL_Driver/Src/stm32f4xx_ll_usb.o
                0x000000000800a208                USB_EPStartXfer
 .text.USB_EP0StartXfer
                0x000000000800a698      0x2b0 ./Drivers/STM32F4xx_HAL_Driver/Src/stm32f4xx_ll_usb.o
                0x000000000800a698                USB_EP0StartXfer
 .text.USB_EPStopXfer
                0x000000000800a948      0x154 ./Drivers/STM32F4xx_HAL_Driver/Src/stm32f4xx_ll_usb.o
                0x000000000800a948                USB_EPStopXfer
 .text.USB_WritePacket
                0x000000000800aa9c       0x7c ./Drivers/STM32F4xx_HAL_Driver/Src/stm32f4xx_ll_usb.o
                0x000000000800aa9c                USB_WritePacket
 .text.USB_ReadPacket
                0x000000000800ab18       0xb0 ./Drivers/STM32F4xx_HAL_Driver/Src/stm32f4xx_ll_usb.o
                0x000000000800ab18                USB_ReadPacket
 .text.USB_EPSetStall
                0x000000000800abc8       0xdc ./Drivers/STM32F4xx_HAL_Driver/Src/stm32f4xx_ll_usb.o
                0x000000000800abc8                USB_EPSetStall
 .text.USB_EPClearStall
                0x000000000800aca4       0xcc ./Drivers/STM32F4xx_HAL_Driver/Src/stm32f4xx_ll_usb.o
                0x000000000800aca4                USB_EPClearStall
 .text.USB_SetDevAddress
                0x000000000800ad70       0x4c ./Drivers/STM32F4xx_HAL_Driver/Src/stm32f4xx_ll_usb.o
                0x000000000800ad70                USB_SetDevAddress
 .text.USB_DevConnect
                0x000000000800adbc       0x42 ./Drivers/STM32F4xx_HAL_Driver/Src/stm32f4xx_ll_usb.o
                0x000000000800adbc                USB_DevConnect
 .text.USB_DevDisconnect
                0x000000000800adfe       0x42 ./Drivers/STM32F4xx_HAL_Driver/Src/stm32f4xx_ll_usb.o
                0x000000000800adfe                USB_DevDisconnect
 .text.USB_ReadInterrupts
                0x000000000800ae40       0x26 ./Drivers/STM32F4xx_HAL_Driver/Src/stm32f4xx_ll_usb.o
                0x000000000800ae40                USB_ReadInterrupts
 .text.USB_ReadDevAllOutEpInterrupt
                0x000000000800ae66       0x34 ./Drivers/STM32F4xx_HAL_Driver/Src/stm32f4xx_ll_usb.o
                0x000000000800ae66                USB_ReadDevAllOutEpInterrupt
 .text.USB_ReadDevAllInEpInterrupt
                0x000000000800ae9a       0x34 ./Drivers/STM32F4xx_HAL_Driver/Src/stm32f4xx_ll_usb.o
                0x000000000800ae9a                USB_ReadDevAllInEpInterrupt
 .text.USB_ReadDevOutEPInterrupt
                0x000000000800aece       0x3c ./Drivers/STM32F4xx_HAL_Driver/Src/stm32f4xx_ll_usb.o
                0x000000000800aece                USB_ReadDevOutEPInterrupt
 .text.USB_ReadDevInEPInterrupt
                0x000000000800af0a       0x5c ./Drivers/STM32F4xx_HAL_Driver/Src/stm32f4xx_ll_usb.o
                0x000000000800af0a                USB_ReadDevInEPInterrupt
 .text.USB_GetMode
                0x000000000800af66       0x1c ./Drivers/STM32F4xx_HAL_Driver/Src/stm32f4xx_ll_usb.o
                0x000000000800af66                USB_GetMode
 .text.USB_ActivateSetup
                0x000000000800af82       0x46 ./Drivers/STM32F4xx_HAL_Driver/Src/stm32f4xx_ll_usb.o
                0x000000000800af82                USB_ActivateSetup
 .text.USB_EP0_OutStart
                0x000000000800afc8       0xbc ./Drivers/STM32F4xx_HAL_Driver/Src/stm32f4xx_ll_usb.o
                0x000000000800afc8                USB_EP0_OutStart
 .text.USB_CoreReset
                0x000000000800b084       0x68 ./Drivers/STM32F4xx_HAL_Driver/Src/stm32f4xx_ll_usb.o
 .text.USBD_CDC_Init
                0x000000000800b0ec      0x1f0 ./Middlewares/ST/STM32_USB_Device_Library/Class/CDC/Src/usbd_cdc.o
 .text.USBD_CDC_DeInit
                0x000000000800b2dc      0x104 ./Middlewares/ST/STM32_USB_Device_Library/Class/CDC/Src/usbd_cdc.o
 .text.USBD_CDC_Setup
                0x000000000800b3e0      0x1b8 ./Middlewares/ST/STM32_USB_Device_Library/Class/CDC/Src/usbd_cdc.o
 .text.USBD_CDC_DataIn
                0x000000000800b598       0xfe ./Middlewares/ST/STM32_USB_Device_Library/Class/CDC/Src/usbd_cdc.o
 .text.USBD_CDC_DataOut
                0x000000000800b696       0x70 ./Middlewares/ST/STM32_USB_Device_Library/Class/CDC/Src/usbd_cdc.o
 .text.USBD_CDC_EP0_RxReady
                0x000000000800b706       0x76 ./Middlewares/ST/STM32_USB_Device_Library/Class/CDC/Src/usbd_cdc.o
 .text.USBD_CDC_GetFSCfgDesc
                0x000000000800b77c       0x70 ./Middlewares/ST/STM32_USB_Device_Library/Class/CDC/Src/usbd_cdc.o
 .text.USBD_CDC_GetHSCfgDesc
                0x000000000800b7ec       0x70 ./Middlewares/ST/STM32_USB_Device_Library/Class/CDC/Src/usbd_cdc.o
 .text.USBD_CDC_GetOtherSpeedCfgDesc
                0x000000000800b85c       0x70 ./Middlewares/ST/STM32_USB_Device_Library/Class/CDC/Src/usbd_cdc.o
 .text.USBD_CDC_GetDeviceQualifierDescriptor
                0x000000000800b8cc       0x20 ./Middlewares/ST/STM32_USB_Device_Library/Class/CDC/Src/usbd_cdc.o
                0x000000000800b8cc                USBD_CDC_GetDeviceQualifierDescriptor
 .text.USBD_CDC_RegisterInterface
                0x000000000800b8ec       0x34 ./Middlewares/ST/STM32_USB_Device_Library/Class/CDC/Src/usbd_cdc.o
                0x000000000800b8ec                USBD_CDC_RegisterInterface
 .text.USBD_CDC_SetTxBuffer
                0x000000000800b920       0x44 ./Middlewares/ST/STM32_USB_Device_Library/Class/CDC/Src/usbd_cdc.o
                0x000000000800b920                USBD_CDC_SetTxBuffer
 .text.USBD_CDC_SetRxBuffer
                0x000000000800b964       0x3a ./Middlewares/ST/STM32_USB_Device_Library/Class/CDC/Src/usbd_cdc.o
                0x000000000800b964                USBD_CDC_SetRxBuffer
 *fill*         0x000000000800b99e        0x2 
 .text.USBD_CDC_ReceivePacket
                0x000000000800b9a0       0x6c ./Middlewares/ST/STM32_USB_Device_Library/Class/CDC/Src/usbd_cdc.o
                0x000000000800b9a0                USBD_CDC_ReceivePacket
 .text.USBD_Init
                0x000000000800ba0c       0x60 ./Middlewares/ST/STM32_USB_Device_Library/Core/Src/usbd_core.o
                0x000000000800ba0c                USBD_Init
 .text.USBD_RegisterClass
                0x000000000800ba6c       0x6c ./Middlewares/ST/STM32_USB_Device_Library/Core/Src/usbd_core.o
                0x000000000800ba6c                USBD_RegisterClass
 .text.USBD_Start
                0x000000000800bad8       0x18 ./Middlewares/ST/STM32_USB_Device_Library/Core/Src/usbd_core.o
                0x000000000800bad8                USBD_Start
 .text.USBD_RunTestMode
                0x000000000800baf0       0x16 ./Middlewares/ST/STM32_USB_Device_Library/Core/Src/usbd_core.o
                0x000000000800baf0                USBD_RunTestMode
 .text.USBD_SetClassConfig
                0x000000000800bb06       0x38 ./Middlewares/ST/STM32_USB_Device_Library/Core/Src/usbd_core.o
                0x000000000800bb06                USBD_SetClassConfig
 .text.USBD_ClrClassConfig
                0x000000000800bb3e       0x34 ./Middlewares/ST/STM32_USB_Device_Library/Core/Src/usbd_core.o
                0x000000000800bb3e                USBD_ClrClassConfig
 .text.USBD_LL_SetupStage
                0x000000000800bb72       0xaa ./Middlewares/ST/STM32_USB_Device_Library/Core/Src/usbd_core.o
                0x000000000800bb72                USBD_LL_SetupStage
 .text.USBD_LL_DataOutStage
                0x000000000800bc1c      0x166 ./Middlewares/ST/STM32_USB_Device_Library/Core/Src/usbd_core.o
                0x000000000800bc1c                USBD_LL_DataOutStage
 .text.USBD_LL_DataInStage
                0x000000000800bd82      0x164 ./Middlewares/ST/STM32_USB_Device_Library/Core/Src/usbd_core.o
                0x000000000800bd82                USBD_LL_DataInStage
 .text.USBD_LL_Reset
                0x000000000800bee6       0xa4 ./Middlewares/ST/STM32_USB_Device_Library/Core/Src/usbd_core.o
                0x000000000800bee6                USBD_LL_Reset
 .text.USBD_LL_SetSpeed
                0x000000000800bf8a       0x20 ./Middlewares/ST/STM32_USB_Device_Library/Core/Src/usbd_core.o
                0x000000000800bf8a                USBD_LL_SetSpeed
 .text.USBD_LL_Suspend
                0x000000000800bfaa       0x2c ./Middlewares/ST/STM32_USB_Device_Library/Core/Src/usbd_core.o
                0x000000000800bfaa                USBD_LL_Suspend
 .text.USBD_LL_Resume
                0x000000000800bfd6       0x30 ./Middlewares/ST/STM32_USB_Device_Library/Core/Src/usbd_core.o
                0x000000000800bfd6                USBD_LL_Resume
 .text.USBD_LL_SOF
                0x000000000800c006       0x40 ./Middlewares/ST/STM32_USB_Device_Library/Core/Src/usbd_core.o
                0x000000000800c006                USBD_LL_SOF
 .text.USBD_LL_IsoINIncomplete
                0x000000000800c046       0x64 ./Middlewares/ST/STM32_USB_Device_Library/Core/Src/usbd_core.o
                0x000000000800c046                USBD_LL_IsoINIncomplete
 .text.USBD_LL_IsoOUTIncomplete
                0x000000000800c0aa       0x64 ./Middlewares/ST/STM32_USB_Device_Library/Core/Src/usbd_core.o
                0x000000000800c0aa                USBD_LL_IsoOUTIncomplete
 .text.USBD_LL_DevConnected
                0x000000000800c10e       0x16 ./Middlewares/ST/STM32_USB_Device_Library/Core/Src/usbd_core.o
                0x000000000800c10e                USBD_LL_DevConnected
 .text.USBD_LL_DevDisconnected
                0x000000000800c124       0x46 ./Middlewares/ST/STM32_USB_Device_Library/Core/Src/usbd_core.o
                0x000000000800c124                USBD_LL_DevDisconnected
 .text.USBD_CoreFindIF
                0x000000000800c16a       0x1a ./Middlewares/ST/STM32_USB_Device_Library/Core/Src/usbd_core.o
                0x000000000800c16a                USBD_CoreFindIF
 .text.USBD_CoreFindEP
                0x000000000800c184       0x1a ./Middlewares/ST/STM32_USB_Device_Library/Core/Src/usbd_core.o
                0x000000000800c184                USBD_CoreFindEP
 .text.USBD_GetEpDesc
                0x000000000800c19e       0x74 ./Middlewares/ST/STM32_USB_Device_Library/Core/Src/usbd_core.o
                0x000000000800c19e                USBD_GetEpDesc
 .text.USBD_GetNextDesc
                0x000000000800c212       0x3a ./Middlewares/ST/STM32_USB_Device_Library/Core/Src/usbd_core.o
                0x000000000800c212                USBD_GetNextDesc
 .text.SWAPBYTE
                0x000000000800c24c       0x3c ./Middlewares/ST/STM32_USB_Device_Library/Core/Src/usbd_ctlreq.o
 .text.USBD_StdDevReq
                0x000000000800c288       0xe4 ./Middlewares/ST/STM32_USB_Device_Library/Core/Src/usbd_ctlreq.o
                0x000000000800c288                USBD_StdDevReq
 .text.USBD_StdItfReq
                0x000000000800c36c       0xd8 ./Middlewares/ST/STM32_USB_Device_Library/Core/Src/usbd_ctlreq.o
                0x000000000800c36c                USBD_StdItfReq
 .text.USBD_StdEPReq
                0x000000000800c444      0x33a ./Middlewares/ST/STM32_USB_Device_Library/Core/Src/usbd_ctlreq.o
                0x000000000800c444                USBD_StdEPReq
 *fill*         0x000000000800c77e        0x2 
 .text.USBD_GetDescriptor
                0x000000000800c780      0x2d4 ./Middlewares/ST/STM32_USB_Device_Library/Core/Src/usbd_ctlreq.o
 .text.USBD_SetAddress
                0x000000000800ca54       0x88 ./Middlewares/ST/STM32_USB_Device_Library/Core/Src/usbd_ctlreq.o
 .text.USBD_SetConfig
                0x000000000800cadc      0x154 ./Middlewares/ST/STM32_USB_Device_Library/Core/Src/usbd_ctlreq.o
 .text.USBD_GetConfig
                0x000000000800cc30       0x6c ./Middlewares/ST/STM32_USB_Device_Library/Core/Src/usbd_ctlreq.o
 .text.USBD_GetStatus
                0x000000000800cc9c       0x68 ./Middlewares/ST/STM32_USB_Device_Library/Core/Src/usbd_ctlreq.o
 .text.USBD_SetFeature
                0x000000000800cd04       0x52 ./Middlewares/ST/STM32_USB_Device_Library/Core/Src/usbd_ctlreq.o
 .text.USBD_ClrFeature
                0x000000000800cd56       0x44 ./Middlewares/ST/STM32_USB_Device_Library/Core/Src/usbd_ctlreq.o
 .text.USBD_ParseSetupRequest
                0x000000000800cd9a       0x74 ./Middlewares/ST/STM32_USB_Device_Library/Core/Src/usbd_ctlreq.o
                0x000000000800cd9a                USBD_ParseSetupRequest
 .text.USBD_CtlError
                0x000000000800ce0e       0x22 ./Middlewares/ST/STM32_USB_Device_Library/Core/Src/usbd_ctlreq.o
                0x000000000800ce0e                USBD_CtlError
 .text.USBD_GetString
                0x000000000800ce30       0x8c ./Middlewares/ST/STM32_USB_Device_Library/Core/Src/usbd_ctlreq.o
                0x000000000800ce30                USBD_GetString
 .text.USBD_GetLen
                0x000000000800cebc       0x34 ./Middlewares/ST/STM32_USB_Device_Library/Core/Src/usbd_ctlreq.o
 .text.USBD_CtlSendData
                0x000000000800cef0       0x36 ./Middlewares/ST/STM32_USB_Device_Library/Core/Src/usbd_ioreq.o
                0x000000000800cef0                USBD_CtlSendData
 .text.USBD_CtlContinueSendData
                0x000000000800cf26       0x22 ./Middlewares/ST/STM32_USB_Device_Library/Core/Src/usbd_ioreq.o
                0x000000000800cf26                USBD_CtlContinueSendData
 .text.USBD_CtlPrepareRx
                0x000000000800cf48       0x3a ./Middlewares/ST/STM32_USB_Device_Library/Core/Src/usbd_ioreq.o
                0x000000000800cf48                USBD_CtlPrepareRx
 .text.USBD_CtlContinueRx
                0x000000000800cf82       0x22 ./Middlewares/ST/STM32_USB_Device_Library/Core/Src/usbd_ioreq.o
                0x000000000800cf82                USBD_CtlContinueRx
 .text.USBD_CtlSendStatus
                0x000000000800cfa4       0x26 ./Middlewares/ST/STM32_USB_Device_Library/Core/Src/usbd_ioreq.o
                0x000000000800cfa4                USBD_CtlSendStatus
 .text.USBD_CtlReceiveStatus
                0x000000000800cfca       0x26 ./Middlewares/ST/STM32_USB_Device_Library/Core/Src/usbd_ioreq.o
                0x000000000800cfca                USBD_CtlReceiveStatus
 .text.__NVIC_SetPriority
                0x000000000800cff0       0x54 ./Middlewares/Third_Party/FreeRTOS/Source/CMSIS_RTOS_V2/cmsis_os2.o
 .text.SysTick_Handler
                0x000000000800d044       0x20 ./Middlewares/Third_Party/FreeRTOS/Source/CMSIS_RTOS_V2/cmsis_os2.o
                0x000000000800d044                SysTick_Handler
 .text.SVC_Setup
                0x000000000800d064       0x12 ./Middlewares/Third_Party/FreeRTOS/Source/CMSIS_RTOS_V2/cmsis_os2.o
 *fill*         0x000000000800d076        0x2 
 .text.osKernelInitialize
                0x000000000800d078       0x48 ./Middlewares/Third_Party/FreeRTOS/Source/CMSIS_RTOS_V2/cmsis_os2.o
                0x000000000800d078                osKernelInitialize
 .text.osKernelStart
                0x000000000800d0c0       0x4c ./Middlewares/Third_Party/FreeRTOS/Source/CMSIS_RTOS_V2/cmsis_os2.o
                0x000000000800d0c0                osKernelStart
 .text.osThreadNew
                0x000000000800d10c      0x124 ./Middlewares/Third_Party/FreeRTOS/Source/CMSIS_RTOS_V2/cmsis_os2.o
                0x000000000800d10c                osThreadNew
 .text.osThreadGetId
                0x000000000800d230       0x16 ./Middlewares/Third_Party/FreeRTOS/Source/CMSIS_RTOS_V2/cmsis_os2.o
                0x000000000800d230                osThreadGetId
 .text.osThreadSuspend
                0x000000000800d246       0x42 ./Middlewares/Third_Party/FreeRTOS/Source/CMSIS_RTOS_V2/cmsis_os2.o
                0x000000000800d246                osThreadSuspend
 .text.osSemaphoreRelease
                0x000000000800d288       0x88 ./Middlewares/Third_Party/FreeRTOS/Source/CMSIS_RTOS_V2/cmsis_os2.o
                0x000000000800d288                osSemaphoreRelease
 .text.vApplicationGetIdleTaskMemory
                0x000000000800d310       0x34 ./Middlewares/Third_Party/FreeRTOS/Source/CMSIS_RTOS_V2/cmsis_os2.o
                0x000000000800d310                vApplicationGetIdleTaskMemory
 .text.vApplicationGetTimerTaskMemory
                0x000000000800d344       0x34 ./Middlewares/Third_Party/FreeRTOS/Source/CMSIS_RTOS_V2/cmsis_os2.o
                0x000000000800d344                vApplicationGetTimerTaskMemory
 .text.vListInitialise
                0x000000000800d378       0x40 ./Middlewares/Third_Party/FreeRTOS/Source/list.o
                0x000000000800d378                vListInitialise
 .text.vListInitialiseItem
                0x000000000800d3b8       0x1a ./Middlewares/Third_Party/FreeRTOS/Source/list.o
                0x000000000800d3b8                vListInitialiseItem
 .text.vListInsertEnd
                0x000000000800d3d2       0x48 ./Middlewares/Third_Party/FreeRTOS/Source/list.o
                0x000000000800d3d2                vListInsertEnd
 .text.vListInsert
                0x000000000800d41a       0x72 ./Middlewares/Third_Party/FreeRTOS/Source/list.o
                0x000000000800d41a                vListInsert
 .text.uxListRemove
                0x000000000800d48c       0x54 ./Middlewares/Third_Party/FreeRTOS/Source/list.o
                0x000000000800d48c                uxListRemove
 .text.xQueueGenericReset
                0x000000000800d4e0       0xd0 ./Middlewares/Third_Party/FreeRTOS/Source/queue.o
                0x000000000800d4e0                xQueueGenericReset
 .text.xQueueGenericCreateStatic
                0x000000000800d5b0       0xf0 ./Middlewares/Third_Party/FreeRTOS/Source/queue.o
                0x000000000800d5b0                xQueueGenericCreateStatic
 .text.prvInitialiseNewQueue
                0x000000000800d6a0       0x46 ./Middlewares/Third_Party/FreeRTOS/Source/queue.o
 *fill*         0x000000000800d6e6        0x2 
 .text.xQueueGenericSend
                0x000000000800d6e8      0x1fc ./Middlewares/Third_Party/FreeRTOS/Source/queue.o
                0x000000000800d6e8                xQueueGenericSend
 .text.xQueueGenericSendFromISR
                0x000000000800d8e4      0x136 ./Middlewares/Third_Party/FreeRTOS/Source/queue.o
                0x000000000800d8e4                xQueueGenericSendFromISR
 .text.xQueueGiveFromISR
                0x000000000800da1a      0x11a ./Middlewares/Third_Party/FreeRTOS/Source/queue.o
                0x000000000800da1a                xQueueGiveFromISR
 .text.xQueueReceive
                0x000000000800db34      0x1c0 ./Middlewares/Third_Party/FreeRTOS/Source/queue.o
                0x000000000800db34                xQueueReceive
 .text.prvCopyDataToQueue
                0x000000000800dcf4       0xd4 ./Middlewares/Third_Party/FreeRTOS/Source/queue.o
 .text.prvCopyDataFromQueue
                0x000000000800ddc8       0x4c ./Middlewares/Third_Party/FreeRTOS/Source/queue.o
 .text.prvUnlockQueue
                0x000000000800de14       0xa4 ./Middlewares/Third_Party/FreeRTOS/Source/queue.o
 .text.prvIsQueueEmpty
                0x000000000800deb8       0x2c ./Middlewares/Third_Party/FreeRTOS/Source/queue.o
 .text.prvIsQueueFull
                0x000000000800dee4       0x30 ./Middlewares/Third_Party/FreeRTOS/Source/queue.o
 .text.vQueueAddToRegistry
                0x000000000800df14       0x54 ./Middlewares/Third_Party/FreeRTOS/Source/queue.o
                0x000000000800df14                vQueueAddToRegistry
 .text.vQueueWaitForMessageRestricted
                0x000000000800df68       0x68 ./Middlewares/Third_Party/FreeRTOS/Source/queue.o
                0x000000000800df68                vQueueWaitForMessageRestricted
 .text.xTaskCreateStatic
                0x000000000800dfd0       0xba ./Middlewares/Third_Party/FreeRTOS/Source/tasks.o
                0x000000000800dfd0                xTaskCreateStatic
 .text.xTaskCreate
                0x000000000800e08a       0x8a ./Middlewares/Third_Party/FreeRTOS/Source/tasks.o
                0x000000000800e08a                xTaskCreate
 .text.prvInitialiseNewTask
                0x000000000800e114      0x14c ./Middlewares/Third_Party/FreeRTOS/Source/tasks.o
 .text.prvAddNewTaskToReadyList
                0x000000000800e260       0xe0 ./Middlewares/Third_Party/FreeRTOS/Source/tasks.o
 .text.vTaskSuspend
                0x000000000800e340       0xec ./Middlewares/Third_Party/FreeRTOS/Source/tasks.o
                0x000000000800e340                vTaskSuspend
 .text.vTaskStartScheduler
                0x000000000800e42c       0xe0 ./Middlewares/Third_Party/FreeRTOS/Source/tasks.o
                0x000000000800e42c                vTaskStartScheduler
 .text.vTaskSuspendAll
                0x000000000800e50c       0x1c ./Middlewares/Third_Party/FreeRTOS/Source/tasks.o
                0x000000000800e50c                vTaskSuspendAll
 .text.xTaskResumeAll
                0x000000000800e528      0x13c ./Middlewares/Third_Party/FreeRTOS/Source/tasks.o
                0x000000000800e528                xTaskResumeAll
 .text.xTaskGetTickCount
                0x000000000800e664       0x20 ./Middlewares/Third_Party/FreeRTOS/Source/tasks.o
                0x000000000800e664                xTaskGetTickCount
 .text.xTaskIncrementTick
                0x000000000800e684      0x174 ./Middlewares/Third_Party/FreeRTOS/Source/tasks.o
                0x000000000800e684                xTaskIncrementTick
 .text.vTaskSwitchContext
                0x000000000800e7f8       0xc8 ./Middlewares/Third_Party/FreeRTOS/Source/tasks.o
                0x000000000800e7f8                vTaskSwitchContext
 .text.vTaskPlaceOnEventList
                0x000000000800e8c0       0x48 ./Middlewares/Third_Party/FreeRTOS/Source/tasks.o
                0x000000000800e8c0                vTaskPlaceOnEventList
 .text.vTaskPlaceOnEventListRestricted
                0x000000000800e908       0x58 ./Middlewares/Third_Party/FreeRTOS/Source/tasks.o
                0x000000000800e908                vTaskPlaceOnEventListRestricted
 .text.xTaskRemoveFromEventList
                0x000000000800e960       0xc8 ./Middlewares/Third_Party/FreeRTOS/Source/tasks.o
                0x000000000800e960                xTaskRemoveFromEventList
 .text.vTaskInternalSetTimeOutState
                0x000000000800ea28       0x2c ./Middlewares/Third_Party/FreeRTOS/Source/tasks.o
                0x000000000800ea28                vTaskInternalSetTimeOutState
 .text.xTaskCheckForTimeOut
                0x000000000800ea54       0xc4 ./Middlewares/Third_Party/FreeRTOS/Source/tasks.o
                0x000000000800ea54                xTaskCheckForTimeOut
 .text.vTaskMissedYield
                0x000000000800eb18       0x18 ./Middlewares/Third_Party/FreeRTOS/Source/tasks.o
                0x000000000800eb18                vTaskMissedYield
 .text.prvIdleTask
                0x000000000800eb30       0x30 ./Middlewares/Third_Party/FreeRTOS/Source/tasks.o
 .text.prvInitialiseTaskLists
                0x000000000800eb60       0x80 ./Middlewares/Third_Party/FreeRTOS/Source/tasks.o
 .text.prvCheckTasksWaitingTermination
                0x000000000800ebe0       0x5c ./Middlewares/Third_Party/FreeRTOS/Source/tasks.o
 .text.prvDeleteTCB
                0x000000000800ec3c       0x68 ./Middlewares/Third_Party/FreeRTOS/Source/tasks.o
 .text.prvResetNextTaskUnblockTime
                0x000000000800eca4       0x40 ./Middlewares/Third_Party/FreeRTOS/Source/tasks.o
 .text.xTaskGetCurrentTaskHandle
                0x000000000800ece4       0x20 ./Middlewares/Third_Party/FreeRTOS/Source/tasks.o
                0x000000000800ece4                xTaskGetCurrentTaskHandle
 .text.xTaskGetSchedulerState
                0x000000000800ed04       0x3c ./Middlewares/Third_Party/FreeRTOS/Source/tasks.o
                0x000000000800ed04                xTaskGetSchedulerState
 .text.xTaskPriorityDisinherit
                0x000000000800ed40       0xdc ./Middlewares/Third_Party/FreeRTOS/Source/tasks.o
                0x000000000800ed40                xTaskPriorityDisinherit
 .text.prvAddCurrentTaskToDelayedList
                0x000000000800ee1c       0xa8 ./Middlewares/Third_Party/FreeRTOS/Source/tasks.o
 .text.xTimerCreateTimerTask
                0x000000000800eec4       0x90 ./Middlewares/Third_Party/FreeRTOS/Source/timers.o
                0x000000000800eec4                xTimerCreateTimerTask
 .text.xTimerGenericCommand
                0x000000000800ef54       0x9c ./Middlewares/Third_Party/FreeRTOS/Source/timers.o
                0x000000000800ef54                xTimerGenericCommand
 .text.prvProcessExpiredTimer
                0x000000000800eff0       0x98 ./Middlewares/Third_Party/FreeRTOS/Source/timers.o
 .text.prvTimerTask
                0x000000000800f088       0x24 ./Middlewares/Third_Party/FreeRTOS/Source/timers.o
 .text.prvProcessTimerOrBlockTask
                0x000000000800f0ac       0x9c ./Middlewares/Third_Party/FreeRTOS/Source/timers.o
 .text.prvGetNextExpireTime
                0x000000000800f148       0x48 ./Middlewares/Third_Party/FreeRTOS/Source/timers.o
 .text.prvSampleTimeNow
                0x000000000800f190       0x40 ./Middlewares/Third_Party/FreeRTOS/Source/timers.o
 .text.prvInsertTimerInActiveList
                0x000000000800f1d0       0x84 ./Middlewares/Third_Party/FreeRTOS/Source/timers.o
 .text.prvProcessReceivedCommands
                0x000000000800f254      0x1c4 ./Middlewares/Third_Party/FreeRTOS/Source/timers.o
 .text.prvSwitchTimerLists
                0x000000000800f418       0xc8 ./Middlewares/Third_Party/FreeRTOS/Source/timers.o
 .text.prvCheckForValidListAndQueue
                0x000000000800f4e0       0x80 ./Middlewares/Third_Party/FreeRTOS/Source/timers.o
 .text.pxPortInitialiseStack
                0x000000000800f560       0x68 ./Middlewares/Third_Party/FreeRTOS/Source/portable/GCC/ARM_CM4F/port.o
                0x000000000800f560                pxPortInitialiseStack
 .text.prvTaskExitError
                0x000000000800f5c8       0x58 ./Middlewares/Third_Party/FreeRTOS/Source/portable/GCC/ARM_CM4F/port.o
 .text.SVC_Handler
                0x000000000800f620       0x28 ./Middlewares/Third_Party/FreeRTOS/Source/portable/GCC/ARM_CM4F/port.o
                0x000000000800f620                SVC_Handler
 .text.prvPortStartFirstTask
                0x000000000800f648       0x28 ./Middlewares/Third_Party/FreeRTOS/Source/portable/GCC/ARM_CM4F/port.o
 .text.xPortStartScheduler
                0x000000000800f670      0x144 ./Middlewares/Third_Party/FreeRTOS/Source/portable/GCC/ARM_CM4F/port.o
                0x000000000800f670                xPortStartScheduler
 .text.vPortEnterCritical
                0x000000000800f7b4       0x60 ./Middlewares/Third_Party/FreeRTOS/Source/portable/GCC/ARM_CM4F/port.o
                0x000000000800f7b4                vPortEnterCritical
 .text.vPortExitCritical
                0x000000000800f814       0x54 ./Middlewares/Third_Party/FreeRTOS/Source/portable/GCC/ARM_CM4F/port.o
                0x000000000800f814                vPortExitCritical
 *fill*         0x000000000800f868        0x8 
 .text.PendSV_Handler
                0x000000000800f870       0x68 ./Middlewares/Third_Party/FreeRTOS/Source/portable/GCC/ARM_CM4F/port.o
                0x000000000800f870                PendSV_Handler
 .text.xPortSysTickHandler
                0x000000000800f8d8       0x44 ./Middlewares/Third_Party/FreeRTOS/Source/portable/GCC/ARM_CM4F/port.o
                0x000000000800f8d8                xPortSysTickHandler
 .text.vPortSetupTimerInterrupt
                0x000000000800f91c       0x48 ./Middlewares/Third_Party/FreeRTOS/Source/portable/GCC/ARM_CM4F/port.o
                0x000000000800f91c                vPortSetupTimerInterrupt
 .text.vPortEnableVFP
                0x000000000800f964       0x14 ./Middlewares/Third_Party/FreeRTOS/Source/portable/GCC/ARM_CM4F/port.o
 .text.vPortValidateInterruptPriority
                0x000000000800f978       0x80 ./Middlewares/Third_Party/FreeRTOS/Source/portable/GCC/ARM_CM4F/port.o
                0x000000000800f978                vPortValidateInterruptPriority
 .text.pvPortMalloc
                0x000000000800f9f8      0x198 ./Middlewares/Third_Party/FreeRTOS/Source/portable/MemMang/heap_4.o
                0x000000000800f9f8                pvPortMalloc
 .text.vPortFree
                0x000000000800fb90       0xc4 ./Middlewares/Third_Party/FreeRTOS/Source/portable/MemMang/heap_4.o
                0x000000000800fb90                vPortFree
 .text.prvHeapInit
                0x000000000800fc54       0xc4 ./Middlewares/Third_Party/FreeRTOS/Source/portable/MemMang/heap_4.o
 .text.prvInsertBlockIntoFreeList
                0x000000000800fd18       0xb4 ./Middlewares/Third_Party/FreeRTOS/Source/portable/MemMang/heap_4.o
 .text.MX_USB_DEVICE_Init
                0x000000000800fdcc       0x60 ./USB_DEVICE/App/usb_device.o
                0x000000000800fdcc                MX_USB_DEVICE_Init
 .text.CDC_Init_FS
                0x000000000800fe2c       0x28 ./USB_DEVICE/App/usbd_cdc_if.o
 .text.CDC_DeInit_FS
                0x000000000800fe54       0x10 ./USB_DEVICE/App/usbd_cdc_if.o
 .text.CDC_Control_FS
                0x000000000800fe64      0x144 ./USB_DEVICE/App/usbd_cdc_if.o
 .text.CDC_Receive_FS
                0x000000000800ffa8       0x34 ./USB_DEVICE/App/usbd_cdc_if.o
 .text.CDC_TransmitCplt_FS
                0x000000000800ffdc       0x22 ./USB_DEVICE/App/usbd_cdc_if.o
 *fill*         0x000000000800fffe        0x2 
 .text.USBD_FS_DeviceDescriptor
                0x0000000008010000       0x24 ./USB_DEVICE/App/usbd_desc.o
                0x0000000008010000                USBD_FS_DeviceDescriptor
 .text.USBD_FS_LangIDStrDescriptor
                0x0000000008010024       0x24 ./USB_DEVICE/App/usbd_desc.o
                0x0000000008010024                USBD_FS_LangIDStrDescriptor
 .text.USBD_FS_ProductStrDescriptor
                0x0000000008010048       0x3c ./USB_DEVICE/App/usbd_desc.o
                0x0000000008010048                USBD_FS_ProductStrDescriptor
 .text.USBD_FS_ManufacturerStrDescriptor
                0x0000000008010084       0x28 ./USB_DEVICE/App/usbd_desc.o
                0x0000000008010084                USBD_FS_ManufacturerStrDescriptor
 .text.USBD_FS_SerialStrDescriptor
                0x00000000080100ac       0x24 ./USB_DEVICE/App/usbd_desc.o
                0x00000000080100ac                USBD_FS_SerialStrDescriptor
 .text.USBD_FS_ConfigStrDescriptor
                0x00000000080100d0       0x3c ./USB_DEVICE/App/usbd_desc.o
                0x00000000080100d0                USBD_FS_ConfigStrDescriptor
 .text.USBD_FS_InterfaceStrDescriptor
                0x000000000801010c       0x3c ./USB_DEVICE/App/usbd_desc.o
                0x000000000801010c                USBD_FS_InterfaceStrDescriptor
 .text.Get_SerialNum
                0x0000000008010148       0x58 ./USB_DEVICE/App/usbd_desc.o
 .text.IntToUnicode
                0x00000000080101a0       0x7e ./USB_DEVICE/App/usbd_desc.o
 *fill*         0x000000000801021e        0x2 
 .text.HAL_PCD_MspInit
                0x0000000008010220      0x104 ./USB_DEVICE/Target/usbd_conf.o
                0x0000000008010220                HAL_PCD_MspInit
 .text.HAL_PCD_SetupStageCallback
                0x0000000008010324       0x24 ./USB_DEVICE/Target/usbd_conf.o
                0x0000000008010324                HAL_PCD_SetupStageCallback
 .text.HAL_PCD_DataOutStageCallback
                0x0000000008010348       0x36 ./USB_DEVICE/Target/usbd_conf.o
                0x0000000008010348                HAL_PCD_DataOutStageCallback
 .text.HAL_PCD_DataInStageCallback
                0x000000000801037e       0x34 ./USB_DEVICE/Target/usbd_conf.o
                0x000000000801037e                HAL_PCD_DataInStageCallback
 .text.HAL_PCD_SOFCallback
                0x00000000080103b2       0x1c ./USB_DEVICE/Target/usbd_conf.o
                0x00000000080103b2                HAL_PCD_SOFCallback
 .text.HAL_PCD_ResetCallback
                0x00000000080103ce       0x50 ./USB_DEVICE/Target/usbd_conf.o
                0x00000000080103ce                HAL_PCD_ResetCallback
 *fill*         0x000000000801041e        0x2 
 .text.HAL_PCD_SuspendCallback
                0x0000000008010420       0x4c ./USB_DEVICE/Target/usbd_conf.o
                0x0000000008010420                HAL_PCD_SuspendCallback
 .text.HAL_PCD_ResumeCallback
                0x000000000801046c       0x1c ./USB_DEVICE/Target/usbd_conf.o
                0x000000000801046c                HAL_PCD_ResumeCallback
 .text.HAL_PCD_ISOOUTIncompleteCallback
                0x0000000008010488       0x24 ./USB_DEVICE/Target/usbd_conf.o
                0x0000000008010488                HAL_PCD_ISOOUTIncompleteCallback
 .text.HAL_PCD_ISOINIncompleteCallback
                0x00000000080104ac       0x24 ./USB_DEVICE/Target/usbd_conf.o
                0x00000000080104ac                HAL_PCD_ISOINIncompleteCallback
 .text.HAL_PCD_ConnectCallback
                0x00000000080104d0       0x1c ./USB_DEVICE/Target/usbd_conf.o
                0x00000000080104d0                HAL_PCD_ConnectCallback
 .text.HAL_PCD_DisconnectCallback
                0x00000000080104ec       0x1c ./USB_DEVICE/Target/usbd_conf.o
                0x00000000080104ec                HAL_PCD_DisconnectCallback
 .text.USBD_LL_Init
                0x0000000008010508       0x98 ./USB_DEVICE/Target/usbd_conf.o
                0x0000000008010508                USBD_LL_Init
 .text.USBD_LL_Start
                0x00000000080105a0       0x36 ./USB_DEVICE/Target/usbd_conf.o
                0x00000000080105a0                USBD_LL_Start
 .text.USBD_LL_OpenEP
                0x00000000080105d6       0x4c ./USB_DEVICE/Target/usbd_conf.o
                0x00000000080105d6                USBD_LL_OpenEP
 .text.USBD_LL_CloseEP
                0x0000000008010622       0x3e ./USB_DEVICE/Target/usbd_conf.o
                0x0000000008010622                USBD_LL_CloseEP
 .text.USBD_LL_StallEP
                0x0000000008010660       0x3e ./USB_DEVICE/Target/usbd_conf.o
                0x0000000008010660                USBD_LL_StallEP
 .text.USBD_LL_ClearStallEP
                0x000000000801069e       0x3e ./USB_DEVICE/Target/usbd_conf.o
                0x000000000801069e                USBD_LL_ClearStallEP
 .text.USBD_LL_IsStallEP
                0x00000000080106dc       0x58 ./USB_DEVICE/Target/usbd_conf.o
                0x00000000080106dc                USBD_LL_IsStallEP
 .text.USBD_LL_SetUSBAddress
                0x0000000008010734       0x3e ./USB_DEVICE/Target/usbd_conf.o
                0x0000000008010734                USBD_LL_SetUSBAddress
 .text.USBD_LL_Transmit
                0x0000000008010772       0x42 ./USB_DEVICE/Target/usbd_conf.o
                0x0000000008010772                USBD_LL_Transmit
 .text.USBD_LL_PrepareReceive
                0x00000000080107b4       0x42 ./USB_DEVICE/Target/usbd_conf.o
                0x00000000080107b4                USBD_LL_PrepareReceive
 .text.USBD_LL_GetRxDataSize
                0x00000000080107f6       0x26 ./USB_DEVICE/Target/usbd_conf.o
                0x00000000080107f6                USBD_LL_GetRxDataSize
 .text.USBD_static_malloc
                0x000000000801081c       0x1c ./USB_DEVICE/Target/usbd_conf.o
                0x000000000801081c                USBD_static_malloc
 .text.USBD_static_free
                0x0000000008010838       0x14 ./USB_DEVICE/Target/usbd_conf.o
                0x0000000008010838                USBD_static_free
 .text.USBD_Get_USB_Status
                0x000000000801084c       0x58 ./USB_DEVICE/Target/usbd_conf.o
                0x000000000801084c                USBD_Get_USB_Status
 .text.__errno  0x00000000080108a4        0xc c:/program files/st/stm32cubeide/stm32cubeide/plugins/com.st.stm32cube.ide.mcu.externaltools.gnu-tools-for-stm32.10.3-2021.10.win32_1.0.0.202111181127/tools/bin/../lib/gcc/arm-none-eabi/10.3.1/../../../../arm-none-eabi/lib/thumb/v7e-m+fp/hard\libc_nano.a(lib_a-errno.o)
                0x00000000080108a4                __errno
 .text.__libc_init_array
                0x00000000080108b0       0x48 c:/program files/st/stm32cubeide/stm32cubeide/plugins/com.st.stm32cube.ide.mcu.externaltools.gnu-tools-for-stm32.10.3-2021.10.win32_1.0.0.202111181127/tools/bin/../lib/gcc/arm-none-eabi/10.3.1/../../../../arm-none-eabi/lib/thumb/v7e-m+fp/hard\libc_nano.a(lib_a-init.o)
                0x00000000080108b0                __libc_init_array
 .text.__retarget_lock_acquire_recursive
                0x00000000080108f8        0x2 c:/program files/st/stm32cubeide/stm32cubeide/plugins/com.st.stm32cube.ide.mcu.externaltools.gnu-tools-for-stm32.10.3-2021.10.win32_1.0.0.202111181127/tools/bin/../lib/gcc/arm-none-eabi/10.3.1/../../../../arm-none-eabi/lib/thumb/v7e-m+fp/hard\libc_nano.a(lib_a-lock.o)
                0x00000000080108f8                __retarget_lock_acquire_recursive
 .text.__retarget_lock_release_recursive
                0x00000000080108fa        0x2 c:/program files/st/stm32cubeide/stm32cubeide/plugins/com.st.stm32cube.ide.mcu.externaltools.gnu-tools-for-stm32.10.3-2021.10.win32_1.0.0.202111181127/tools/bin/../lib/gcc/arm-none-eabi/10.3.1/../../../../arm-none-eabi/lib/thumb/v7e-m+fp/hard\libc_nano.a(lib_a-lock.o)
                0x00000000080108fa                __retarget_lock_release_recursive
 .text.malloc   0x00000000080108fc       0x10 c:/program files/st/stm32cubeide/stm32cubeide/plugins/com.st.stm32cube.ide.mcu.externaltools.gnu-tools-for-stm32.10.3-2021.10.win32_1.0.0.202111181127/tools/bin/../lib/gcc/arm-none-eabi/10.3.1/../../../../arm-none-eabi/lib/thumb/v7e-m+fp/hard\libc_nano.a(lib_a-malloc.o)
                0x00000000080108fc                malloc
 .text.free     0x000000000801090c       0x10 c:/program files/st/stm32cubeide/stm32cubeide/plugins/com.st.stm32cube.ide.mcu.externaltools.gnu-tools-for-stm32.10.3-2021.10.win32_1.0.0.202111181127/tools/bin/../lib/gcc/arm-none-eabi/10.3.1/../../../../arm-none-eabi/lib/thumb/v7e-m+fp/hard\libc_nano.a(lib_a-malloc.o)
                0x000000000801090c                free
 .text.memcpy   0x000000000801091c       0x1c c:/program files/st/stm32cubeide/stm32cubeide/plugins/com.st.stm32cube.ide.mcu.externaltools.gnu-tools-for-stm32.10.3-2021.10.win32_1.0.0.202111181127/tools/bin/../lib/gcc/arm-none-eabi/10.3.1/../../../../arm-none-eabi/lib/thumb/v7e-m+fp/hard\libc_nano.a(lib_a-memcpy-stub.o)
                0x000000000801091c                memcpy
 .text.memset   0x0000000008010938       0x10 c:/program files/st/stm32cubeide/stm32cubeide/plugins/com.st.stm32cube.ide.mcu.externaltools.gnu-tools-for-stm32.10.3-2021.10.win32_1.0.0.202111181127/tools/bin/../lib/gcc/arm-none-eabi/10.3.1/../../../../arm-none-eabi/lib/thumb/v7e-m+fp/hard\libc_nano.a(lib_a-memset.o)
                0x0000000008010938                memset
 .text._free_r  0x0000000008010948       0x98 c:/program files/st/stm32cubeide/stm32cubeide/plugins/com.st.stm32cube.ide.mcu.externaltools.gnu-tools-for-stm32.10.3-2021.10.win32_1.0.0.202111181127/tools/bin/../lib/gcc/arm-none-eabi/10.3.1/../../../../arm-none-eabi/lib/thumb/v7e-m+fp/hard\libc_nano.a(lib_a-nano-freer.o)
                0x0000000008010948                _free_r
 .text.sbrk_aligned
                0x00000000080109e0       0x40 c:/program files/st/stm32cubeide/stm32cubeide/plugins/com.st.stm32cube.ide.mcu.externaltools.gnu-tools-for-stm32.10.3-2021.10.win32_1.0.0.202111181127/tools/bin/../lib/gcc/arm-none-eabi/10.3.1/../../../../arm-none-eabi/lib/thumb/v7e-m+fp/hard\libc_nano.a(lib_a-nano-mallocr.o)
 .text._malloc_r
                0x0000000008010a20       0xe8 c:/program files/st/stm32cubeide/stm32cubeide/plugins/com.st.stm32cube.ide.mcu.externaltools.gnu-tools-for-stm32.10.3-2021.10.win32_1.0.0.202111181127/tools/bin/../lib/gcc/arm-none-eabi/10.3.1/../../../../arm-none-eabi/lib/thumb/v7e-m+fp/hard\libc_nano.a(lib_a-nano-mallocr.o)
                0x0000000008010a20                _malloc_r
 .text.cleanup_glue
                0x0000000008010b08       0x1a c:/program files/st/stm32cubeide/stm32cubeide/plugins/com.st.stm32cube.ide.mcu.externaltools.gnu-tools-for-stm32.10.3-2021.10.win32_1.0.0.202111181127/tools/bin/../lib/gcc/arm-none-eabi/10.3.1/../../../../arm-none-eabi/lib/thumb/v7e-m+fp/hard\libc_nano.a(lib_a-reent.o)
                0x0000000008010b08                cleanup_glue
 *fill*         0x0000000008010b22        0x2 
 .text._reclaim_reent
                0x0000000008010b24       0xb8 c:/program files/st/stm32cubeide/stm32cubeide/plugins/com.st.stm32cube.ide.mcu.externaltools.gnu-tools-for-stm32.10.3-2021.10.win32_1.0.0.202111181127/tools/bin/../lib/gcc/arm-none-eabi/10.3.1/../../../../arm-none-eabi/lib/thumb/v7e-m+fp/hard\libc_nano.a(lib_a-reent.o)
                0x0000000008010b24                _reclaim_reent
 .text._sbrk_r  0x0000000008010bdc       0x20 c:/program files/st/stm32cubeide/stm32cubeide/plugins/com.st.stm32cube.ide.mcu.externaltools.gnu-tools-for-stm32.10.3-2021.10.win32_1.0.0.202111181127/tools/bin/../lib/gcc/arm-none-eabi/10.3.1/../../../../arm-none-eabi/lib/thumb/v7e-m+fp/hard\libc_nano.a(lib_a-sbrkr.o)
                0x0000000008010bdc                _sbrk_r
 .text.__malloc_lock
                0x0000000008010bfc        0xc c:/program files/st/stm32cubeide/stm32cubeide/plugins/com.st.stm32cube.ide.mcu.externaltools.gnu-tools-for-stm32.10.3-2021.10.win32_1.0.0.202111181127/tools/bin/../lib/gcc/arm-none-eabi/10.3.1/../../../../arm-none-eabi/lib/thumb/v7e-m+fp/hard\libc_nano.a(lib_a-mlock.o)
                0x0000000008010bfc                __malloc_lock
 .text.__malloc_unlock
                0x0000000008010c08        0xc c:/program files/st/stm32cubeide/stm32cubeide/plugins/com.st.stm32cube.ide.mcu.externaltools.gnu-tools-for-stm32.10.3-2021.10.win32_1.0.0.202111181127/tools/bin/../lib/gcc/arm-none-eabi/10.3.1/../../../../arm-none-eabi/lib/thumb/v7e-m+fp/hard\libc_nano.a(lib_a-mlock.o)
                0x0000000008010c08                __malloc_unlock
 *(.glue_7)
 .glue_7        0x0000000008010c14        0x0 linker stubs
 *(.glue_7t)
 .glue_7t       0x0000000008010c14        0x0 linker stubs
 *(.eh_frame)
 .eh_frame      0x0000000008010c14        0x0 c:/program files/st/stm32cubeide/stm32cubeide/plugins/com.st.stm32cube.ide.mcu.externaltools.gnu-tools-for-stm32.10.3-2021.10.win32_1.0.0.202111181127/tools/bin/../lib/gcc/arm-none-eabi/10.3.1/thumb/v7e-m+fp/hard/crtbegin.o
 *(.init)
 .init          0x0000000008010c14        0x4 c:/program files/st/stm32cubeide/stm32cubeide/plugins/com.st.stm32cube.ide.mcu.externaltools.gnu-tools-for-stm32.10.3-2021.10.win32_1.0.0.202111181127/tools/bin/../lib/gcc/arm-none-eabi/10.3.1/thumb/v7e-m+fp/hard/crti.o
                0x0000000008010c14                _init
 .init          0x0000000008010c18        0x8 c:/program files/st/stm32cubeide/stm32cubeide/plugins/com.st.stm32cube.ide.mcu.externaltools.gnu-tools-for-stm32.10.3-2021.10.win32_1.0.0.202111181127/tools/bin/../lib/gcc/arm-none-eabi/10.3.1/thumb/v7e-m+fp/hard/crtn.o
 *(.fini)
 .fini          0x0000000008010c20        0x4 c:/program files/st/stm32cubeide/stm32cubeide/plugins/com.st.stm32cube.ide.mcu.externaltools.gnu-tools-for-stm32.10.3-2021.10.win32_1.0.0.202111181127/tools/bin/../lib/gcc/arm-none-eabi/10.3.1/thumb/v7e-m+fp/hard/crti.o
                0x0000000008010c20                _fini
 .fini          0x0000000008010c24        0x8 c:/program files/st/stm32cubeide/stm32cubeide/plugins/com.st.stm32cube.ide.mcu.externaltools.gnu-tools-for-stm32.10.3-2021.10.win32_1.0.0.202111181127/tools/bin/../lib/gcc/arm-none-eabi/10.3.1/thumb/v7e-m+fp/hard/crtn.o
                0x0000000008010c2c                . = ALIGN (0x4)
                0x0000000008010c2c                _etext = .

.vfp11_veneer   0x0000000008010c2c        0x0
 .vfp11_veneer  0x0000000008010c2c        0x0 linker stubs

.v4_bx          0x0000000008010c2c        0x0
 .v4_bx         0x0000000008010c2c        0x0 linker stubs

.iplt           0x0000000008010c2c        0x0
 .iplt          0x0000000008010c2c        0x0 c:/program files/st/stm32cubeide/stm32cubeide/plugins/com.st.stm32cube.ide.mcu.externaltools.gnu-tools-for-stm32.10.3-2021.10.win32_1.0.0.202111181127/tools/bin/../lib/gcc/arm-none-eabi/10.3.1/thumb/v7e-m+fp/hard/crtbegin.o

.rodata         0x0000000008010c2c      0x110
                0x0000000008010c2c                . = ALIGN (0x4)
 *(.rodata)
 .rodata        0x0000000008010c2c        0xa ./Core/Src/main.o
 *fill*         0x0000000008010c36        0x2 
 .rodata        0x0000000008010c38        0x5 ./Middlewares/Third_Party/FreeRTOS/Source/tasks.o
 *fill*         0x0000000008010c3d        0x3 
 .rodata        0x0000000008010c40        0xd ./Middlewares/Third_Party/FreeRTOS/Source/timers.o
 *fill*         0x0000000008010c4d        0x3 
 .rodata        0x0000000008010c50       0x46 ./USB_DEVICE/App/usbd_desc.o
 *(.rodata*)
 *fill*         0x0000000008010c96        0x2 
 .rodata.setupTask_attributes
                0x0000000008010c98       0x24 ./Core/Src/main.o
                0x0000000008010c98                setupTask_attributes
 .rodata.AHBPrescTable
                0x0000000008010cbc       0x10 ./Core/Src/system_stm32f4xx.o
                0x0000000008010cbc                AHBPrescTable
 .rodata.APBPrescTable
                0x0000000008010ccc        0x8 ./Core/Src/system_stm32f4xx.o
                0x0000000008010ccc                APBPrescTable
 .rodata.flagBitshiftOffset.0
                0x0000000008010cd4        0x8 ./Drivers/STM32F4xx_HAL_Driver/Src/stm32f4xx_hal_dma.o
 .rodata.__sf_fake_stderr
                0x0000000008010cdc       0x20 c:/program files/st/stm32cubeide/stm32cubeide/plugins/com.st.stm32cube.ide.mcu.externaltools.gnu-tools-for-stm32.10.3-2021.10.win32_1.0.0.202111181127/tools/bin/../lib/gcc/arm-none-eabi/10.3.1/../../../../arm-none-eabi/lib/thumb/v7e-m+fp/hard\libc_nano.a(lib_a-findfp.o)
                0x0000000008010cdc                __sf_fake_stderr
 .rodata.__sf_fake_stdin
                0x0000000008010cfc       0x20 c:/program files/st/stm32cubeide/stm32cubeide/plugins/com.st.stm32cube.ide.mcu.externaltools.gnu-tools-for-stm32.10.3-2021.10.win32_1.0.0.202111181127/tools/bin/../lib/gcc/arm-none-eabi/10.3.1/../../../../arm-none-eabi/lib/thumb/v7e-m+fp/hard\libc_nano.a(lib_a-findfp.o)
                0x0000000008010cfc                __sf_fake_stdin
 .rodata.__sf_fake_stdout