Archive member included to satisfy reference by file (symbol)

c:/program files/st/stm32cubeide/stm32cubeide/plugins/com.st.stm32cube.ide.mcu.externaltools.gnu-tools-for-stm32.9-2020-q2-update.win32_2.0.0.202105311346/tools/bin/../lib/gcc/arm-none-eabi/9.3.1/../../../../arm-none-eabi/lib/thumb/v7e-m+fp/hard\libc_nano.a(lib_a-errno.o)
                              ./Core/Src/syscalls.o (__errno)
c:/program files/st/stm32cubeide/stm32cubeide/plugins/com.st.stm32cube.ide.mcu.externaltools.gnu-tools-for-stm32.9-2020-q2-update.win32_2.0.0.202105311346/tools/bin/../lib/gcc/arm-none-eabi/9.3.1/../../../../arm-none-eabi/lib/thumb/v7e-m+fp/hard\libc_nano.a(lib_a-exit.o)
                              c:/program files/st/stm32cubeide/stm32cubeide/plugins/com.st.stm32cube.ide.mcu.externaltools.gnu-tools-for-stm32.9-2020-q2-update.win32_2.0.0.202105311346/tools/bin/../lib/gcc/arm-none-eabi/9.3.1/../../../../arm-none-eabi/lib/thumb/v7e-m+fp/hard/crt0.o (exit)
c:/program files/st/stm32cubeide/stm32cubeide/plugins/com.st.stm32cube.ide.mcu.externaltools.gnu-tools-for-stm32.9-2020-q2-update.win32_2.0.0.202105311346/tools/bin/../lib/gcc/arm-none-eabi/9.3.1/../../../../arm-none-eabi/lib/thumb/v7e-m+fp/hard\libc_nano.a(lib_a-impure.o)
                              c:/program files/st/stm32cubeide/stm32cubeide/plugins/com.st.stm32cube.ide.mcu.externaltools.gnu-tools-for-stm32.9-2020-q2-update.win32_2.0.0.202105311346/tools/bin/../lib/gcc/arm-none-eabi/9.3.1/../../../../arm-none-eabi/lib/thumb/v7e-m+fp/hard\libc_nano.a(lib_a-exit.o) (_global_impure_ptr)
c:/program files/st/stm32cubeide/stm32cubeide/plugins/com.st.stm32cube.ide.mcu.externaltools.gnu-tools-for-stm32.9-2020-q2-update.win32_2.0.0.202105311346/tools/bin/../lib/gcc/arm-none-eabi/9.3.1/../../../../arm-none-eabi/lib/thumb/v7e-m+fp/hard\libc_nano.a(lib_a-init.o)
                              c:/program files/st/stm32cubeide/stm32cubeide/plugins/com.st.stm32cube.ide.mcu.externaltools.gnu-tools-for-stm32.9-2020-q2-update.win32_2.0.0.202105311346/tools/bin/../lib/gcc/arm-none-eabi/9.3.1/../../../../arm-none-eabi/lib/thumb/v7e-m+fp/hard/crt0.o (__libc_init_array)
c:/program files/st/stm32cubeide/stm32cubeide/plugins/com.st.stm32cube.ide.mcu.externaltools.gnu-tools-for-stm32.9-2020-q2-update.win32_2.0.0.202105311346/tools/bin/../lib/gcc/arm-none-eabi/9.3.1/../../../../arm-none-eabi/lib/thumb/v7e-m+fp/hard\libc_nano.a(lib_a-malloc.o)
                              ./Core/Src/pdm_config.o (malloc)
c:/program files/st/stm32cubeide/stm32cubeide/plugins/com.st.stm32cube.ide.mcu.externaltools.gnu-tools-for-stm32.9-2020-q2-update.win32_2.0.0.202105311346/tools/bin/../lib/gcc/arm-none-eabi/9.3.1/../../../../arm-none-eabi/lib/thumb/v7e-m+fp/hard\libc_nano.a(lib_a-memset.o)
                              c:/program files/st/stm32cubeide/stm32cubeide/plugins/com.st.stm32cube.ide.mcu.externaltools.gnu-tools-for-stm32.9-2020-q2-update.win32_2.0.0.202105311346/tools/bin/../lib/gcc/arm-none-eabi/9.3.1/../../../../arm-none-eabi/lib/thumb/v7e-m+fp/hard/crt0.o (memset)
c:/program files/st/stm32cubeide/stm32cubeide/plugins/com.st.stm32cube.ide.mcu.externaltools.gnu-tools-for-stm32.9-2020-q2-update.win32_2.0.0.202105311346/tools/bin/../lib/gcc/arm-none-eabi/9.3.1/../../../../arm-none-eabi/lib/thumb/v7e-m+fp/hard\libc_nano.a(lib_a-nano-freer.o)
                              c:/program files/st/stm32cubeide/stm32cubeide/plugins/com.st.stm32cube.ide.mcu.externaltools.gnu-tools-for-stm32.9-2020-q2-update.win32_2.0.0.202105311346/tools/bin/../lib/gcc/arm-none-eabi/9.3.1/../../../../arm-none-eabi/lib/thumb/v7e-m+fp/hard\libc_nano.a(lib_a-malloc.o) (_free_r)
c:/program files/st/stm32cubeide/stm32cubeide/plugins/com.st.stm32cube.ide.mcu.externaltools.gnu-tools-for-stm32.9-2020-q2-update.win32_2.0.0.202105311346/tools/bin/../lib/gcc/arm-none-eabi/9.3.1/../../../../arm-none-eabi/lib/thumb/v7e-m+fp/hard\libc_nano.a(lib_a-nano-mallocr.o)
                              c:/program files/st/stm32cubeide/stm32cubeide/plugins/com.st.stm32cube.ide.mcu.externaltools.gnu-tools-for-stm32.9-2020-q2-update.win32_2.0.0.202105311346/tools/bin/../lib/gcc/arm-none-eabi/9.3.1/../../../../arm-none-eabi/lib/thumb/v7e-m+fp/hard\libc_nano.a(lib_a-malloc.o) (_malloc_r)
c:/program files/st/stm32cubeide/stm32cubeide/plugins/com.st.stm32cube.ide.mcu.externaltools.gnu-tools-for-stm32.9-2020-q2-update.win32_2.0.0.202105311346/tools/bin/../lib/gcc/arm-none-eabi/9.3.1/../../../../arm-none-eabi/lib/thumb/v7e-m+fp/hard\libc_nano.a(lib_a-sbrkr.o)
                              c:/program files/st/stm32cubeide/stm32cubeide/plugins/com.st.stm32cube.ide.mcu.externaltools.gnu-tools-for-stm32.9-2020-q2-update.win32_2.0.0.202105311346/tools/bin/../lib/gcc/arm-none-eabi/9.3.1/../../../../arm-none-eabi/lib/thumb/v7e-m+fp/hard\libc_nano.a(lib_a-nano-mallocr.o) (_sbrk_r)
[...]
Memory Configuration

Name             Origin             Length             Attributes
RAM              0x0000000020000000 0x0000000000020000 xrw
FLASH            0x0000000008000000 0x0000000000080000 xr
*default*        0x0000000000000000 0xffffffffffffffff

Linker script and memory map

LOAD c:/program files/st/stm32cubeide/stm32cubeide/plugins/com.st.stm32cube.ide.mcu.externaltools.gnu-tools-for-stm32.9-2020-q2-update.win32_2.0.0.202105311346/tools/bin/../lib/gcc/arm-none-eabi/9.3.1/thumb/v7e-m+fp/hard/crti.o
LOAD c:/program files/st/stm32cubeide/stm32cubeide/plugins/com.st.stm32cube.ide.mcu.externaltools.gnu-tools-for-stm32.9-2020-q2-update.win32_2.0.0.202105311346/tools/bin/../lib/gcc/arm-none-eabi/9.3.1/thumb/v7e-m+fp/hard/crtbegin.o
LOAD c:/program files/st/stm32cubeide/stm32cubeide/plugins/com.st.stm32cube.ide.mcu.externaltools.gnu-tools-for-stm32.9-2020-q2-update.win32_2.0.0.202105311346/tools/bin/../lib/gcc/arm-none-eabi/9.3.1/../../../../arm-none-eabi/lib/thumb/v7e-m+fp/hard/crt0.o
LOAD ./Core/Src/AT24Cxx.o
LOAD ./Core/Src/PCF8574.o
LOAD ./Core/Src/main.o
LOAD ./Core/Src/pdm_can.o
LOAD ./Core/Src/pdm_config.o
LOAD ./Core/Src/pdm_driver_control.o
LOAD ./Core/Src/pdm_interrupts.o
LOAD ./Core/Src/pdm_pwm.o
LOAD ./Core/Src/pdm_readings.o
LOAD ./Core/Src/stm32f4xx_hal_msp.o
LOAD ./Core/Src/stm32f4xx_it.o
LOAD ./Core/Src/syscalls.o
LOAD ./Core/Src/sysmem.o
LOAD ./Core/Src/system_stm32f4xx.o
LOAD ./Core/Startup/startup_stm32f446zetx.o
LOAD ./Drivers/STM32F4xx_HAL_Driver/Src/stm32f4xx_hal.o
LOAD ./Drivers/STM32F4xx_HAL_Driver/Src/stm32f4xx_hal_adc.o
LOAD ./Drivers/STM32F4xx_HAL_Driver/Src/stm32f4xx_hal_adc_ex.o
LOAD ./Drivers/STM32F4xx_HAL_Driver/Src/stm32f4xx_hal_can.o
LOAD ./Drivers/STM32F4xx_HAL_Driver/Src/stm32f4xx_hal_cortex.o
LOAD ./Drivers/STM32F4xx_HAL_Driver/Src/stm32f4xx_hal_crc.o
LOAD ./Drivers/STM32F4xx_HAL_Driver/Src/stm32f4xx_hal_dma.o
LOAD ./Drivers/STM32F4xx_HAL_Driver/Src/stm32f4xx_hal_dma_ex.o
LOAD ./Drivers/STM32F4xx_HAL_Driver/Src/stm32f4xx_hal_exti.o
LOAD ./Drivers/STM32F4xx_HAL_Driver/Src/stm32f4xx_hal_flash.o
LOAD ./Drivers/STM32F4xx_HAL_Driver/Src/stm32f4xx_hal_flash_ex.o
LOAD ./Drivers/STM32F4xx_HAL_Driver/Src/stm32f4xx_hal_flash_ramfunc.o
LOAD ./Drivers/STM32F4xx_HAL_Driver/Src/stm32f4xx_hal_gpio.o
LOAD ./Drivers/STM32F4xx_HAL_Driver/Src/stm32f4xx_hal_i2c.o
LOAD ./Drivers/STM32F4xx_HAL_Driver/Src/stm32f4xx_hal_i2c_ex.o
LOAD ./Drivers/STM32F4xx_HAL_Driver/Src/stm32f4xx_hal_pcd.o
LOAD ./Drivers/STM32F4xx_HAL_Driver/Src/stm32f4xx_hal_pcd_ex.o
LOAD ./Drivers/STM32F4xx_HAL_Driver/Src/stm32f4xx_hal_pwr.o
LOAD ./Drivers/STM32F4xx_HAL_Driver/Src/stm32f4xx_hal_pwr_ex.o
LOAD ./Drivers/STM32F4xx_HAL_Driver/Src/stm32f4xx_hal_rcc.o
LOAD ./Drivers/STM32F4xx_HAL_Driver/Src/stm32f4xx_hal_rcc_ex.o
LOAD ./Drivers/STM32F4xx_HAL_Driver/Src/stm32f4xx_hal_tim.o
LOAD ./Drivers/STM32F4xx_HAL_Driver/Src/stm32f4xx_hal_tim_ex.o
LOAD ./Drivers/STM32F4xx_HAL_Driver/Src/stm32f4xx_ll_adc.o
LOAD ./Drivers/STM32F4xx_HAL_Driver/Src/stm32f4xx_ll_usb.o
LOAD ./Middlewares/ST/STM32_USB_Device_Library/Class/CDC/Src/usbd_cdc.o
LOAD ./Middlewares/ST/STM32_USB_Device_Library/Core/Src/usbd_core.o
LOAD ./Middlewares/ST/STM32_USB_Device_Library/Core/Src/usbd_ctlreq.o
LOAD ./Middlewares/ST/STM32_USB_Device_Library/Core/Src/usbd_ioreq.o
LOAD ./USB_DEVICE/App/usb_device.o
LOAD ./USB_DEVICE/App/usbd_cdc_if.o
LOAD ./USB_DEVICE/App/usbd_desc.o
LOAD ./USB_DEVICE/Target/usbd_conf.o
START GROUP
LOAD c:/program files/st/stm32cubeide/stm32cubeide/plugins/com.st.stm32cube.ide.mcu.externaltools.gnu-tools-for-stm32.9-2020-q2-update.win32_2.0.0.202105311346/tools/bin/../lib/gcc/arm-none-eabi/9.3.1/../../../../arm-none-eabi/lib/thumb/v7e-m+fp/hard\libc_nano.a
LOAD c:/program files/st/stm32cubeide/stm32cubeide/plugins/com.st.stm32cube.ide.mcu.externaltools.gnu-tools-for-stm32.9-2020-q2-update.win32_2.0.0.202105311346/tools/bin/../lib/gcc/arm-none-eabi/9.3.1/../../../../arm-none-eabi/lib/thumb/v7e-m+fp/hard\libm.a
END GROUP
START GROUP
LOAD c:/program files/st/stm32cubeide/stm32cubeide/plugins/com.st.stm32cube.ide.mcu.externaltools.gnu-tools-for-stm32.9-2020-q2-update.win32_2.0.0.202105311346/tools/bin/../lib/gcc/arm-none-eabi/9.3.1/thumb/v7e-m+fp/hard\libgcc.a
LOAD c:/program files/st/stm32cubeide/stm32cubeide/plugins/com.st.stm32cube.ide.mcu.externaltools.gnu-tools-for-stm32.9-2020-q2-update.win32_2.0.0.202105311346/tools/bin/../lib/gcc/arm-none-eabi/9.3.1/../../../../arm-none-eabi/lib/thumb/v7e-m+fp/hard\libc_nano.a
END GROUP
START GROUP
LOAD c:/program files/st/stm32cubeide/stm32cubeide/plugins/com.st.stm32cube.ide.mcu.externaltools.gnu-tools-for-stm32.9-2020-q2-update.win32_2.0.0.202105311346/tools/bin/../lib/gcc/arm-none-eabi/9.3.1/thumb/v7e-m+fp/hard\libgcc.a
LOAD c:/program files/st/stm32cubeide/stm32cubeide/plugins/com.st.stm32cube.ide.mcu.externaltools.gnu-tools-for-stm32.9-2020-q2-update.win32_2.0.0.202105311346/tools/bin/../lib/gcc/arm-none-eabi/9.3.1/../../../../arm-none-eabi/lib/thumb/v7e-m+fp/hard\libc_nano.a
LOAD c:/program files/st/stm32cubeide/stm32cubeide/plugins/com.st.stm32cube.ide.mcu.externaltools.gnu-tools-for-stm32.9-2020-q2-update.win32_2.0.0.202105311346/tools/bin/../lib/gcc/arm-none-eabi/9.3.1/../../../../arm-none-eabi/lib/thumb/v7e-m+fp/hard\libnosys.a
END GROUP
START GROUP
LOAD c:/program files/st/stm32cubeide/stm32cubeide/plugins/com.st.stm32cube.ide.mcu.externaltools.gnu-tools-for-stm32.9-2020-q2-update.win32_2.0.0.202105311346/tools/bin/../lib/gcc/arm-none-eabi/9.3.1/thumb/v7e-m+fp/hard\libgcc.a
LOAD c:/program files/st/stm32cubeide/stm32cubeide/plugins/com.st.stm32cube.ide.mcu.externaltools.gnu-tools-for-stm32.9-2020-q2-update.win32_2.0.0.202105311346/tools/bin/../lib/gcc/arm-none-eabi/9.3.1/../../../../arm-none-eabi/lib/thumb/v7e-m+fp/hard\libc_nano.a
LOAD c:/program files/st/stm32cubeide/stm32cubeide/plugins/com.st.stm32cube.ide.mcu.externaltools.gnu-tools-for-stm32.9-2020-q2-update.win32_2.0.0.202105311346/tools/bin/../lib/gcc/arm-none-eabi/9.3.1/../../../../arm-none-eabi/lib/thumb/v7e-m+fp/hard\libnosys.a
END GROUP
LOAD c:/program files/st/stm32cubeide/stm32cubeide/plugins/com.st.stm32cube.ide.mcu.externaltools.gnu-tools-for-stm32.9-2020-q2-update.win32_2.0.0.202105311346/tools/bin/../lib/gcc/arm-none-eabi/9.3.1/thumb/v7e-m+fp/hard/crtend.o
LOAD c:/program files/st/stm32cubeide/stm32cubeide/plugins/com.st.stm32cube.ide.mcu.externaltools.gnu-tools-for-stm32.9-2020-q2-update.win32_2.0.0.202105311346/tools/bin/../lib/gcc/arm-none-eabi/9.3.1/thumb/v7e-m+fp/hard/crtn.o
                0x0000000020020000                _estack = (ORIGIN (RAM) + LENGTH (RAM))
                0x0000000000002000                _Min_Heap_Size = 0x2000
                0x0000000000004000                _Min_Stack_Size = 0x4000

.isr_vector     0x0000000008000000      0x1c4
                0x0000000008000000                . = ALIGN (0x4)
 *(.isr_vector)
 .isr_vector    0x0000000008000000      0x1c4 ./Core/Startup/startup_stm32f446zetx.o
                0x0000000008000000                g_pfnVectors
                0x00000000080001c4                . = ALIGN (0x4)

.text           0x00000000080001c4    0x10a80
                0x00000000080001c4                . = ALIGN (0x4)
 *(.text)
 .text          0x00000000080001c4       0x40 c:/program files/st/stm32cubeide/stm32cubeide/plugins/com.st.stm32cube.ide.mcu.externaltools.gnu-tools-for-stm32.9-2020-q2-update.win32_2.0.0.202105311346/tools/bin/../lib/gcc/arm-none-eabi/9.3.1/thumb/v7e-m+fp/hard/crtbegin.o
 .text          0x0000000008000204       0x30 c:/program files/st/stm32cubeide/stm32cubeide/plugins/com.st.stm32cube.ide.mcu.externaltools.gnu-tools-for-stm32.9-2020-q2-update.win32_2.0.0.202105311346/tools/bin/../lib/gcc/arm-none-eabi/9.3.1/thumb/v7e-m+fp/hard\libgcc.a(_aeabi_uldivmod.o)
                0x0000000008000204                __aeabi_uldivmod
 .text          0x0000000008000234      0x2c4 c:/program files/st/stm32cubeide/stm32cubeide/plugins/com.st.stm32cube.ide.mcu.externaltools.gnu-tools-for-stm32.9-2020-q2-update.win32_2.0.0.202105311346/tools/bin/../lib/gcc/arm-none-eabi/9.3.1/thumb/v7e-m+fp/hard\libgcc.a(_udivmoddi4.o)
                0x0000000008000234                __udivmoddi4
 .text          0x00000000080004f8        0x4 c:/program files/st/stm32cubeide/stm32cubeide/plugins/com.st.stm32cube.ide.mcu.externaltools.gnu-tools-for-stm32.9-2020-q2-update.win32_2.0.0.202105311346/tools/bin/../lib/gcc/arm-none-eabi/9.3.1/thumb/v7e-m+fp/hard\libgcc.a(_dvmd_tls.o)
                0x00000000080004f8                __aeabi_idiv0
                0x00000000080004f8                __aeabi_ldiv0
 *(.text*)
 .text.AT24Cxx_Read
                0x00000000080004fc       0x4a ./Core/Src/AT24Cxx.o
                0x00000000080004fc                AT24Cxx_Read
 .text.AT24Cxx_Write_DMA
                0x0000000008000546       0x46 ./Core/Src/AT24Cxx.o
                0x0000000008000546                AT24Cxx_Write_DMA
 .text.main     0x000000000800058c      0x144 ./Core/Src/main.o
                0x000000000800058c                main
 .text.SystemClock_Config
                0x00000000080006d0       0xe4 ./Core/Src/main.o
                0x00000000080006d0                SystemClock_Config
 .text.MX_ADC1_Init
                0x00000000080007b4      0x118 ./Core/Src/main.o
 .text.MX_ADC2_Init
                0x00000000080008cc      0x114 ./Core/Src/main.o
 .text.MX_CAN1_Init
                0x00000000080009e0       0x6c ./Core/Src/main.o
 .text.MX_CRC_Init
                0x0000000008000a4c       0x28 ./Core/Src/main.o
 .text.MX_I2C1_Init
                0x0000000008000a74       0x5c ./Core/Src/main.o
 .text.MX_TIM1_Init
                0x0000000008000ad0      0x13c ./Core/Src/main.o
 .text.MX_TIM2_Init
                0x0000000008000c0c       0xec ./Core/Src/main.o
 .text.MX_TIM3_Init
                0x0000000008000cf8       0xec ./Core/Src/main.o
 .text.MX_TIM6_Init
                0x0000000008000de4       0x6c ./Core/Src/main.o
 .text.MX_TIM7_Init
                0x0000000008000e50       0x68 ./Core/Src/main.o
 .text.MX_TIM8_Init
                0x0000000008000eb8      0x108 ./Core/Src/main.o
 .text.MX_DMA_Init
                0x0000000008000fc0       0x7c ./Core/Src/main.o
 .text.MX_GPIO_Init
                0x000000000800103c      0x258 ./Core/Src/main.o
 .text.PDM_Hard_Code_Config
                0x0000000008001294      0x108 ./Core/Src/main.o
                0x0000000008001294                PDM_Hard_Code_Config
 .text.Error_Handler
                0x000000000800139c        0xa ./Core/Src/main.o
                0x000000000800139c                Error_Handler
 *fill*         0x00000000080013a6        0x2 
 .text.PDM_CAN_Init
                0x00000000080013a8       0x80 ./Core/Src/pdm_can.o
                0x00000000080013a8                PDM_CAN_Init
 .text.PDM_PWM_CAN_Filter_Config
                0x0000000008001428       0x78 ./Core/Src/pdm_can.o
                0x0000000008001428                PDM_PWM_CAN_Filter_Config
 .text.PDM_CAN_Transmit_Data
                0x00000000080014a0      0x1c0 ./Core/Src/pdm_can.o
                0x00000000080014a0                PDM_CAN_Transmit_Data
 .text.PDM_CAN_Process_Rx_Data
                0x0000000008001660      0x190 ./Core/Src/pdm_can.o
                0x0000000008001660                PDM_CAN_Process_Rx_Data
 .text.PDM_Load_Config_Buffer
                0x00000000080017f0      0x69c ./Core/Src/pdm_config.o
 .text.PDM_Write_Config_Buffer
                0x0000000008001e8c      0x504 ./Core/Src/pdm_config.o
 .text.PDM_USB_Receive_Config
                0x0000000008002390       0x8c ./Core/Src/pdm_config.o
 .text.PDM_USB_Transmit_Config
                0x000000000800241c       0x84 ./Core/Src/pdm_config.o
 .text.PDM_Init
                0x00000000080024a0       0xe8 ./Core/Src/pdm_config.o
                0x00000000080024a0                PDM_Init
 .text.PDM_USB_Process
                0x0000000008002588       0x78 ./Core/Src/pdm_config.o
                0x0000000008002588                PDM_USB_Process
 .text.PDM_USB_Transmit_Data
                0x0000000008002600       0xf0 ./Core/Src/pdm_config.o
                0x0000000008002600                PDM_USB_Transmit_Data
 .text.PDM_Output_Set
                0x00000000080026f0      0x11c ./Core/Src/pdm_driver_control.o
 .text.PDM_Input_Process
                0x000000000800280c      0x200 ./Core/Src/pdm_driver_control.o
                0x000000000800280c                PDM_Input_Process
 .text.PDM_Output_Process
                0x0000000008002a0c       0xe4 ./Core/Src/pdm_driver_control.o
                0x0000000008002a0c                PDM_Output_Process
 .text.PDM_Output_Fuse
                0x0000000008002af0      0x11c ./Core/Src/pdm_driver_control.o
                0x0000000008002af0                PDM_Output_Fuse
 .text.HAL_CAN_RxFifo0MsgPendingCallback
                0x0000000008002c0c       0x3c ./Core/Src/pdm_interrupts.o
                0x0000000008002c0c                HAL_CAN_RxFifo0MsgPendingCallback
 .text.HAL_GPIO_EXTI_Callback
                0x0000000008002c48       0x1a ./Core/Src/pdm_interrupts.o
                0x0000000008002c48                HAL_GPIO_EXTI_Callback
 .text.HAL_I2C_MemTxCpltCallback
                0x0000000008002c62       0x14 ./Core/Src/pdm_interrupts.o
                0x0000000008002c62                HAL_I2C_MemTxCpltCallback
 *fill*         0x0000000008002c76        0x2 
 .text.HAL_TIM_PeriodElapsedCallback
                0x0000000008002c78       0xcc ./Core/Src/pdm_interrupts.o
                0x0000000008002c78                HAL_TIM_PeriodElapsedCallback
 .text.PDM_PWM_Duty_Cycle_Set
                0x0000000008002d44      0x6d4 ./Core/Src/pdm_pwm.o
 .text.PDM_PWM_Init
                0x0000000008003418      0x1b0 ./Core/Src/pdm_pwm.o
                0x0000000008003418                PDM_PWM_Init
 .text.PDM_PWM_Output_Process
                0x00000000080035c8      0x220 ./Core/Src/pdm_pwm.o
                0x00000000080035c8                PDM_PWM_Output_Process
 .text.PDM_Next_Data_Conversion
                0x00000000080037e8       0xb8 ./Core/Src/pdm_readings.o
 .text.PDM_Read_Data
                0x00000000080038a0      0x3b8 ./Core/Src/pdm_readings.o
                0x00000000080038a0                PDM_Read_Data
 .text.HAL_MspInit
                0x0000000008003c58       0x50 ./Core/Src/stm32f4xx_hal_msp.o
                0x0000000008003c58                HAL_MspInit
 .text.HAL_ADC_MspInit
                0x0000000008003ca8      0x1f0 ./Core/Src/stm32f4xx_hal_msp.o
                0x0000000008003ca8                HAL_ADC_MspInit
 .text.HAL_CAN_MspInit
                0x0000000008003e98       0xa0 ./Core/Src/stm32f4xx_hal_msp.o
                0x0000000008003e98                HAL_CAN_MspInit
 .text.HAL_CAN_MspDeInit
                0x0000000008003f38       0x44 ./Core/Src/stm32f4xx_hal_msp.o
                0x0000000008003f38                HAL_CAN_MspDeInit
 .text.HAL_CRC_MspInit
                0x0000000008003f7c       0x44 ./Core/Src/stm32f4xx_hal_msp.o
                0x0000000008003f7c                HAL_CRC_MspInit
 .text.HAL_I2C_MspInit
                0x0000000008003fc0      0x104 ./Core/Src/stm32f4xx_hal_msp.o
                0x0000000008003fc0                HAL_I2C_MspInit
 .text.HAL_TIM_Base_MspInit
                0x00000000080040c4      0x11c ./Core/Src/stm32f4xx_hal_msp.o
                0x00000000080040c4                HAL_TIM_Base_MspInit
 .text.HAL_TIM_PWM_MspInit
                0x00000000080041e0       0x44 ./Core/Src/stm32f4xx_hal_msp.o
                0x00000000080041e0                HAL_TIM_PWM_MspInit
 .text.HAL_TIM_MspPostInit
                0x0000000008004224      0x15c ./Core/Src/stm32f4xx_hal_msp.o
                0x0000000008004224                HAL_TIM_MspPostInit
 .text.NMI_Handler
                0x0000000008004380        0x6 ./Core/Src/stm32f4xx_it.o
                0x0000000008004380                NMI_Handler
 .text.HardFault_Handler
                0x0000000008004386        0x6 ./Core/Src/stm32f4xx_it.o
                0x0000000008004386                HardFault_Handler
 .text.MemManage_Handler
                0x000000000800438c        0x6 ./Core/Src/stm32f4xx_it.o
                0x000000000800438c                MemManage_Handler
 .text.BusFault_Handler
                0x0000000008004392        0x6 ./Core/Src/stm32f4xx_it.o
                0x0000000008004392                BusFault_Handler
 .text.UsageFault_Handler
                0x0000000008004398        0x6 ./Core/Src/stm32f4xx_it.o
                0x0000000008004398                UsageFault_Handler
 .text.SVC_Handler
                0x000000000800439e        0xe ./Core/Src/stm32f4xx_it.o
                0x000000000800439e                SVC_Handler
 .text.DebugMon_Handler
                0x00000000080043ac        0xe ./Core/Src/stm32f4xx_it.o
                0x00000000080043ac                DebugMon_Handler
 .text.PendSV_Handler
                0x00000000080043ba        0xe ./Core/Src/stm32f4xx_it.o
                0x00000000080043ba                PendSV_Handler
 .text.SysTick_Handler
                0x00000000080043c8        0xc ./Core/Src/stm32f4xx_it.o
                0x00000000080043c8                SysTick_Handler
 .text.EXTI0_IRQHandler
                0x00000000080043d4        0xe ./Core/Src/stm32f4xx_it.o
                0x00000000080043d4                EXTI0_IRQHandler
 .text.EXTI1_IRQHandler
                0x00000000080043e2        0xe ./Core/Src/stm32f4xx_it.o
                0x00000000080043e2                EXTI1_IRQHandler
 .text.EXTI2_IRQHandler
                0x00000000080043f0        0xe ./Core/Src/stm32f4xx_it.o
                0x00000000080043f0                EXTI2_IRQHandler
 .text.EXTI3_IRQHandler
                0x00000000080043fe        0xe ./Core/Src/stm32f4xx_it.o
                0x00000000080043fe                EXTI3_IRQHandler
 .text.EXTI4_IRQHandler
                0x000000000800440c        0xe ./Core/Src/stm32f4xx_it.o
                0x000000000800440c                EXTI4_IRQHandler
 *fill*         0x000000000800441a        0x2 
 .text.DMA1_Stream6_IRQHandler
                0x000000000800441c       0x14 ./Core/Src/stm32f4xx_it.o
                0x000000000800441c                DMA1_Stream6_IRQHandler
 .text.CAN1_RX0_IRQHandler
                0x0000000008004430       0x14 ./Core/Src/stm32f4xx_it.o
                0x0000000008004430                CAN1_RX0_IRQHandler
 .text.EXTI9_5_IRQHandler
                0x0000000008004444       0x2a ./Core/Src/stm32f4xx_it.o
                0x0000000008004444                EXTI9_5_IRQHandler
 *fill*         0x000000000800446e        0x2 
 .text.TIM1_UP_TIM10_IRQHandler
                0x0000000008004470       0x14 ./Core/Src/stm32f4xx_it.o
                0x0000000008004470                TIM1_UP_TIM10_IRQHandler
 .text.I2C1_EV_IRQHandler
                0x0000000008004484       0x14 ./Core/Src/stm32f4xx_it.o
                0x0000000008004484                I2C1_EV_IRQHandler
 .text.EXTI15_10_IRQHandler
                0x0000000008004498       0x38 ./Core/Src/stm32f4xx_it.o
                0x0000000008004498                EXTI15_10_IRQHandler
 .text.TIM6_DAC_IRQHandler
                0x00000000080044d0       0x14 ./Core/Src/stm32f4xx_it.o
                0x00000000080044d0                TIM6_DAC_IRQHandler
 .text.TIM7_IRQHandler
                0x00000000080044e4       0x14 ./Core/Src/stm32f4xx_it.o
                0x00000000080044e4                TIM7_IRQHandler
 .text.DMA2_Stream0_IRQHandler
                0x00000000080044f8       0x14 ./Core/Src/stm32f4xx_it.o
                0x00000000080044f8                DMA2_Stream0_IRQHandler
 .text.DMA2_Stream2_IRQHandler
                0x000000000800450c       0x14 ./Core/Src/stm32f4xx_it.o
                0x000000000800450c                DMA2_Stream2_IRQHandler
 .text.OTG_FS_IRQHandler
                0x0000000008004520       0x14 ./Core/Src/stm32f4xx_it.o
                0x0000000008004520                OTG_FS_IRQHandler
 .text._sbrk    0x0000000008004534       0x6c ./Core/Src/sysmem.o
                0x0000000008004534                _sbrk
 .text.SystemInit
                0x00000000080045a0       0x24 ./Core/Src/system_stm32f4xx.o
                0x00000000080045a0                SystemInit
 .text.Reset_Handler
                0x00000000080045c4       0x50 ./Core/Startup/startup_stm32f446zetx.o
                0x00000000080045c4                Reset_Handler
 .text.Default_Handler
                0x0000000008004614        0x2 ./Core/Startup/startup_stm32f446zetx.o
                0x0000000008004614                RTC_Alarm_IRQHandler
                0x0000000008004614                TIM8_CC_IRQHandler
                0x0000000008004614                FMPI2C1_EV_IRQHandler
                0x0000000008004614                SPI4_IRQHandler
                0x0000000008004614                TIM1_CC_IRQHandler
                0x0000000008004614                DMA2_Stream5_IRQHandler
                0x0000000008004614                DMA1_Stream5_IRQHandler
                0x0000000008004614                PVD_IRQHandler
                0x0000000008004614                SDIO_IRQHandler
                0x0000000008004614                TAMP_STAMP_IRQHandler
                0x0000000008004614                CAN2_RX1_IRQHandler
                0x0000000008004614                TIM8_TRG_COM_TIM14_IRQHandler
                0x0000000008004614                TIM8_UP_TIM13_IRQHandler
                0x0000000008004614                I2C3_ER_IRQHandler
                0x0000000008004614                I2C2_EV_IRQHandler
                0x0000000008004614                DMA1_Stream2_IRQHandler
                0x0000000008004614                FPU_IRQHandler
                0x0000000008004614                OTG_HS_WKUP_IRQHandler
                0x0000000008004614                CAN2_SCE_IRQHandler
                0x0000000008004614                SPI1_IRQHandler
                0x0000000008004614                TIM1_BRK_TIM9_IRQHandler
                0x0000000008004614                DCMI_IRQHandler
                0x0000000008004614                CAN2_RX0_IRQHandler
                0x0000000008004614                DMA2_Stream3_IRQHandler
                0x0000000008004614                SAI2_IRQHandler
                0x0000000008004614                USART6_IRQHandler
                0x0000000008004614                USART3_IRQHandler
                0x0000000008004614                CAN1_RX1_IRQHandler
                0x0000000008004614                UART5_IRQHandler
                0x0000000008004614                TIM4_IRQHandler
                0x0000000008004614                QUADSPI_IRQHandler
                0x0000000008004614                DMA1_Stream1_IRQHandler
                0x0000000008004614                UART4_IRQHandler
                0x0000000008004614                TIM3_IRQHandler
                0x0000000008004614                RCC_IRQHandler
                0x0000000008004614                TIM8_BRK_TIM12_IRQHandler
                0x0000000008004614                Default_Handler
                0x0000000008004614                CEC_IRQHandler
                0x0000000008004614                ADC_IRQHandler
                0x0000000008004614                DMA1_Stream7_IRQHandler
                0x0000000008004614                CAN2_TX_IRQHandler
                0x0000000008004614                TIM5_IRQHandler
                0x0000000008004614                DMA2_Stream7_IRQHandler
                0x0000000008004614                I2C3_EV_IRQHandler
                0x0000000008004614                RTC_WKUP_IRQHandler
                0x0000000008004614                SPDIF_RX_IRQHandler
                0x0000000008004614                SPI2_IRQHandler
                0x0000000008004614                OTG_HS_EP1_IN_IRQHandler
                0x0000000008004614                DMA1_Stream0_IRQHandler
                0x0000000008004614                CAN1_TX_IRQHandler
                0x0000000008004614                FMPI2C1_ER_IRQHandler
                0x0000000008004614                OTG_HS_EP1_OUT_IRQHandler
                0x0000000008004614                WWDG_IRQHandler
                0x0000000008004614                TIM2_IRQHandler
                0x0000000008004614                OTG_FS_WKUP_IRQHandler
                0x0000000008004614                TIM1_TRG_COM_TIM11_IRQHandler
                0x0000000008004614                OTG_HS_IRQHandler
                0x0000000008004614                USART2_IRQHandler
                0x0000000008004614                I2C2_ER_IRQHandler
                0x0000000008004614                DMA2_Stream1_IRQHandler
                0x0000000008004614                CAN1_SCE_IRQHandler
                0x0000000008004614                FLASH_IRQHandler
                0x0000000008004614                DMA2_Stream4_IRQHandler
                0x0000000008004614                USART1_IRQHandler
                0x0000000008004614                SPI3_IRQHandler
                0x0000000008004614                DMA1_Stream4_IRQHandler
                0x0000000008004614                I2C1_ER_IRQHandler
                0x0000000008004614                FMC_IRQHandler
                0x0000000008004614                DMA2_Stream6_IRQHandler
                0x0000000008004614                SAI1_IRQHandler
                0x0000000008004614                DMA1_Stream3_IRQHandler
 *fill*         0x0000000008004616        0x2 
 .text.HAL_Init
                0x0000000008004618       0x44 ./Drivers/STM32F4xx_HAL_Driver/Src/stm32f4xx_hal.o
                0x0000000008004618                HAL_Init
 .text.HAL_InitTick
                0x000000000800465c       0x60 ./Drivers/STM32F4xx_HAL_Driver/Src/stm32f4xx_hal.o
                0x000000000800465c                HAL_InitTick
 .text.HAL_IncTick
                0x00000000080046bc       0x28 ./Drivers/STM32F4xx_HAL_Driver/Src/stm32f4xx_hal.o
                0x00000000080046bc                HAL_IncTick
 .text.HAL_GetTick
                0x00000000080046e4       0x18 ./Drivers/STM32F4xx_HAL_Driver/Src/stm32f4xx_hal.o
                0x00000000080046e4                HAL_GetTick
 .text.HAL_Delay
                0x00000000080046fc       0x48 ./Drivers/STM32F4xx_HAL_Driver/Src/stm32f4xx_hal.o
                0x00000000080046fc                HAL_Delay
 .text.HAL_ADC_Init
                0x0000000008004744       0x86 ./Drivers/STM32F4xx_HAL_Driver/Src/stm32f4xx_hal_adc.o
                0x0000000008004744                HAL_ADC_Init
 *fill*         0x00000000080047ca        0x2 
 .text.HAL_ADC_Start_DMA
                0x00000000080047cc      0x220 ./Drivers/STM32F4xx_HAL_Driver/Src/stm32f4xx_hal_adc.o
                0x00000000080047cc                HAL_ADC_Start_DMA
 .text.HAL_ADC_ConvCpltCallback
                0x00000000080049ec       0x14 ./Drivers/STM32F4xx_HAL_Driver/Src/stm32f4xx_hal_adc.o
                0x00000000080049ec                HAL_ADC_ConvCpltCallback
 .text.HAL_ADC_ConvHalfCpltCallback
                0x0000000008004a00       0x14 ./Drivers/STM32F4xx_HAL_Driver/Src/stm32f4xx_hal_adc.o
                0x0000000008004a00                HAL_ADC_ConvHalfCpltCallback
 .text.HAL_ADC_ErrorCallback
                0x0000000008004a14       0x14 ./Drivers/STM32F4xx_HAL_Driver/Src/stm32f4xx_hal_adc.o
                0x0000000008004a14                HAL_ADC_ErrorCallback
 .text.HAL_ADC_ConfigChannel
                0x0000000008004a28      0x264 ./Drivers/STM32F4xx_HAL_Driver/Src/stm32f4xx_hal_adc.o
                0x0000000008004a28                HAL_ADC_ConfigChannel
 .text.ADC_Init
                0x0000000008004c8c      0x1f8 ./Drivers/STM32F4xx_HAL_Driver/Src/stm32f4xx_hal_adc.o
 .text.ADC_DMAConvCplt
                0x0000000008004e84       0xba ./Drivers/STM32F4xx_HAL_Driver/Src/stm32f4xx_hal_adc.o
 .text.ADC_DMAHalfConvCplt
                0x0000000008004f3e       0x1c ./Drivers/STM32F4xx_HAL_Driver/Src/stm32f4xx_hal_adc.o
 .text.ADC_DMAError
                0x0000000008004f5a       0x2e ./Drivers/STM32F4xx_HAL_Driver/Src/stm32f4xx_hal_adc.o
 .text.HAL_CAN_Init
                0x0000000008004f88      0x1f6 ./Drivers/STM32F4xx_HAL_Driver/Src/stm32f4xx_hal_can.o
                0x0000000008004f88                HAL_CAN_Init
 .text.HAL_CAN_DeInit
                0x000000000800517e       0x46 ./Drivers/STM32F4xx_HAL_Driver/Src/stm32f4xx_hal_can.o
                0x000000000800517e                HAL_CAN_DeInit
 .text.HAL_CAN_ConfigFilter
                0x00000000080051c4      0x1c0 ./Drivers/STM32F4xx_HAL_Driver/Src/stm32f4xx_hal_can.o
                0x00000000080051c4                HAL_CAN_ConfigFilter
 .text.HAL_CAN_Start
                0x0000000008005384       0x88 ./Drivers/STM32F4xx_HAL_Driver/Src/stm32f4xx_hal_can.o
                0x0000000008005384                HAL_CAN_Start
 .text.HAL_CAN_Stop
                0x000000000800540c       0x92 ./Drivers/STM32F4xx_HAL_Driver/Src/stm32f4xx_hal_can.o
                0x000000000800540c                HAL_CAN_Stop
 .text.HAL_CAN_AddTxMessage
                0x000000000800549e      0x1b6 ./Drivers/STM32F4xx_HAL_Driver/Src/stm32f4xx_hal_can.o
                0x000000000800549e                HAL_CAN_AddTxMessage
 .text.HAL_CAN_GetTxMailboxesFreeLevel
                0x0000000008005654       0x6a ./Drivers/STM32F4xx_HAL_Driver/Src/stm32f4xx_hal_can.o
                0x0000000008005654                HAL_CAN_GetTxMailboxesFreeLevel
 .text.HAL_CAN_GetRxMessage
                0x00000000080056be      0x224 ./Drivers/STM32F4xx_HAL_Driver/Src/stm32f4xx_hal_can.o
                0x00000000080056be                HAL_CAN_GetRxMessage
 .text.HAL_CAN_ActivateNotification
                0x00000000080058e2       0x4c ./Drivers/STM32F4xx_HAL_Driver/Src/stm32f4xx_hal_can.o
                0x00000000080058e2                HAL_CAN_ActivateNotification
 .text.HAL_CAN_IRQHandler
                0x000000000800592e      0x36e ./Drivers/STM32F4xx_HAL_Driver/Src/stm32f4xx_hal_can.o
                0x000000000800592e                HAL_CAN_IRQHandler
 .text.HAL_CAN_TxMailbox0CompleteCallback
                0x0000000008005c9c       0x14 ./Drivers/STM32F4xx_HAL_Driver/Src/stm32f4xx_hal_can.o
                0x0000000008005c9c                HAL_CAN_TxMailbox0CompleteCallback
 .text.HAL_CAN_TxMailbox1CompleteCallback
                0x0000000008005cb0       0x14 ./Drivers/STM32F4xx_HAL_Driver/Src/stm32f4xx_hal_can.o
                0x0000000008005cb0                HAL_CAN_TxMailbox1CompleteCallback
 .text.HAL_CAN_TxMailbox2CompleteCallback
                0x0000000008005cc4       0x14 ./Drivers/STM32F4xx_HAL_Driver/Src/stm32f4xx_hal_can.o
                0x0000000008005cc4                HAL_CAN_TxMailbox2CompleteCallback
 .text.HAL_CAN_TxMailbox0AbortCallback
                0x0000000008005cd8       0x14 ./Drivers/STM32F4xx_HAL_Driver/Src/stm32f4xx_hal_can.o
                0x0000000008005cd8                HAL_CAN_TxMailbox0AbortCallback
 .text.HAL_CAN_TxMailbox1AbortCallback
                0x0000000008005cec       0x14 ./Drivers/STM32F4xx_HAL_Driver/Src/stm32f4xx_hal_can.o
                0x0000000008005cec                HAL_CAN_TxMailbox1AbortCallback
 .text.HAL_CAN_TxMailbox2AbortCallback
                0x0000000008005d00       0x14 ./Drivers/STM32F4xx_HAL_Driver/Src/stm32f4xx_hal_can.o
                0x0000000008005d00                HAL_CAN_TxMailbox2AbortCallback
 .text.HAL_CAN_RxFifo0FullCallback
                0x0000000008005d14       0x14 ./Drivers/STM32F4xx_HAL_Driver/Src/stm32f4xx_hal_can.o
                0x0000000008005d14                HAL_CAN_RxFifo0FullCallback
 .text.HAL_CAN_RxFifo1MsgPendingCallback
                0x0000000008005d28       0x14 ./Drivers/STM32F4xx_HAL_Driver/Src/stm32f4xx_hal_can.o
                0x0000000008005d28                HAL_CAN_RxFifo1MsgPendingCallback
 .text.HAL_CAN_RxFifo1FullCallback
                0x0000000008005d3c       0x14 ./Drivers/STM32F4xx_HAL_Driver/Src/stm32f4xx_hal_can.o
                0x0000000008005d3c                HAL_CAN_RxFifo1FullCallback
 .text.HAL_CAN_SleepCallback
                0x0000000008005d50       0x14 ./Drivers/STM32F4xx_HAL_Driver/Src/stm32f4xx_hal_can.o
                0x0000000008005d50                HAL_CAN_SleepCallback
 .text.HAL_CAN_WakeUpFromRxMsgCallback
                0x0000000008005d64       0x14 ./Drivers/STM32F4xx_HAL_Driver/Src/stm32f4xx_hal_can.o
                0x0000000008005d64                HAL_CAN_WakeUpFromRxMsgCallback
 .text.HAL_CAN_ErrorCallback
                0x0000000008005d78       0x14 ./Drivers/STM32F4xx_HAL_Driver/Src/stm32f4xx_hal_can.o
                0x0000000008005d78                HAL_CAN_ErrorCallback
 .text.__NVIC_SetPriorityGrouping
                0x0000000008005d8c       0x48 ./Drivers/STM32F4xx_HAL_Driver/Src/stm32f4xx_hal_cortex.o
 .text.__NVIC_GetPriorityGrouping
                0x0000000008005dd4       0x1c ./Drivers/STM32F4xx_HAL_Driver/Src/stm32f4xx_hal_cortex.o
 .text.__NVIC_EnableIRQ
                0x0000000008005df0       0x3c ./Drivers/STM32F4xx_HAL_Driver/Src/stm32f4xx_hal_cortex.o
 .text.__NVIC_DisableIRQ
                0x0000000008005e2c       0x48 ./Drivers/STM32F4xx_HAL_Driver/Src/stm32f4xx_hal_cortex.o
 .text.__NVIC_SetPriority
                0x0000000008005e74       0x54 ./Drivers/STM32F4xx_HAL_Driver/Src/stm32f4xx_hal_cortex.o
 .text.NVIC_EncodePriority
                0x0000000008005ec8       0x66 ./Drivers/STM32F4xx_HAL_Driver/Src/stm32f4xx_hal_cortex.o
 *fill*         0x0000000008005f2e        0x2 
 .text.SysTick_Config
                0x0000000008005f30       0x44 ./Drivers/STM32F4xx_HAL_Driver/Src/stm32f4xx_hal_cortex.o
 .text.HAL_NVIC_SetPriorityGrouping
                0x0000000008005f74       0x16 ./Drivers/STM32F4xx_HAL_Driver/Src/stm32f4xx_hal_cortex.o
                0x0000000008005f74                HAL_NVIC_SetPriorityGrouping
 .text.HAL_NVIC_SetPriority
                0x0000000008005f8a       0x38 ./Drivers/STM32F4xx_HAL_Driver/Src/stm32f4xx_hal_cortex.o
                0x0000000008005f8a                HAL_NVIC_SetPriority
 .text.HAL_NVIC_EnableIRQ
                0x0000000008005fc2       0x1c ./Drivers/STM32F4xx_HAL_Driver/Src/stm32f4xx_hal_cortex.o
                0x0000000008005fc2                HAL_NVIC_EnableIRQ
 .text.HAL_NVIC_DisableIRQ
                0x0000000008005fde       0x1c ./Drivers/STM32F4xx_HAL_Driver/Src/stm32f4xx_hal_cortex.o
                0x0000000008005fde                HAL_NVIC_DisableIRQ
 .text.HAL_SYSTICK_Config
                0x0000000008005ffa       0x18 ./Drivers/STM32F4xx_HAL_Driver/Src/stm32f4xx_hal_cortex.o
                0x0000000008005ffa                HAL_SYSTICK_Config
 .text.HAL_CRC_Init
                0x0000000008006012       0x38 ./Drivers/STM32F4xx_HAL_Driver/Src/stm32f4xx_hal_crc.o
                0x0000000008006012                HAL_CRC_Init
 .text.HAL_CRC_Calculate
                0x000000000800604a       0x66 ./Drivers/STM32F4xx_HAL_Driver/Src/stm32f4xx_hal_crc.o
                0x000000000800604a                HAL_CRC_Calculate
 .text.HAL_DMA_Init
                0x00000000080060b0      0x15c ./Drivers/STM32F4xx_HAL_Driver/Src/stm32f4xx_hal_dma.o
                0x00000000080060b0                HAL_DMA_Init
 .text.HAL_DMA_Start_IT
                0x000000000800620c       0xb0 ./Drivers/STM32F4xx_HAL_Driver/Src/stm32f4xx_hal_dma.o
                0x000000000800620c                HAL_DMA_Start_IT
 .text.HAL_DMA_Abort_IT
                0x00000000080062bc       0x44 ./Drivers/STM32F4xx_HAL_Driver/Src/stm32f4xx_hal_dma.o
                0x00000000080062bc                HAL_DMA_Abort_IT
 .text.HAL_DMA_IRQHandler
                0x0000000008006300      0x314 ./Drivers/STM32F4xx_HAL_Driver/Src/stm32f4xx_hal_dma.o
                0x0000000008006300                HAL_DMA_IRQHandler
 .text.HAL_DMA_GetState
                0x0000000008006614       0x1c ./Drivers/STM32F4xx_HAL_Driver/Src/stm32f4xx_hal_dma.o
                0x0000000008006614                HAL_DMA_GetState
 .text.HAL_DMA_GetError
                0x0000000008006630       0x18 ./Drivers/STM32F4xx_HAL_Driver/Src/stm32f4xx_hal_dma.o
                0x0000000008006630                HAL_DMA_GetError
 .text.DMA_SetConfig
                0x0000000008006648       0x5c ./Drivers/STM32F4xx_HAL_Driver/Src/stm32f4xx_hal_dma.o
 .text.DMA_CalcBaseAndBitshift
                0x00000000080066a4       0x6c ./Drivers/STM32F4xx_HAL_Driver/Src/stm32f4xx_hal_dma.o
 .text.DMA_CheckFifoParam
                0x0000000008006710       0xf8 ./Drivers/STM32F4xx_HAL_Driver/Src/stm32f4xx_hal_dma.o
 .text.HAL_GPIO_Init
                0x0000000008006808      0x328 ./Drivers/STM32F4xx_HAL_Driver/Src/stm32f4xx_hal_gpio.o
                0x0000000008006808                HAL_GPIO_Init
 .text.HAL_GPIO_DeInit
                0x0000000008006b30      0x1e8 ./Drivers/STM32F4xx_HAL_Driver/Src/stm32f4xx_hal_gpio.o
                0x0000000008006b30                HAL_GPIO_DeInit
 .text.HAL_GPIO_ReadPin
                0x0000000008006d18       0x30 ./Drivers/STM32F4xx_HAL_Driver/Src/stm32f4xx_hal_gpio.o
                0x0000000008006d18                HAL_GPIO_ReadPin
 .text.HAL_GPIO_WritePin
                0x0000000008006d48       0x32 ./Drivers/STM32F4xx_HAL_Driver/Src/stm32f4xx_hal_gpio.o
                0x0000000008006d48                HAL_GPIO_WritePin
 .text.HAL_GPIO_TogglePin
                0x0000000008006d7a       0x34 ./Drivers/STM32F4xx_HAL_Driver/Src/stm32f4xx_hal_gpio.o
                0x0000000008006d7a                HAL_GPIO_TogglePin
 *fill*         0x0000000008006dae        0x2 
 .text.HAL_GPIO_EXTI_IRQHandler
                0x0000000008006db0       0x30 ./Drivers/STM32F4xx_HAL_Driver/Src/stm32f4xx_hal_gpio.o
                0x0000000008006db0                HAL_GPIO_EXTI_IRQHandler
 .text.HAL_I2C_Init
                0x0000000008006de0      0x288 ./Drivers/STM32F4xx_HAL_Driver/Src/stm32f4xx_hal_i2c.o
                0x0000000008006de0                HAL_I2C_Init
 .text.HAL_I2C_Mem_Read
                0x0000000008007068      0x44c ./Drivers/STM32F4xx_HAL_Driver/Src/stm32f4xx_hal_i2c.o
                0x0000000008007068                HAL_I2C_Mem_Read
 .text.HAL_I2C_Mem_Write_DMA
                0x00000000080074b4      0x2c4 ./Drivers/STM32F4xx_HAL_Driver/Src/stm32f4xx_hal_i2c.o
                0x00000000080074b4                HAL_I2C_Mem_Write_DMA
 .text.HAL_I2C_EV_IRQHandler
                0x0000000008007778      0x2e2 ./Drivers/STM32F4xx_HAL_Driver/Src/stm32f4xx_hal_i2c.o
                0x0000000008007778                HAL_I2C_EV_IRQHandler
 .text.HAL_I2C_MasterTxCpltCallback
                0x0000000008007a5a       0x14 ./Drivers/STM32F4xx_HAL_Driver/Src/stm32f4xx_hal_i2c.o
                0x0000000008007a5a                HAL_I2C_MasterTxCpltCallback
 .text.HAL_I2C_MasterRxCpltCallback
                0x0000000008007a6e       0x14 ./Drivers/STM32F4xx_HAL_Driver/Src/stm32f4xx_hal_i2c.o
                0x0000000008007a6e                HAL_I2C_MasterRxCpltCallback
 .text.HAL_I2C_SlaveTxCpltCallback
                0x0000000008007a82       0x14 ./Drivers/STM32F4xx_HAL_Driver/Src/stm32f4xx_hal_i2c.o
                0x0000000008007a82                HAL_I2C_SlaveTxCpltCallback
 .text.HAL_I2C_SlaveRxCpltCallback
                0x0000000008007a96       0x14 ./Drivers/STM32F4xx_HAL_Driver/Src/stm32f4xx_hal_i2c.o
                0x0000000008007a96                HAL_I2C_SlaveRxCpltCallback
 .text.HAL_I2C_AddrCallback
                0x0000000008007aaa       0x1c ./Drivers/STM32F4xx_HAL_Driver/Src/stm32f4xx_hal_i2c.o
                0x0000000008007aaa                HAL_I2C_AddrCallback
 .text.HAL_I2C_ListenCpltCallback
                0x0000000008007ac6       0x14 ./Drivers/STM32F4xx_HAL_Driver/Src/stm32f4xx_hal_i2c.o
                0x0000000008007ac6                HAL_I2C_ListenCpltCallback
 .text.HAL_I2C_MemRxCpltCallback
                0x0000000008007ada       0x14 ./Drivers/STM32F4xx_HAL_Driver/Src/stm32f4xx_hal_i2c.o
                0x0000000008007ada                HAL_I2C_MemRxCpltCallback
 .text.HAL_I2C_ErrorCallback
                0x0000000008007aee       0x14 ./Drivers/STM32F4xx_HAL_Driver/Src/stm32f4xx_hal_i2c.o
                0x0000000008007aee                HAL_I2C_ErrorCallback
 .text.HAL_I2C_AbortCpltCallback
                0x0000000008007b02       0x14 ./Drivers/STM32F4xx_HAL_Driver/Src/stm32f4xx_hal_i2c.o
                0x0000000008007b02                HAL_I2C_AbortCpltCallback
 .text.I2C_MasterTransmit_TXE
                0x0000000008007b16      0x138 ./Drivers/STM32F4xx_HAL_Driver/Src/stm32f4xx_hal_i2c.o
 .text.I2C_MasterTransmit_BTF
                0x0000000008007c4e       0xec ./Drivers/STM32F4xx_HAL_Driver/Src/stm32f4xx_hal_i2c.o
 .text.I2C_MemoryTransmit_TXE_BTF
                0x0000000008007d3a      0x128 ./Drivers/STM32F4xx_HAL_Driver/Src/stm32f4xx_hal_i2c.o
 .text.I2C_MasterReceive_RXNE
                0x0000000008007e62      0x162 ./Drivers/STM32F4xx_HAL_Driver/Src/stm32f4xx_hal_i2c.o
 .text.I2C_MasterReceive_BTF
                0x0000000008007fc4      0x1d4 ./Drivers/STM32F4xx_HAL_Driver/Src/stm32f4xx_hal_i2c.o
 .text.I2C_Master_SB
                0x0000000008008198      0x10c ./Drivers/STM32F4xx_HAL_Driver/Src/stm32f4xx_hal_i2c.o
 .text.I2C_Master_ADD10
                0x00000000080082a4       0x54 ./Drivers/STM32F4xx_HAL_Driver/Src/stm32f4xx_hal_i2c.o
 .text.I2C_Master_ADDR
                0x00000000080082f8      0x322 ./Drivers/STM32F4xx_HAL_Driver/Src/stm32f4xx_hal_i2c.o
 .text.I2C_SlaveTransmit_TXE
                0x000000000800861a       0x7a ./Drivers/STM32F4xx_HAL_Driver/Src/stm32f4xx_hal_i2c.o
 .text.I2C_SlaveTransmit_BTF
                0x0000000008008694       0x42 ./Drivers/STM32F4xx_HAL_Driver/Src/stm32f4xx_hal_i2c.o
 .text.I2C_SlaveReceive_RXNE
                0x00000000080086d6       0x7c ./Drivers/STM32F4xx_HAL_Driver/Src/stm32f4xx_hal_i2c.o
 .text.I2C_SlaveReceive_BTF
                0x0000000008008752       0x44 ./Drivers/STM32F4xx_HAL_Driver/Src/stm32f4xx_hal_i2c.o
 .text.I2C_Slave_ADDR
                0x0000000008008796       0x94 ./Drivers/STM32F4xx_HAL_Driver/Src/stm32f4xx_hal_i2c.o
 *fill*         0x000000000800882a        0x2 
 .text.I2C_Slave_STOPF
                0x000000000800882c      0x260 ./Drivers/STM32F4xx_HAL_Driver/Src/stm32f4xx_hal_i2c.o
 .text.I2C_ITError
                0x0000000008008a8c      0x264 ./Drivers/STM32F4xx_HAL_Driver/Src/stm32f4xx_hal_i2c.o
 .text.I2C_RequestMemoryWrite
                0x0000000008008cf0      0x12c ./Drivers/STM32F4xx_HAL_Driver/Src/stm32f4xx_hal_i2c.o
 .text.I2C_RequestMemoryRead
                0x0000000008008e1c      0x1d0 ./Drivers/STM32F4xx_HAL_Driver/Src/stm32f4xx_hal_i2c.o
 .text.I2C_DMAXferCplt
                0x0000000008008fec      0x1aa ./Drivers/STM32F4xx_HAL_Driver/Src/stm32f4xx_hal_i2c.o
 .text.I2C_DMAError
                0x0000000008009196       0x7a ./Drivers/STM32F4xx_HAL_Driver/Src/stm32f4xx_hal_i2c.o
 .text.I2C_DMAAbort
                0x0000000008009210      0x150 ./Drivers/STM32F4xx_HAL_Driver/Src/stm32f4xx_hal_i2c.o
 .text.I2C_WaitOnFlagUntilTimeout
                0x0000000008009360       0xae ./Drivers/STM32F4xx_HAL_Driver/Src/stm32f4xx_hal_i2c.o
 .text.I2C_WaitOnMasterAddressFlagUntilTimeout
                0x000000000800940e       0xfe ./Drivers/STM32F4xx_HAL_Driver/Src/stm32f4xx_hal_i2c.o
 .text.I2C_WaitOnTXEFlagUntilTimeout
                0x000000000800950c       0x82 ./Drivers/STM32F4xx_HAL_Driver/Src/stm32f4xx_hal_i2c.o
 *fill*         0x000000000800958e        0x2 
 .text.I2C_WaitOnSTOPRequestThroughIT
                0x0000000008009590       0x64 ./Drivers/STM32F4xx_HAL_Driver/Src/stm32f4xx_hal_i2c.o
 .text.I2C_WaitOnRXNEFlagUntilTimeout
                0x00000000080095f4       0xac ./Drivers/STM32F4xx_HAL_Driver/Src/stm32f4xx_hal_i2c.o
 .text.I2C_IsAcknowledgeFailed
                0x00000000080096a0       0x5e ./Drivers/STM32F4xx_HAL_Driver/Src/stm32f4xx_hal_i2c.o
 .text.I2C_ConvertOtherXferOptions
                0x00000000080096fe       0x36 ./Drivers/STM32F4xx_HAL_Driver/Src/stm32f4xx_hal_i2c.o
 .text.HAL_PCD_Init
                0x0000000008009734      0x248 ./Drivers/STM32F4xx_HAL_Driver/Src/stm32f4xx_hal_pcd.o
                0x0000000008009734                HAL_PCD_Init
 .text.HAL_PCD_Start
                0x000000000800997c       0x66 ./Drivers/STM32F4xx_HAL_Driver/Src/stm32f4xx_hal_pcd.o
                0x000000000800997c                HAL_PCD_Start
 .text.HAL_PCD_IRQHandler
                0x00000000080099e2      0x7be ./Drivers/STM32F4xx_HAL_Driver/Src/stm32f4xx_hal_pcd.o
                0x00000000080099e2                HAL_PCD_IRQHandler
 .text.HAL_PCD_SetAddress
                0x000000000800a1a0       0x4a ./Drivers/STM32F4xx_HAL_Driver/Src/stm32f4xx_hal_pcd.o
                0x000000000800a1a0                HAL_PCD_SetAddress
 .text.HAL_PCD_EP_Open
                0x000000000800a1ea       0xd0 ./Drivers/STM32F4xx_HAL_Driver/Src/stm32f4xx_hal_pcd.o
                0x000000000800a1ea                HAL_PCD_EP_Open
 .text.HAL_PCD_EP_Close
                0x000000000800a2ba       0x94 ./Drivers/STM32F4xx_HAL_Driver/Src/stm32f4xx_hal_pcd.o
                0x000000000800a2ba                HAL_PCD_EP_Close
 .text.HAL_PCD_EP_Receive
                0x000000000800a34e       0x96 ./Drivers/STM32F4xx_HAL_Driver/Src/stm32f4xx_hal_pcd.o
                0x000000000800a34e                HAL_PCD_EP_Receive
 .text.HAL_PCD_EP_GetRxCount
                0x000000000800a3e4       0x30 ./Drivers/STM32F4xx_HAL_Driver/Src/stm32f4xx_hal_pcd.o
                0x000000000800a3e4                HAL_PCD_EP_GetRxCount
 .text.HAL_PCD_EP_Transmit
                0x000000000800a414       0x94 ./Drivers/STM32F4xx_HAL_Driver/Src/stm32f4xx_hal_pcd.o
                0x000000000800a414                HAL_PCD_EP_Transmit
 .text.HAL_PCD_EP_SetStall
                0x000000000800a4a8       0xc8 ./Drivers/STM32F4xx_HAL_Driver/Src/stm32f4xx_hal_pcd.o
                0x000000000800a4a8                HAL_PCD_EP_SetStall
 .text.HAL_PCD_EP_ClrStall
                0x000000000800a570       0xac ./Drivers/STM32F4xx_HAL_Driver/Src/stm32f4xx_hal_pcd.o
                0x000000000800a570                HAL_PCD_EP_ClrStall
 .text.PCD_WriteEmptyTxFifo
                0x000000000800a61c      0x11a ./Drivers/STM32F4xx_HAL_Driver/Src/stm32f4xx_hal_pcd.o
 *fill*         0x000000000800a736        0x2 
 .text.PCD_EP_OutXfrComplete_int
                0x000000000800a738      0x218 ./Drivers/STM32F4xx_HAL_Driver/Src/stm32f4xx_hal_pcd.o
 .text.PCD_EP_OutSetupPacket_int
                0x000000000800a950       0x8c ./Drivers/STM32F4xx_HAL_Driver/Src/stm32f4xx_hal_pcd.o
 .text.HAL_PCDEx_SetTxFiFo
                0x000000000800a9dc       0x8e ./Drivers/STM32F4xx_HAL_Driver/Src/stm32f4xx_hal_pcd_ex.o
                0x000000000800a9dc                HAL_PCDEx_SetTxFiFo
 .text.HAL_PCDEx_SetRxFiFo
                0x000000000800aa6a       0x22 ./Drivers/STM32F4xx_HAL_Driver/Src/stm32f4xx_hal_pcd_ex.o
                0x000000000800aa6a                HAL_PCDEx_SetRxFiFo
 .text.HAL_PCDEx_ActivateLPM
                0x000000000800aa8c       0x48 ./Drivers/STM32F4xx_HAL_Driver/Src/stm32f4xx_hal_pcd_ex.o
                0x000000000800aa8c                HAL_PCDEx_ActivateLPM
 .text.HAL_PWREx_EnableOverDrive
                0x000000000800aad4       0xa0 ./Drivers/STM32F4xx_HAL_Driver/Src/stm32f4xx_hal_pwr_ex.o
                0x000000000800aad4                HAL_PWREx_EnableOverDrive
 .text.HAL_RCC_ClockConfig
                0x000000000800ab74      0x1cc ./Drivers/STM32F4xx_HAL_Driver/Src/stm32f4xx_hal_rcc.o
                0x000000000800ab74                HAL_RCC_ClockConfig
 .text.HAL_RCC_GetHCLKFreq
                0x000000000800ad40       0x18 ./Drivers/STM32F4xx_HAL_Driver/Src/stm32f4xx_hal_rcc.o
                0x000000000800ad40                HAL_RCC_GetHCLKFreq
 .text.HAL_RCC_GetPCLK1Freq
                0x000000000800ad58       0x28 ./Drivers/STM32F4xx_HAL_Driver/Src/stm32f4xx_hal_rcc.o
                0x000000000800ad58                HAL_RCC_GetPCLK1Freq
 .text.HAL_RCCEx_PeriphCLKConfig
                0x000000000800ad80      0x654 ./Drivers/STM32F4xx_HAL_Driver/Src/stm32f4xx_hal_rcc_ex.o
                0x000000000800ad80                HAL_RCCEx_PeriphCLKConfig
 .text.HAL_RCC_GetSysClockFreq
                0x000000000800b3d4      0x364 ./Drivers/STM32F4xx_HAL_Driver/Src/stm32f4xx_hal_rcc_ex.o
                0x000000000800b3d4                HAL_RCC_GetSysClockFreq
 .text.HAL_RCC_OscConfig
                0x000000000800b738      0x53c ./Drivers/STM32F4xx_HAL_Driver/Src/stm32f4xx_hal_rcc_ex.o
                0x000000000800b738                HAL_RCC_OscConfig
 .text.HAL_TIM_Base_Init
                0x000000000800bc74       0x9e ./Drivers/STM32F4xx_HAL_Driver/Src/stm32f4xx_hal_tim.o
                0x000000000800bc74                HAL_TIM_Base_Init
 *fill*         0x000000000800bd12        0x2 
 .text.HAL_TIM_Base_Start_IT
                0x000000000800bd14       0xe0 ./Drivers/STM32F4xx_HAL_Driver/Src/stm32f4xx_hal_tim.o
                0x000000000800bd14                HAL_TIM_Base_Start_IT
 .text.HAL_TIM_Base_Stop_IT
                0x000000000800bdf4       0x5e ./Drivers/STM32F4xx_HAL_Driver/Src/stm32f4xx_hal_tim.o
                0x000000000800bdf4                HAL_TIM_Base_Stop_IT
 .text.HAL_TIM_PWM_Init
                0x000000000800be52       0x9e ./Drivers/STM32F4xx_HAL_Driver/Src/stm32f4xx_hal_tim.o
                0x000000000800be52                HAL_TIM_PWM_Init
 .text.HAL_TIM_PWM_Start
                0x000000000800bef0      0x190 ./Drivers/STM32F4xx_HAL_Driver/Src/stm32f4xx_hal_tim.o
                0x000000000800bef0                HAL_TIM_PWM_Start
 .text.HAL_TIM_IRQHandler
                0x000000000800c080      0x210 ./Drivers/STM32F4xx_HAL_Driver/Src/stm32f4xx_hal_tim.o
                0x000000000800c080                HAL_TIM_IRQHandler
 .text.HAL_TIM_PWM_ConfigChannel
                0x000000000800c290      0x184 ./Drivers/STM32F4xx_HAL_Driver/Src/stm32f4xx_hal_tim.o
                0x000000000800c290                HAL_TIM_PWM_ConfigChannel
 .text.HAL_TIM_ConfigClockSource
                0x000000000800c414      0x18e ./Drivers/STM32F4xx_HAL_Driver/Src/stm32f4xx_hal_tim.o
                0x000000000800c414                HAL_TIM_ConfigClockSource
 .text.HAL_TIM_OC_DelayElapsedCallback
                0x000000000800c5a2       0x14 ./Drivers/STM32F4xx_HAL_Driver/Src/stm32f4xx_hal_tim.o
                0x000000000800c5a2                HAL_TIM_OC_DelayElapsedCallback
 .text.HAL_TIM_IC_CaptureCallback
                0x000000000800c5b6       0x14 ./Drivers/STM32F4xx_HAL_Driver/Src/stm32f4xx_hal_tim.o
                0x000000000800c5b6                HAL_TIM_IC_CaptureCallback
 .text.HAL_TIM_PWM_PulseFinishedCallback
                0x000000000800c5ca       0x14 ./Drivers/STM32F4xx_HAL_Driver/Src/stm32f4xx_hal_tim.o
                0x000000000800c5ca                HAL_TIM_PWM_PulseFinishedCallback
 .text.HAL_TIM_TriggerCallback
                0x000000000800c5de       0x14 ./Drivers/STM32F4xx_HAL_Driver/Src/stm32f4xx_hal_tim.o
                0x000000000800c5de                HAL_TIM_TriggerCallback
 *fill*         0x000000000800c5f2        0x2 
 .text.TIM_Base_SetConfig
                0x000000000800c5f4      0x140 ./Drivers/STM32F4xx_HAL_Driver/Src/stm32f4xx_hal_tim.o
                0x000000000800c5f4                TIM_Base_SetConfig
 .text.TIM_OC1_SetConfig
                0x000000000800c734       0xe0 ./Drivers/STM32F4xx_HAL_Driver/Src/stm32f4xx_hal_tim.o
 .text.TIM_OC2_SetConfig
                0x000000000800c814       0xec ./Drivers/STM32F4xx_HAL_Driver/Src/stm32f4xx_hal_tim.o
                0x000000000800c814                TIM_OC2_SetConfig
 .text.TIM_OC3_SetConfig
                0x000000000800c900       0xe8 ./Drivers/STM32F4xx_HAL_Driver/Src/stm32f4xx_hal_tim.o
 .text.TIM_OC4_SetConfig
                0x000000000800c9e8       0xac ./Drivers/STM32F4xx_HAL_Driver/Src/stm32f4xx_hal_tim.o
 .text.TIM_TI1_ConfigInputStage
                0x000000000800ca94       0x5e ./Drivers/STM32F4xx_HAL_Driver/Src/stm32f4xx_hal_tim.o
 .text.TIM_TI2_ConfigInputStage
                0x000000000800caf2       0x60 ./Drivers/STM32F4xx_HAL_Driver/Src/stm32f4xx_hal_tim.o
 .text.TIM_ITRx_SetConfig
                0x000000000800cb52       0x36 ./Drivers/STM32F4xx_HAL_Driver/Src/stm32f4xx_hal_tim.o
 .text.TIM_ETR_SetConfig
                0x000000000800cb88       0x40 ./Drivers/STM32F4xx_HAL_Driver/Src/stm32f4xx_hal_tim.o
                0x000000000800cb88                TIM_ETR_SetConfig
 .text.TIM_CCxChannelCmd
                0x000000000800cbc8       0x4a ./Drivers/STM32F4xx_HAL_Driver/Src/stm32f4xx_hal_tim.o
                0x000000000800cbc8                TIM_CCxChannelCmd
 *fill*         0x000000000800cc12        0x2 
 .text.HAL_TIMEx_MasterConfigSynchronization
                0x000000000800cc14       0xf8 ./Drivers/STM32F4xx_HAL_Driver/Src/stm32f4xx_hal_tim_ex.o
                0x000000000800cc14                HAL_TIMEx_MasterConfigSynchronization
 .text.HAL_TIMEx_ConfigBreakDeadTime
                0x000000000800cd0c       0xa4 ./Drivers/STM32F4xx_HAL_Driver/Src/stm32f4xx_hal_tim_ex.o
                0x000000000800cd0c                HAL_TIMEx_ConfigBreakDeadTime
 .text.HAL_TIMEx_CommutCallback
                0x000000000800cdb0       0x14 ./Drivers/STM32F4xx_HAL_Driver/Src/stm32f4xx_hal_tim_ex.o
                0x000000000800cdb0                HAL_TIMEx_CommutCallback
 .text.HAL_TIMEx_BreakCallback
                0x000000000800cdc4       0x14 ./Drivers/STM32F4xx_HAL_Driver/Src/stm32f4xx_hal_tim_ex.o
                0x000000000800cdc4                HAL_TIMEx_BreakCallback
 .text.USB_CoreInit
                0x000000000800cdd8       0xc2 ./Drivers/STM32F4xx_HAL_Driver/Src/stm32f4xx_ll_usb.o
                0x000000000800cdd8                USB_CoreInit
 *fill*         0x000000000800ce9a        0x2 
 .text.USB_SetTurnaroundTime
                0x000000000800ce9c      0x144 ./Drivers/STM32F4xx_HAL_Driver/Src/stm32f4xx_ll_usb.o
                0x000000000800ce9c                USB_SetTurnaroundTime
 .text.USB_EnableGlobalInt
                0x000000000800cfe0       0x22 ./Drivers/STM32F4xx_HAL_Driver/Src/stm32f4xx_ll_usb.o
                0x000000000800cfe0                USB_EnableGlobalInt
 .text.USB_DisableGlobalInt
                0x000000000800d002       0x22 ./Drivers/STM32F4xx_HAL_Driver/Src/stm32f4xx_ll_usb.o
                0x000000000800d002                USB_DisableGlobalInt
 .text.USB_SetCurrentMode
                0x000000000800d024       0x98 ./Drivers/STM32F4xx_HAL_Driver/Src/stm32f4xx_ll_usb.o
                0x000000000800d024                USB_SetCurrentMode
 .text.USB_DevInit
                0x000000000800d0bc      0x2bc ./Drivers/STM32F4xx_HAL_Driver/Src/stm32f4xx_ll_usb.o
                0x000000000800d0bc                USB_DevInit
 .text.USB_FlushTxFifo
                0x000000000800d378       0x48 ./Drivers/STM32F4xx_HAL_Driver/Src/stm32f4xx_ll_usb.o
                0x000000000800d378                USB_FlushTxFifo
 .text.USB_FlushRxFifo
                0x000000000800d3c0       0x40 ./Drivers/STM32F4xx_HAL_Driver/Src/stm32f4xx_ll_usb.o
                0x000000000800d3c0                USB_FlushRxFifo
 .text.USB_SetDevSpeed
                0x000000000800d400       0x32 ./Drivers/STM32F4xx_HAL_Driver/Src/stm32f4xx_ll_usb.o
                0x000000000800d400                USB_SetDevSpeed
 .text.USB_GetDevSpeed
                0x000000000800d432       0x4a ./Drivers/STM32F4xx_HAL_Driver/Src/stm32f4xx_ll_usb.o
                0x000000000800d432                USB_GetDevSpeed
 .text.USB_ActivateEndpoint
                0x000000000800d47c      0x10e ./Drivers/STM32F4xx_HAL_Driver/Src/stm32f4xx_ll_usb.o
                0x000000000800d47c                USB_ActivateEndpoint
 *fill*         0x000000000800d58a        0x2 
 .text.USB_DeactivateEndpoint
                0x000000000800d58c      0x1b8 ./Drivers/STM32F4xx_HAL_Driver/Src/stm32f4xx_ll_usb.o
                0x000000000800d58c                USB_DeactivateEndpoint
 .text.USB_EPStartXfer
                0x000000000800d744      0x488 ./Drivers/STM32F4xx_HAL_Driver/Src/stm32f4xx_ll_usb.o
                0x000000000800d744                USB_EPStartXfer
 .text.USB_EP0StartXfer
                0x000000000800dbcc      0x2a6 ./Drivers/STM32F4xx_HAL_Driver/Src/stm32f4xx_ll_usb.o
                0x000000000800dbcc                USB_EP0StartXfer
 .text.USB_WritePacket
                0x000000000800de72       0x7c ./Drivers/STM32F4xx_HAL_Driver/Src/stm32f4xx_ll_usb.o
                0x000000000800de72                USB_WritePacket
 .text.USB_ReadPacket
                0x000000000800deee       0xb0 ./Drivers/STM32F4xx_HAL_Driver/Src/stm32f4xx_ll_usb.o
                0x000000000800deee                USB_ReadPacket
 .text.USB_EPSetStall
                0x000000000800df9e       0xdc ./Drivers/STM32F4xx_HAL_Driver/Src/stm32f4xx_ll_usb.o
                0x000000000800df9e                USB_EPSetStall
 .text.USB_EPClearStall
                0x000000000800e07a       0xcc ./Drivers/STM32F4xx_HAL_Driver/Src/stm32f4xx_ll_usb.o
                0x000000000800e07a                USB_EPClearStall
 .text.USB_SetDevAddress
                0x000000000800e146       0x4c ./Drivers/STM32F4xx_HAL_Driver/Src/stm32f4xx_ll_usb.o
                0x000000000800e146                USB_SetDevAddress
 .text.USB_DevConnect
                0x000000000800e192       0x42 ./Drivers/STM32F4xx_HAL_Driver/Src/stm32f4xx_ll_usb.o
                0x000000000800e192                USB_DevConnect
 .text.USB_DevDisconnect
                0x000000000800e1d4       0x42 ./Drivers/STM32F4xx_HAL_Driver/Src/stm32f4xx_ll_usb.o
                0x000000000800e1d4                USB_DevDisconnect
 .text.USB_ReadInterrupts
                0x000000000800e216       0x26 ./Drivers/STM32F4xx_HAL_Driver/Src/stm32f4xx_ll_usb.o
                0x000000000800e216                USB_ReadInterrupts
 .text.USB_ReadDevAllOutEpInterrupt
                0x000000000800e23c       0x34 ./Drivers/STM32F4xx_HAL_Driver/Src/stm32f4xx_ll_usb.o
                0x000000000800e23c                USB_ReadDevAllOutEpInterrupt
 .text.USB_ReadDevAllInEpInterrupt
                0x000000000800e270       0x34 ./Drivers/STM32F4xx_HAL_Driver/Src/stm32f4xx_ll_usb.o
                0x000000000800e270                USB_ReadDevAllInEpInterrupt
 .text.USB_ReadDevOutEPInterrupt
                0x000000000800e2a4       0x3c ./Drivers/STM32F4xx_HAL_Driver/Src/stm32f4xx_ll_usb.o
                0x000000000800e2a4                USB_ReadDevOutEPInterrupt
 .text.USB_ReadDevInEPInterrupt
                0x000000000800e2e0       0x5c ./Drivers/STM32F4xx_HAL_Driver/Src/stm32f4xx_ll_usb.o
                0x000000000800e2e0                USB_ReadDevInEPInterrupt
 .text.USB_GetMode
                0x000000000800e33c       0x1c ./Drivers/STM32F4xx_HAL_Driver/Src/stm32f4xx_ll_usb.o
                0x000000000800e33c                USB_GetMode
 .text.USB_ActivateSetup
                0x000000000800e358       0x46 ./Drivers/STM32F4xx_HAL_Driver/Src/stm32f4xx_ll_usb.o
                0x000000000800e358                USB_ActivateSetup
 *fill*         0x000000000800e39e        0x2 
 .text.USB_EP0_OutStart
                0x000000000800e3a0       0xbc ./Drivers/STM32F4xx_HAL_Driver/Src/stm32f4xx_ll_usb.o
                0x000000000800e3a0                USB_EP0_OutStart
 .text.USB_CoreReset
                0x000000000800e45c       0x64 ./Drivers/STM32F4xx_HAL_Driver/Src/stm32f4xx_ll_usb.o
 .text.USBD_CDC_Init
                0x000000000800e4c0       0xfe ./Middlewares/ST/STM32_USB_Device_Library/Class/CDC/Src/usbd_cdc.o
 .text.USBD_CDC_DeInit
                0x000000000800e5be       0x74 ./Middlewares/ST/STM32_USB_Device_Library/Class/CDC/Src/usbd_cdc.o
 *fill*         0x000000000800e632        0x2 
 .text.USBD_CDC_Setup
                0x000000000800e634      0x190 ./Middlewares/ST/STM32_USB_Device_Library/Class/CDC/Src/usbd_cdc.o
 .text.USBD_CDC_DataIn
                0x000000000800e7c4       0xca ./Middlewares/ST/STM32_USB_Device_Library/Class/CDC/Src/usbd_cdc.o
 .text.USBD_CDC_DataOut
                0x000000000800e88e       0x56 ./Middlewares/ST/STM32_USB_Device_Library/Class/CDC/Src/usbd_cdc.o
 .text.USBD_CDC_EP0_RxReady
                0x000000000800e8e4       0x5a ./Middlewares/ST/STM32_USB_Device_Library/Class/CDC/Src/usbd_cdc.o
 *fill*         0x000000000800e93e        0x2 
 .text.USBD_CDC_GetFSCfgDesc
                0x000000000800e940       0x20 ./Middlewares/ST/STM32_USB_Device_Library/Class/CDC/Src/usbd_cdc.o
 .text.USBD_CDC_GetHSCfgDesc
                0x000000000800e960       0x20 ./Middlewares/ST/STM32_USB_Device_Library/Class/CDC/Src/usbd_cdc.o
 .text.USBD_CDC_GetOtherSpeedCfgDesc
                0x000000000800e980       0x20 ./Middlewares/ST/STM32_USB_Device_Library/Class/CDC/Src/usbd_cdc.o
 .text.USBD_CDC_GetDeviceQualifierDescriptor
                0x000000000800e9a0       0x20 ./Middlewares/ST/STM32_USB_Device_Library/Class/CDC/Src/usbd_cdc.o
                0x000000000800e9a0                USBD_CDC_GetDeviceQualifierDescriptor
 .text.USBD_CDC_RegisterInterface
                0x000000000800e9c0       0x2a ./Middlewares/ST/STM32_USB_Device_Library/Class/CDC/Src/usbd_cdc.o
                0x000000000800e9c0                USBD_CDC_RegisterInterface
 .text.USBD_CDC_SetTxBuffer
                0x000000000800e9ea       0x3c ./Middlewares/ST/STM32_USB_Device_Library/Class/CDC/Src/usbd_cdc.o
                0x000000000800e9ea                USBD_CDC_SetTxBuffer
 .text.USBD_CDC_SetRxBuffer
                0x000000000800ea26       0x32 ./Middlewares/ST/STM32_USB_Device_Library/Class/CDC/Src/usbd_cdc.o
                0x000000000800ea26                USBD_CDC_SetRxBuffer
 .text.USBD_CDC_TransmitPacket
                0x000000000800ea58       0x60 ./Middlewares/ST/STM32_USB_Device_Library/Class/CDC/Src/usbd_cdc.o
                0x000000000800ea58                USBD_CDC_TransmitPacket
 .text.USBD_CDC_ReceivePacket
                0x000000000800eab8       0x54 ./Middlewares/ST/STM32_USB_Device_Library/Class/CDC/Src/usbd_cdc.o
                0x000000000800eab8                USBD_CDC_ReceivePacket
 .text.USBD_Init
                0x000000000800eb0c       0x60 ./Middlewares/ST/STM32_USB_Device_Library/Core/Src/usbd_core.o
                0x000000000800eb0c                USBD_Init
 .text.USBD_RegisterClass
                0x000000000800eb6c       0x4e ./Middlewares/ST/STM32_USB_Device_Library/Core/Src/usbd_core.o
                0x000000000800eb6c                USBD_RegisterClass
 .text.USBD_Start
                0x000000000800ebba       0x18 ./Middlewares/ST/STM32_USB_Device_Library/Core/Src/usbd_core.o
                0x000000000800ebba                USBD_Start
 .text.USBD_RunTestMode
                0x000000000800ebd2       0x16 ./Middlewares/ST/STM32_USB_Device_Library/Core/Src/usbd_core.o
                0x000000000800ebd2                USBD_RunTestMode
 .text.USBD_SetClassConfig
                0x000000000800ebe8       0x38 ./Middlewares/ST/STM32_USB_Device_Library/Core/Src/usbd_core.o
                0x000000000800ebe8                USBD_SetClassConfig
 .text.USBD_ClrClassConfig
                0x000000000800ec20       0x30 ./Middlewares/ST/STM32_USB_Device_Library/Core/Src/usbd_core.o
                0x000000000800ec20                USBD_ClrClassConfig
 .text.USBD_LL_SetupStage
                0x000000000800ec50       0xaa ./Middlewares/ST/STM32_USB_Device_Library/Core/Src/usbd_core.o
                0x000000000800ec50                USBD_LL_SetupStage
 .text.USBD_LL_DataOutStage
                0x000000000800ecfa       0xc6 ./Middlewares/ST/STM32_USB_Device_Library/Core/Src/usbd_core.o
                0x000000000800ecfa                USBD_LL_DataOutStage
 .text.USBD_LL_DataInStage
                0x000000000800edc0      0x12c ./Middlewares/ST/STM32_USB_Device_Library/Core/Src/usbd_core.o
                0x000000000800edc0                USBD_LL_DataInStage
 .text.USBD_LL_Reset
                0x000000000800eeec       0x9c ./Middlewares/ST/STM32_USB_Device_Library/Core/Src/usbd_core.o
                0x000000000800eeec                USBD_LL_Reset
 .text.USBD_LL_SetSpeed
                0x000000000800ef88       0x20 ./Middlewares/ST/STM32_USB_Device_Library/Core/Src/usbd_core.o
                0x000000000800ef88                USBD_LL_SetSpeed
 .text.USBD_LL_Suspend
                0x000000000800efa8       0x2c ./Middlewares/ST/STM32_USB_Device_Library/Core/Src/usbd_core.o
                0x000000000800efa8                USBD_LL_Suspend
 .text.USBD_LL_Resume
                0x000000000800efd4       0x30 ./Middlewares/ST/STM32_USB_Device_Library/Core/Src/usbd_core.o
                0x000000000800efd4                USBD_LL_Resume
 .text.USBD_LL_SOF
                0x000000000800f004       0x44 ./Middlewares/ST/STM32_USB_Device_Library/Core/Src/usbd_core.o
                0x000000000800f004                USBD_LL_SOF
 .text.USBD_LL_IsoINIncomplete
                0x000000000800f048       0x4c ./Middlewares/ST/STM32_USB_Device_Library/Core/Src/usbd_core.o
                0x000000000800f048                USBD_LL_IsoINIncomplete
 .text.USBD_LL_IsoOUTIncomplete
                0x000000000800f094       0x4c ./Middlewares/ST/STM32_USB_Device_Library/Core/Src/usbd_core.o
                0x000000000800f094                USBD_LL_IsoOUTIncomplete
 .text.USBD_LL_DevConnected
                0x000000000800f0e0       0x16 ./Middlewares/ST/STM32_USB_Device_Library/Core/Src/usbd_core.o
                0x000000000800f0e0                USBD_LL_DevConnected
 .text.USBD_LL_DevDisconnected
                0x000000000800f0f6       0x38 ./Middlewares/ST/STM32_USB_Device_Library/Core/Src/usbd_core.o
                0x000000000800f0f6                USBD_LL_DevDisconnected
 .text.SWAPBYTE
                0x000000000800f12e       0x3c ./Middlewares/ST/STM32_USB_Device_Library/Core/Src/usbd_ctlreq.o
 *fill*         0x000000000800f16a        0x2 
 .text.USBD_StdDevReq
                0x000000000800f16c       0xdc ./Middlewares/ST/STM32_USB_Device_Library/Core/Src/usbd_ctlreq.o
                0x000000000800f16c                USBD_StdDevReq
 .text.USBD_StdItfReq
                0x000000000800f248       0x92 ./Middlewares/ST/STM32_USB_Device_Library/Core/Src/usbd_ctlreq.o
                0x000000000800f248                USBD_StdItfReq
 .text.USBD_StdEPReq
                0x000000000800f2da      0x2c4 ./Middlewares/ST/STM32_USB_Device_Library/Core/Src/usbd_ctlreq.o
                0x000000000800f2da                USBD_StdEPReq
 *fill*         0x000000000800f59e        0x2 
 .text.USBD_GetDescriptor
                0x000000000800f5a0      0x328 ./Middlewares/ST/STM32_USB_Device_Library/Core/Src/usbd_ctlreq.o
 .text.USBD_SetAddress
                0x000000000800f8c8       0x88 ./Middlewares/ST/STM32_USB_Device_Library/Core/Src/usbd_ctlreq.o
 .text.USBD_SetConfig
                0x000000000800f950      0x14c ./Middlewares/ST/STM32_USB_Device_Library/Core/Src/usbd_ctlreq.o
 .text.USBD_GetConfig
                0x000000000800fa9c       0x6c ./Middlewares/ST/STM32_USB_Device_Library/Core/Src/usbd_ctlreq.o
 .text.USBD_GetStatus
                0x000000000800fb08       0x68 ./Middlewares/ST/STM32_USB_Device_Library/Core/Src/usbd_ctlreq.o
 .text.USBD_SetFeature
                0x000000000800fb70       0x28 ./Middlewares/ST/STM32_USB_Device_Library/Core/Src/usbd_ctlreq.o
 .text.USBD_ClrFeature
                0x000000000800fb98       0x44 ./Middlewares/ST/STM32_USB_Device_Library/Core/Src/usbd_ctlreq.o
 .text.USBD_ParseSetupRequest
                0x000000000800fbdc       0x74 ./Middlewares/ST/STM32_USB_Device_Library/Core/Src/usbd_ctlreq.o
                0x000000000800fbdc                USBD_ParseSetupRequest
 .text.USBD_CtlError
                0x000000000800fc50       0x22 ./Middlewares/ST/STM32_USB_Device_Library/Core/Src/usbd_ctlreq.o
                0x000000000800fc50                USBD_CtlError
 .text.USBD_GetString
                0x000000000800fc72       0x8c ./Middlewares/ST/STM32_USB_Device_Library/Core/Src/usbd_ctlreq.o
                0x000000000800fc72                USBD_GetString
 .text.USBD_GetLen
                0x000000000800fcfe       0x34 ./Middlewares/ST/STM32_USB_Device_Library/Core/Src/usbd_ctlreq.o
 .text.USBD_CtlSendData
                0x000000000800fd32       0x36 ./Middlewares/ST/STM32_USB_Device_Library/Core/Src/usbd_ioreq.o
                0x000000000800fd32                USBD_CtlSendData
 .text.USBD_CtlContinueSendData
                0x000000000800fd68       0x22 ./Middlewares/ST/STM32_USB_Device_Library/Core/Src/usbd_ioreq.o
                0x000000000800fd68                USBD_CtlContinueSendData
 .text.USBD_CtlPrepareRx
                0x000000000800fd8a       0x3a ./Middlewares/ST/STM32_USB_Device_Library/Core/Src/usbd_ioreq.o
                0x000000000800fd8a                USBD_CtlPrepareRx
 .text.USBD_CtlContinueRx
                0x000000000800fdc4       0x22 ./Middlewares/ST/STM32_USB_Device_Library/Core/Src/usbd_ioreq.o
                0x000000000800fdc4                USBD_CtlContinueRx
 .text.USBD_CtlSendStatus
                0x000000000800fde6       0x26 ./Middlewares/ST/STM32_USB_Device_Library/Core/Src/usbd_ioreq.o
                0x000000000800fde6                USBD_CtlSendStatus
 .text.USBD_CtlReceiveStatus
                0x000000000800fe0c       0x26 ./Middlewares/ST/STM32_USB_Device_Library/Core/Src/usbd_ioreq.o
                0x000000000800fe0c                USBD_CtlReceiveStatus
 *fill*         0x000000000800fe32        0x2 
 .text.MX_USB_DEVICE_Init
                0x000000000800fe34       0x60 ./USB_DEVICE/App/usb_device.o
                0x000000000800fe34                MX_USB_DEVICE_Init
 .text.CDC_Init_FS
                0x000000000800fe94       0x28 ./USB_DEVICE/App/usbd_cdc_if.o
 .text.CDC_DeInit_FS
                0x000000000800febc       0x10 ./USB_DEVICE/App/usbd_cdc_if.o
 .text.CDC_Control_FS
                0x000000000800fecc      0x144 ./USB_DEVICE/App/usbd_cdc_if.o
 .text.CDC_Receive_FS
                0x0000000008010010       0x34 ./USB_DEVICE/App/usbd_cdc_if.o
 .text.CDC_Transmit_FS
                0x0000000008010044       0x4c ./USB_DEVICE/App/usbd_cdc_if.o
                0x0000000008010044                CDC_Transmit_FS
 .text.CDC_TransmitCplt_FS
                0x0000000008010090       0x22 ./USB_DEVICE/App/usbd_cdc_if.o
 *fill*         0x00000000080100b2        0x2 
 .text.USBD_FS_DeviceDescriptor
                0x00000000080100b4       0x24 ./USB_DEVICE/App/usbd_desc.o
                0x00000000080100b4                USBD_FS_DeviceDescriptor
 .text.USBD_FS_LangIDStrDescriptor
                0x00000000080100d8       0x24 ./USB_DEVICE/App/usbd_desc.o
                0x00000000080100d8                USBD_FS_LangIDStrDescriptor
 .text.USBD_FS_ProductStrDescriptor
                0x00000000080100fc       0x3c ./USB_DEVICE/App/usbd_desc.o
                0x00000000080100fc                USBD_FS_ProductStrDescriptor
 .text.USBD_FS_ManufacturerStrDescriptor
                0x0000000008010138       0x28 ./USB_DEVICE/App/usbd_desc.o
                0x0000000008010138                USBD_FS_ManufacturerStrDescriptor
 .text.USBD_FS_SerialStrDescriptor
                0x0000000008010160       0x24 ./USB_DEVICE/App/usbd_desc.o
                0x0000000008010160                USBD_FS_SerialStrDescriptor
 .text.USBD_FS_ConfigStrDescriptor
                0x0000000008010184       0x3c ./USB_DEVICE/App/usbd_desc.o
                0x0000000008010184                USBD_FS_ConfigStrDescriptor
 .text.USBD_FS_InterfaceStrDescriptor
                0x00000000080101c0       0x3c ./USB_DEVICE/App/usbd_desc.o
                0x00000000080101c0                USBD_FS_InterfaceStrDescriptor
 .text.USBD_FS_USR_BOSDescriptor
                0x00000000080101fc       0x24 ./USB_DEVICE/App/usbd_desc.o
                0x00000000080101fc                USBD_FS_USR_BOSDescriptor
 .text.Get_SerialNum
                0x0000000008010220       0x58 ./USB_DEVICE/App/usbd_desc.o
 .text.IntToUnicode
                0x0000000008010278       0x7e ./USB_DEVICE/App/usbd_desc.o
 *fill*         0x00000000080102f6        0x2 
 .text.HAL_PCD_MspInit
                0x00000000080102f8      0x104 ./USB_DEVICE/Target/usbd_conf.o
                0x00000000080102f8                HAL_PCD_MspInit
 .text.HAL_PCD_SetupStageCallback
                0x00000000080103fc       0x24 ./USB_DEVICE/Target/usbd_conf.o
                0x00000000080103fc                HAL_PCD_SetupStageCallback
 .text.HAL_PCD_DataOutStageCallback
                0x0000000008010420       0x36 ./USB_DEVICE/Target/usbd_conf.o
                0x0000000008010420                HAL_PCD_DataOutStageCallback
 .text.HAL_PCD_DataInStageCallback
                0x0000000008010456       0x34 ./USB_DEVICE/Target/usbd_conf.o
                0x0000000008010456                HAL_PCD_DataInStageCallback
 .text.HAL_PCD_SOFCallback
                0x000000000801048a       0x1c ./USB_DEVICE/Target/usbd_conf.o
                0x000000000801048a                HAL_PCD_SOFCallback
 .text.HAL_PCD_ResetCallback
                0x00000000080104a6       0x50 ./USB_DEVICE/Target/usbd_conf.o
                0x00000000080104a6                HAL_PCD_ResetCallback
 *fill*         0x00000000080104f6        0x2 
 .text.HAL_PCD_SuspendCallback
                0x00000000080104f8       0x4c ./USB_DEVICE/Target/usbd_conf.o
                0x00000000080104f8                HAL_PCD_SuspendCallback
 .text.HAL_PCD_ResumeCallback
                0x0000000008010544       0x1c ./USB_DEVICE/Target/usbd_conf.o
                0x0000000008010544                HAL_PCD_ResumeCallback
 .text.HAL_PCD_ISOOUTIncompleteCallback
                0x0000000008010560       0x24 ./USB_DEVICE/Target/usbd_conf.o
                0x0000000008010560                HAL_PCD_ISOOUTIncompleteCallback
 .text.HAL_PCD_ISOINIncompleteCallback
                0x0000000008010584       0x24 ./USB_DEVICE/Target/usbd_conf.o
                0x0000000008010584                HAL_PCD_ISOINIncompleteCallback
 .text.HAL_PCD_ConnectCallback
                0x00000000080105a8       0x1c ./USB_DEVICE/Target/usbd_conf.o
                0x00000000080105a8                HAL_PCD_ConnectCallback
 .text.HAL_PCD_DisconnectCallback
                0x00000000080105c4       0x1c ./USB_DEVICE/Target/usbd_conf.o
                0x00000000080105c4                HAL_PCD_DisconnectCallback
 .text.USBD_LL_Init
                0x00000000080105e0       0x98 ./USB_DEVICE/Target/usbd_conf.o
                0x00000000080105e0                USBD_LL_Init
 .text.USBD_LL_Start
                0x0000000008010678       0x36 ./USB_DEVICE/Target/usbd_conf.o
                0x0000000008010678                USBD_LL_Start
 .text.USBD_LL_OpenEP
                0x00000000080106ae       0x4c ./USB_DEVICE/Target/usbd_conf.o
                0x00000000080106ae                USBD_LL_OpenEP
 .text.USBD_LL_CloseEP
                0x00000000080106fa       0x3e ./USB_DEVICE/Target/usbd_conf.o
                0x00000000080106fa                USBD_LL_CloseEP
 .text.USBD_LL_StallEP
                0x0000000008010738       0x3e ./USB_DEVICE/Target/usbd_conf.o
                0x0000000008010738                USBD_LL_StallEP
 .text.USBD_LL_ClearStallEP
                0x0000000008010776       0x3e ./USB_DEVICE/Target/usbd_conf.o
                0x0000000008010776                USBD_LL_ClearStallEP
 .text.USBD_LL_IsStallEP
                0x00000000080107b4       0x58 ./USB_DEVICE/Target/usbd_conf.o
                0x00000000080107b4                USBD_LL_IsStallEP
 .text.USBD_LL_SetUSBAddress
                0x000000000801080c       0x3e ./USB_DEVICE/Target/usbd_conf.o
                0x000000000801080c                USBD_LL_SetUSBAddress
 .text.USBD_LL_Transmit
                0x000000000801084a       0x42 ./USB_DEVICE/Target/usbd_conf.o
                0x000000000801084a                USBD_LL_Transmit
 .text.USBD_LL_PrepareReceive
                0x000000000801088c       0x42 ./USB_DEVICE/Target/usbd_conf.o
                0x000000000801088c                USBD_LL_PrepareReceive
 .text.USBD_LL_GetRxDataSize
                0x00000000080108ce       0x26 ./USB_DEVICE/Target/usbd_conf.o
                0x00000000080108ce                USBD_LL_GetRxDataSize
 .text.HAL_PCDEx_LPM_Callback
                0x00000000080108f4       0x9c ./USB_DEVICE/Target/usbd_conf.o
                0x00000000080108f4                HAL_PCDEx_LPM_Callback
 .text.USBD_static_malloc
                0x0000000008010990       0x1c ./USB_DEVICE/Target/usbd_conf.o
                0x0000000008010990                USBD_static_malloc
 .text.USBD_static_free
                0x00000000080109ac       0x14 ./USB_DEVICE/Target/usbd_conf.o
                0x00000000080109ac                USBD_static_free
 .text.USBD_Get_USB_Status
                0x00000000080109c0       0x58 ./USB_DEVICE/Target/usbd_conf.o
                0x00000000080109c0                USBD_Get_USB_Status
 .text.__errno  0x0000000008010a18        0xc c:/program files/st/stm32cubeide/stm32cubeide/plugins/com.st.stm32cube.ide.mcu.externaltools.gnu-tools-for-stm32.9-2020-q2-update.win32_2.0.0.202105311346/tools/bin/../lib/gcc/arm-none-eabi/9.3.1/../../../../arm-none-eabi/lib/thumb/v7e-m+fp/hard\libc_nano.a(lib_a-errno.o)
                0x0000000008010a18                __errno
 .text.__libc_init_array
                0x0000000008010a24       0x48 c:/program files/st/stm32cubeide/stm32cubeide/plugins/com.st.stm32cube.ide.mcu.externaltools.gnu-tools-for-stm32.9-2020-q2-update.win32_2.0.0.202105311346/tools/bin/../lib/gcc/arm-none-eabi/9.3.1/../../../../arm-none-eabi/lib/thumb/v7e-m+fp/hard\libc_nano.a(lib_a-init.o)
                0x0000000008010a24                __libc_init_array
 .text.malloc   0x0000000008010a6c       0x10 c:/program files/st/stm32cubeide/stm32cubeide/plugins/com.st.stm32cube.ide.mcu.externaltools.gnu-tools-for-stm32.9-2020-q2-update.win32_2.0.0.202105311346/tools/bin/../lib/gcc/arm-none-eabi/9.3.1/../../../../arm-none-eabi/lib/thumb/v7e-m+fp/hard\libc_nano.a(lib_a-malloc.o)
                0x0000000008010a6c                malloc
 .text.free     0x0000000008010a7c       0x10 c:/program files/st/stm32cubeide/stm32cubeide/plugins/com.st.stm32cube.ide.mcu.externaltools.gnu-tools-for-stm32.9-2020-q2-update.win32_2.0.0.202105311346/tools/bin/../lib/gcc/arm-none-eabi/9.3.1/../../../../arm-none-eabi/lib/thumb/v7e-m+fp/hard\libc_nano.a(lib_a-malloc.o)
                0x0000000008010a7c                free
 .text.memset   0x0000000008010a8c       0x10 c:/program files/st/stm32cubeide/stm32cubeide/plugins/com.st.stm32cube.ide.mcu.externaltools.gnu-tools-for-stm32.9-2020-q2-update.win32_2.0.0.202105311346/tools/bin/../lib/gcc/arm-none-eabi/9.3.1/../../../../arm-none-eabi/lib/thumb/v7e-m+fp/hard\libc_nano.a(lib_a-memset.o)
                0x0000000008010a8c                memset
 .text._free_r  0x0000000008010a9c       0xa0 c:/program files/st/stm32cubeide/stm32cubeide/plugins/com.st.stm32cube.ide.mcu.externaltools.gnu-tools-for-stm32.9-2020-q2-update.win32_2.0.0.202105311346/tools/bin/../lib/gcc/arm-none-eabi/9.3.1/../../../../arm-none-eabi/lib/thumb/v7e-m+fp/hard\libc_nano.a(lib_a-nano-freer.o)
                0x0000000008010a9c                _free_r
 .text._malloc_r
                0x0000000008010b3c       0xb4 c:/program files/st/stm32cubeide/stm32cubeide/plugins/com.st.stm32cube.ide.mcu.externaltools.gnu-tools-for-stm32.9-2020-q2-update.win32_2.0.0.202105311346/tools/bin/../lib/gcc/arm-none-eabi/9.3.1/../../../../arm-none-eabi/lib/thumb/v7e-m+fp/hard\libc_nano.a(lib_a-nano-mallocr.o)
                0x0000000008010b3c                _malloc_r
 .text._sbrk_r  0x0000000008010bf0       0x20 c:/program files/st/stm32cubeide/stm32cubeide/plugins/com.st.stm32cube.ide.mcu.externaltools.gnu-tools-for-stm32.9-2020-q2-update.win32_2.0.0.202105311346/tools/bin/../lib/gcc/arm-none-eabi/9.3.1/../../../../arm-none-eabi/lib/thumb/v7e-m+fp/hard\libc_nano.a(lib_a-sbrkr.o)
                0x0000000008010bf0                _sbrk_r
 .text.__malloc_lock
                0x0000000008010c10        0xc c:/program files/st/stm32cubeide/stm32cubeide/plugins/com.st.stm32cube.ide.mcu.externaltools.gnu-tools-for-stm32.9-2020-q2-update.win32_2.0.0.202105311346/tools/bin/../lib/gcc/arm-none-eabi/9.3.1/../../../../arm-none-eabi/lib/thumb/v7e-m+fp/hard\libc_nano.a(lib_a-mlock.o)
                0x0000000008010c10                __malloc_lock
 .text.__malloc_unlock
                0x0000000008010c1c        0xc c:/program files/st/stm32cubeide/stm32cubeide/plugins/com.st.stm32cube.ide.mcu.externaltools.gnu-tools-for-stm32.9-2020-q2-update.win32_2.0.0.202105311346/tools/bin/../lib/gcc/arm-none-eabi/9.3.1/../../../../arm-none-eabi/lib/thumb/v7e-m+fp/hard\libc_nano.a(lib_a-mlock.o)
                0x0000000008010c1c                __malloc_unlock
 .text.__retarget_lock_acquire_recursive
                0x0000000008010c28        0x2 c:/program files/st/stm32cubeide/stm32cubeide/plugins/com.st.stm32cube.ide.mcu.externaltools.gnu-tools-for-stm32.9-2020-q2-update.win32_2.0.0.202105311346/tools/bin/../lib/gcc/arm-none-eabi/9.3.1/../../../../arm-none-eabi/lib/thumb/v7e-m+fp/hard\libc_nano.a(lib_a-lock.o)
                0x0000000008010c28                __retarget_lock_acquire_recursive
 .text.__retarget_lock_release_recursive
                0x0000000008010c2a        0x2 c:/program files/st/stm32cubeide/stm32cubeide/plugins/com.st.stm32cube.ide.mcu.externaltools.gnu-tools-for-stm32.9-2020-q2-update.win32_2.0.0.202105311346/tools/bin/../lib/gcc/arm-none-eabi/9.3.1/../../../../arm-none-eabi/lib/thumb/v7e-m+fp/hard\libc_nano.a(lib_a-lock.o)
                0x0000000008010c2a                __retarget_lock_release_recursive
 *(.glue_7)
 .glue_7        0x0000000008010c2c        0x0 linker stubs
 *(.glue_7t)
 .glue_7t       0x0000000008010c2c        0x0 linker stubs
 *(.eh_frame)
 .eh_frame      0x0000000008010c2c        0x0 c:/program files/st/stm32cubeide/stm32cubeide/plugins/com.st.stm32cube.ide.mcu.externaltools.gnu-tools-for-stm32.9-2020-q2-update.win32_2.0.0.202105311346/tools/bin/../lib/gcc/arm-none-eabi/9.3.1/thumb/v7e-m+fp/hard/crtbegin.o
 *(.init)
 .init          0x0000000008010c2c        0x4 c:/program files/st/stm32cubeide/stm32cubeide/plugins/com.st.stm32cube.ide.mcu.externaltools.gnu-tools-for-stm32.9-2020-q2-update.win32_2.0.0.202105311346/tools/bin/../lib/gcc/arm-none-eabi/9.3.1/thumb/v7e-m+fp/hard/crti.o
                0x0000000008010c2c                _init
 .init          0x0000000008010c30        0x8 c:/program files/st/stm32cubeide/stm32cubeide/plugins/com.st.stm32cube.ide.mcu.externaltools.gnu-tools-for-stm32.9-2020-q2-update.win32_2.0.0.202105311346/tools/bin/../lib/gcc/arm-none-eabi/9.3.1/thumb/v7e-m+fp/hard/crtn.o
 *(.fini)
 .fini          0x0000000008010c38        0x4 c:/program files/st/stm32cubeide/stm32cubeide/plugins/com.st.stm32cube.ide.mcu.externaltools.gnu-tools-for-stm32.9-2020-q2-update.win32_2.0.0.202105311346/tools/bin/../lib/gcc/arm-none-eabi/9.3.1/thumb/v7e-m+fp/hard/crti.o
                0x0000000008010c38                _fini
 .fini          0x0000000008010c3c        0x8 c:/program files/st/stm32cubeide/stm32cubeide/plugins/com.st.stm32cube.ide.mcu.externaltools.gnu-tools-for-stm32.9-2020-q2-update.win32_2.0.0.202105311346/tools/bin/../lib/gcc/arm-none-eabi/9.3.1/thumb/v7e-m+fp/hard/crtn.o
                0x0000000008010c44                . = ALIGN (0x4)
                0x0000000008010c44                _etext = .

.vfp11_veneer   0x0000000008010c44        0x0
 .vfp11_veneer  0x0000000008010c44        0x0 linker stubs

.v4_bx          0x0000000008010c44        0x0
 .v4_bx         0x0000000008010c44        0x0 linker stubs

.iplt           0x0000000008010c44        0x0
 .iplt          0x0000000008010c44        0x0 c:/program files/st/stm32cubeide/stm32cubeide/plugins/com.st.stm32cube.ide.mcu.externaltools.gnu-tools-for-stm32.9-2020-q2-update.win32_2.0.0.202105311346/tools/bin/../lib/gcc/arm-none-eabi/9.3.1/thumb/v7e-m+fp/hard/crtbegin.o

.rodata         0x0000000008010c44       0x68
                0x0000000008010c44                . = ALIGN (0x4)
 *(.rodata)
 .rodata        0x0000000008010c44       0x46 ./USB_DEVICE/App/usbd_desc.o
 *(.rodata*)
 *fill*         0x0000000008010c8a        0x2 
 .rodata.AHBPrescTable
                0x0000000008010c8c       0x10 ./Core/Src/system_stm32f4xx.o
                0x0000000008010c8c                AHBPrescTable
 .rodata.APBPrescTable
                0x0000000008010c9c        0x8 ./Core/Src/system_stm32f4xx.o
                0x0000000008010c9c                APBPrescTable
 .rodata.flagBitshiftOffset.9502
                0x0000000008010ca4        0x8 ./Drivers/STM32F4xx_HAL_Driver/Src/stm32f4xx_hal_dma.o
                0x0000000008010cac                . = ALIGN (0x4)

.ARM.extab      0x0000000008010cac        0x0
                0x0000000008010cac                . = ALIGN (0x4)
 *(.ARM.extab* .gnu.linkonce.armextab.*)
                0x0000000008010cac                . = ALIGN (0x4)

.ARM            0x0000000008010cac        0x8
                0x0000000008010cac                . = ALIGN (0x4)
                0x0000000008010cac                __exidx_start = .
 *(.ARM.exidx*)
 .ARM.exidx     0x0000000008010cac        0x8 c:/program files/st/stm32cubeide/stm32cubeide/plugins/com.st.stm32cube.ide.mcu.externaltools.gnu-tools-for-stm32.9-2020-q2-update.win32_2.0.0.202105311346/tools/bin/../lib/gcc/arm-none-eabi/9.3.1/thumb/v7e-m+fp/hard\libgcc.a(_udivmoddi4.o)
                0x0000000008010cb4                __exidx_end = .
                0x0000000008010cb4                . = ALIGN (0x4)

.rel.dyn        0x0000000008010cb4        0x0
 .rel.iplt      0x0000000008010cb4        0x0 c:/program files/st/stm32cubeide/stm32cubeide/plugins/com.st.stm32cube.ide.mcu.externaltools.gnu-tools-for-stm32.9-2020-q2-update.win32_2.0.0.202105311346/tools/bin/../lib/gcc/arm-none-eabi/9.3.1/thumb/v7e-m+fp/hard/crtbegin.o

.preinit_array  0x0000000008010cb4        0x0
                0x0000000008010cb4                . = ALIGN (0x4)
                0x0000000008010cb4                PROVIDE (__preinit_array_start = .)
 *(.preinit_array*)
                0x0000000008010cb4                PROVIDE (__preinit_array_end = .)
                0x0000000008010cb4                . = ALIGN (0x4)

.init_array     0x0000000008010cb4        0x4
                0x0000000008010cb4                . = ALIGN (0x4)
                0x0000000008010cb4                PROVIDE (__init_array_start = .)
 *(SORT_BY_NAME(.init_array.*))
 *(.init_array*)
 .init_array    0x0000000008010cb4        0x4 c:/program files/st/stm32cubeide/stm32cubeide/plugins/com.st.stm32cube.ide.mcu.externaltools.gnu-tools-for-stm32.9-2020-q2-update.win32_2.0.0.202105311346/tools/bin/../lib/gcc/arm-none-eabi/9.3.1/thumb/v7e-m+fp/hard/crtbegin.o
                0x0000000008010cb8                PROVIDE (__init_array_end = .)
                0x0000000008010cb8                . = ALIGN (0x4)

.fini_array     0x0000000008010cb8        0x4
                0x0000000008010cb8                . = ALIGN (0x4)
                [!provide]                        PROVIDE (__fini_array_start = .)
 *(SORT_BY_NAME(.fini_array.*))
 *(.fini_array*)
 .fini_array    0x0000000008010cb8        0x4 c:/program files/st/stm32cubeide/stm32cubeide/plugins/com.st.stm32cube.ide.mcu.externaltools.gnu-tools-for-stm32.9-2020-q2-update.win32_2.0.0.202105311346/tools/bin/../lib/gcc/arm-none-eabi/9.3.1/thumb/v7e-m+fp/hard/crtbegin.o
                [!provide]                        PROVIDE (__fini_array_end = .)
                0x0000000008010cbc                . = ALIGN (0x4)
                0x0000000008010cbc                _sidata = LOADADDR (.data)

.data           0x0000000020000000      0x1f4 load address 0x0000000008010cbc
                0x0000000020000000                . = ALIGN (0x4)
                0x0000000020000000                _sdata = .
 *(.data)
 *(.data*)
 .data.SystemCoreClock
                0x0000000020000000        0x4 ./Core/Src/system_stm32f4xx.o
                0x0000000020000000                SystemCoreClock
 .data.uwTickPrio
                0x0000000020000004        0x4 ./Drivers/STM32F4xx_HAL_Driver/Src/stm32f4xx_hal.o
                0x0000000020000004                uwTickPrio
 .data.uwTickFreq
                0x0000000020000008        0x1 ./Drivers/STM32F4xx_HAL_Driver/Src/stm32f4xx_hal.o
                0x0000000020000008                uwTickFreq
 *fill*         0x0000000020000009        0x3 
 .data.USBD_CDC_DeviceQualifierDesc
                0x000000002000000c        0xa ./Middlewares/ST/STM32_USB_Device_Library/Class/CDC/Src/usbd_cdc.o
 *fill*         0x0000000020000016        0x2 
 .data.USBD_CDC
                0x0000000020000018       0x38 ./Middlewares/ST/STM32_USB_Device_Library/Class/CDC/Src/usbd_cdc.o
                0x0000000020000018                USBD_CDC
 .data.USBD_CDC_CfgHSDesc
                0x0000000020000050       0x43 ./Middlewares/ST/STM32_USB_Device_Library/Class/CDC/Src/usbd_cdc.o
 *fill*         0x0000000020000093        0x1 
 .data.USBD_CDC_CfgFSDesc
                0x0000000020000094       0x43 ./Middlewares/ST/STM32_USB_Device_Library/Class/CDC/Src/usbd_cdc.o
 *fill*         0x00000000200000d7        0x1 
 .data.USBD_CDC_OtherSpeedCfgDesc
                0x00000000200000d8       0x43 ./Middlewares/ST/STM32_USB_Device_Library/Class/CDC/Src/usbd_cdc.o
 *fill*         0x000000002000011b        0x1 
 .data.USBD_Interface_fops_FS
                0x000000002000011c       0x14 ./USB_DEVICE/App/usbd_cdc_if.o
                0x000000002000011c                USBD_Interface_fops_FS
 .data.FS_Desc  0x0000000020000130       0x20 ./USB_DEVICE/App/usbd_desc.o
                0x0000000020000130                FS_Desc
 .data.USBD_FS_DeviceDesc
                0x0000000020000150       0x12 ./USB_DEVICE/App/usbd_desc.o
                0x0000000020000150                USBD_FS_DeviceDesc
 *fill*         0x0000000020000162        0x2 
 .data.USBD_FS_BOSDesc
                0x0000000020000164        0xc ./USB_DEVICE/App/usbd_desc.o
                0x0000000020000164                USBD_FS_BOSDesc
 .data.USBD_LangIDDesc
                0x0000000020000170        0x4 ./USB_DEVICE/App/usbd_desc.o
                0x0000000020000170                USBD_LangIDDesc
 .data.USBD_StringSerial
                0x0000000020000174       0x1a ./USB_DEVICE/App/usbd_desc.o
                0x0000000020000174                USBD_StringSerial
 *fill*         0x000000002000018e        0x2 
 .data._impure_ptr
                0x0000000020000190        0x4 c:/program files/st/stm32cubeide/stm32cubeide/plugins/com.st.stm32cube.ide.mcu.externaltools.gnu-tools-for-stm32.9-2020-q2-update.win32_2.0.0.202105311346/tools/bin/../lib/gcc/arm-none-eabi/9.3.1/../../../../arm-none-eabi/lib/thumb/v7e-m+fp/hard\libc_nano.a(lib_a-impure.o)
                0x0000000020000190                _impure_ptr
 .data.impure_data
                0x0000000020000194       0x60 c:/program files/st/stm32cubeide/stm32cubeide/plugins/com.st.stm32cube.ide.mcu.externaltools.gnu-tools-for-stm32.9-2020-q2-update.win32_2.0.0.202105311346/tools/bin/../lib/gcc/arm-none-eabi/9.3.1/../../../../arm-none-eabi/lib/thumb/v7e-m+fp/hard\libc_nano.a(lib_a-impure.o)
 *(.RamFunc)
 *(.RamFunc*)
                0x00000000200001f4                . = ALIGN (0x4)
                0x00000000200001f4                _edata = .

.igot.plt       0x00000000200001f4        0x0 load address 0x0000000008010eb0
 .igot.plt      0x00000000200001f4        0x0 c:/program files/st/stm32cubeide/stm32cubeide/plugins/com.st.stm32cube.ide.mcu.externaltools.gnu-tools-for-stm32.9-2020-q2-update.win32_2.0.0.202105311346/tools/bin/../lib/gcc/arm-none-eabi/9.3.1/thumb/v7e-m+fp/hard/crtbegin.o
                0x00000000200001f4                . = ALIGN (0x4)

.bss            0x00000000200001f4     0x2a10 load address 0x0000000008010eb0
                0x00000000200001f4                _sbss = .
                0x00000000200001f4                __bss_start__ = _sbss
 *(.bss)
 .bss           0x00000000200001f4       0x1c c:/program files/st/stm32cubeide/stm32cubeide/plugins/com.st.stm32cube.ide.mcu.externaltools.gnu-tools-for-stm32.9-2020-q2-update.win32_2.0.0.202105311346/tools/bin/../lib/gcc/arm-none-eabi/9.3.1/thumb/v7e-m+fp/hard/crtbegin.o
 *(.bss*)
 .bss.__sbrk_heap_end
                0x0000000020000210        0x4 ./Core/Src/sysmem.o
 .bss.cfgidx.11445
                0x0000000020000214        0x1 ./Middlewares/ST/STM32_USB_Device_Library/Core/Src/usbd_ctlreq.o
 *fill*         0x0000000020000215        0x3 
 .bss.mem.11521
                0x0000000020000218      0x220 ./USB_DEVICE/Target/usbd_conf.o
 .bss.__malloc_free_list
                0x0000000020000438        0x4 c:/program files/st/stm32cubeide/stm32cubeide/plugins/com.st.stm32cube.ide.mcu.externaltools.gnu-tools-for-stm32.9-2020-q2-update.win32_2.0.0.202105311346/tools/bin/../lib/gcc/arm-none-eabi/9.3.1/../../../../arm-none-eabi/lib/thumb/v7e-m+fp/hard\libc_nano.a(lib_a-nano-mallocr.o)
                0x0000000020000438                __malloc_free_list
 .bss.__malloc_sbrk_start
                0x000000002000043c        0x4 c:/program files/st/stm32cubeide/stm32cubeide/plugins/com.st.stm32cube.ide.mcu.externaltools.gnu-tools-for-stm32.9-2020-q2-update.win32_2.0.0.202105311346/tools/bin/../lib/gcc/arm-none-eabi/9.3.1/../../../../arm-none-eabi/lib/thumb/v7e-m+fp/hard\libc_nano.a(lib_a-nano-mallocr.o)
                0x000000002000043c                __malloc_sbrk_start
 *(COMMON)
 COMMON         0x0000000020000440      0xed6 ./Core/Src/main.o
                0x0000000020000440                USB_VCP_Parameters
                0x0000000020000448                pTxMailbox
                0x000000002000044c                htim8
                0x0000000020000494                Driver_Overcurrent_Flag
                0x0000000020000498                hadc2
                0x00000000200004e0                hdma_i2c1_tx
                0x0000000020000540                hi2c1
                0x0000000020000594                hcrc
                0x000000002000059c                Accumulator_Output_Check
                0x00000000200005a0                Driver_Safety_Flag
                0x00000000200005a4                PWM_Pins
                0x0000000020000e44                htim3
                0x0000000020000e8c                Data_Conversion
                0x0000000020000e90                Accumulator_Msg_25Hz
                0x0000000020000e94                CAN_Tx_Message