../Core/Src/main.c:107:5:main	8	static
../Core/Src/main.c:197:6:SystemClock_Config	88	static
../Core/Src/main.c:251:13:MX_ADC1_Init	24	static
../Core/Src/main.c:339:13:MX_ADC2_Init	24	static
../Core/Src/main.c:427:13:MX_CAN1_Init	8	static
../Core/Src/main.c:464:13:MX_CRC_Init	8	static
../Core/Src/main.c:490:13:MX_I2C1_Init	8	static
../Core/Src/main.c:524:13:MX_TIM1_Init	96	static
../Core/Src/main.c:598:13:MX_TIM2_Init	64	static
../Core/Src/main.c:657:13:MX_TIM3_Init	64	static
../Core/Src/main.c:716:13:MX_TIM6_Init	16	static
../Core/Src/main.c:754:13:MX_TIM7_Init	16	static
../Core/Src/main.c:792:13:MX_TIM8_Init	96	static
../Core/Src/main.c:865:13:MX_DMA_Init	16	static
../Core/Src/main.c:899:13:MX_GPIO_Init	64	static
../Core/Src/main.c:1000:6:StartSetupTask	24	static
../Core/Src/main.c:1025:6:HAL_TIM_PeriodElapsedCallback	16	static
../Core/Src/main.c:1044:6:Error_Handler	4	static,ignoring_inline_asm
