../Core/Src/main.c:97:5:main	8	static
../Core/Src/main.c:194:6:SystemClock_Config	88	static
../Core/Src/main.c:248:13:MX_ADC1_Init	24	static
../Core/Src/main.c:336:13:MX_ADC2_Init	24	static
../Core/Src/main.c:424:13:MX_CAN1_Init	8	static
../Core/Src/main.c:461:13:MX_CRC_Init	8	static
../Core/Src/main.c:487:13:MX_I2C1_Init	8	static
../Core/Src/main.c:521:13:MX_TIM1_Init	96	static
../Core/Src/main.c:595:13:MX_TIM2_Init	64	static
../Core/Src/main.c:654:13:MX_TIM3_Init	64	static
../Core/Src/main.c:713:13:MX_TIM6_Init	16	static
../Core/Src/main.c:751:13:MX_TIM7_Init	16	static
../Core/Src/main.c:789:13:MX_TIM8_Init	96	static
../Core/Src/main.c:862:13:MX_DMA_Init	16	static
../Core/Src/main.c:896:13:MX_GPIO_Init	64	static
../Core/Src/main.c:994:6:Error_Handler	4	static,ignoring_inline_asm
