../Core/Src/stm32f4xx_it.c:74:6:NMI_Handler	4	static
../Core/Src/stm32f4xx_it.c:89:6:HardFault_Handler	4	static
../Core/Src/stm32f4xx_it.c:104:6:MemManage_Handler	4	static
../Core/Src/stm32f4xx_it.c:119:6:BusFault_Handler	4	static
../Core/Src/stm32f4xx_it.c:134:6:UsageFault_Handler	4	static
../Core/Src/stm32f4xx_it.c:149:6:SVC_Handler	4	static
../Core/Src/stm32f4xx_it.c:162:6:DebugMon_Handler	4	static
../Core/Src/stm32f4xx_it.c:175:6:PendSV_Handler	4	static
../Core/Src/stm32f4xx_it.c:188:6:SysTick_Handler	8	static
../Core/Src/stm32f4xx_it.c:209:6:EXTI0_IRQHandler	8	static
../Core/Src/stm32f4xx_it.c:223:6:EXTI1_IRQHandler	8	static
../Core/Src/stm32f4xx_it.c:237:6:EXTI2_IRQHandler	8	static
../Core/Src/stm32f4xx_it.c:251:6:EXTI3_IRQHandler	8	static
../Core/Src/stm32f4xx_it.c:265:6:EXTI4_IRQHandler	8	static
../Core/Src/stm32f4xx_it.c:279:6:CAN1_RX0_IRQHandler	8	static
../Core/Src/stm32f4xx_it.c:293:6:TIM6_DAC_IRQHandler	8	static
../Core/Src/stm32f4xx_it.c:307:6:TIM7_IRQHandler	8	static
../Core/Src/stm32f4xx_it.c:321:6:DMA2_Stream0_IRQHandler	8	static
../Core/Src/stm32f4xx_it.c:335:6:DMA2_Stream2_IRQHandler	8	static
../Core/Src/stm32f4xx_it.c:349:6:OTG_FS_IRQHandler	8	static
